#
# A fatal error has been detected by the Java Runtime Environment:
#
#  SIGSEGV (0xb) at pc=0x00007f69c04c49b2, pid=56360, tid=0x00007f69b01726c0
#
# JRE version: OpenJDK Runtime Environment (8.0_504-b01) (build 1.8.0_504-b01)
# Java VM: OpenJDK 64-Bit Server VM (25.504-b01 mixed mode linux-amd64 compressed oops)
# Problematic frame:
# C  [libX11.so.6+0x1a9b2]  XInternAtom+0x42
#
# Core dump written. Default location: /home/fam/NetBeansProjects/ChromisKitchenScreen-master/core or core.56360
#
# If you would like to submit a bug report, please visit:
#   https://bell-sw.com/support
# The crash happened outside the Java Virtual Machine in native code.
# See problematic frame for where to report the bug.
#

---------------  T H R E A D  ---------------

Current thread (0x00007f69d861b800):  JavaThread "GtkNativeMainLoopThread" [_thread_in_native, id=56389, stack(0x00007f69b0073000,0x00007f69b0173000)]

siginfo: si_signo: 11 (SIGSEGV), si_code: 1 (SEGV_MAPERR), si_addr: 0x0000000000000065

Registers:
RAX=0x0000000000000065, RBX=0x00007f69d8431ed0, RCX=0x0000000000000001, RDX=0x0000000000000001
RSP=0x00007f69b0170fc0, RBP=0x00007f69b0171020, RSI=0x00007f69b0c54234, RDI=0x00007f69d8431ed0
R8 =0x0000000000000000, R9 =0x0000000000000001, R10=0x0000000000000000, R11=0x00007f69c04c4970
R12=0x00007f69b0c54234, R13=0x00007f69d8431ed0, R14=0x00007f69d8431ed0, R15=0x00007f69d8431ed0
RIP=0x00007f69c04c49b2, EFLAGS=0x0000000000010206, CSGSFS=0x002b000000000033, ERR=0x0000000000000004
  TRAPNO=0x000000000000000e

Top of Stack: (sp=0x00007f69b0170fc0)
0x00007f69b0170fc0:   0000000000000000 0000000700000001
0x00007f69b0170fd0:   00007f69d861b800 0000000000000001
0x00007f69b0170fe0:   00000007c0098d38 00007f69d8431ed0
0x00007f69b0170ff0:   00007f69d8431d00 00007f69e0657caf
0x00007f69b0171000:   00007f69b0171020 a96cb7f0a2574100
0x00007f69b0171010:   00007f69d861ba60 0000000000000500
0x00007f69b0171020:   00007f69b01710f0 00007f69b0c36b4d
0x00007f69b0171030:   00000000000003d8 0000000000000000
0x00007f69b0171040:   0000000000000000 00007f69d861b800
0x00007f69b0171050:   00007f69d861ba60 0000000000000400
0x00007f69b0171060:   00000007c00a2eb0 00007f69d861b800
0x00007f69b0171070:   00007f69b01710f0 00007f69e071753a
0x00007f69b0171080:   0000000000000000 0000000000000000
0x00007f69b0171090:   0000000000000000 000000076dfc4a88
0x00007f69b01710a0:   00007f69d861b800 00007f69d861b800
0x00007f69b01710b0:   00007f69d861ba60 0000000000000001
0x00007f69b01710c0:   00007f6944000f00 00007f69d861ba60
0x00007f69b01710d0:   0000000000000000 0000000000000001
0x00007f69b01710e0:   00007f6944000f00 00007f69d8431ed0
0x00007f69b01710f0:   00007f69b0171130 00007f69b0c37036
0x00007f69b0171100:   00007f69dd6f6618 00007f69dd6f6618
0x00007f69b0171110:   0000000000000000 00007f69dd6f6618
0x00007f69b0171120:   00007f69b01711c0 00007f69d861b800
0x00007f69b0171130:   00007f69b0171140 00007f69b0c2add9
0x00007f69b0171140:   00007f69b01711a0 00007f69c9018427
0x00007f69b0171150:   0000000600000001 00007f69c9018142
0x00007f69b0171160:   00007f69b0171160 00007f69dd6f6618
0x00007f69b0171170:   00007f69b01711c0 00007f69dd7143e8
0x00007f69b0171180:   0000000000000000 00007f69dd6f6618
0x00007f69b0171190:   0000000000000000 00007f69b01711c0
0x00007f69b01711a0:   00007f69b0171208 00007f69c9007d80
0x00007f69b01711b0:   0000000000000000 00007f69c9011a5b 

Instructions: (pc=0x00007f69c04c49b2)
0x00007f69c04c4992:   48 89 5d e8 48 89 fb 48 0f 45 c6 49 89 c4 48 8b
0x00007f69c04c49a2:   87 68 09 00 00 48 85 c0 74 0b 89 55 a8 48 89 df
0x00007f69c04c49b2:   ff 10 8b 55 a8 48 8d 4d b8 4c 8d 4d b0 4c 89 e6
0x00007f69c04c49c2:   48 89 df 4c 8d 45 b4 e8 e2 fc ff ff 48 89 c2 48 

Register to memory mapping:

RAX=0x0000000000000065 is an unknown value
RBX=0x00007f69d8431ed0 is an unknown value
RCX=0x0000000000000001 is an unknown value
RDX=0x0000000000000001 is an unknown value
RSP=0x00007f69b0170fc0 is pointing into the stack for thread: 0x00007f69d861b800
RBP=0x00007f69b0171020 is pointing into the stack for thread: 0x00007f69d861b800
RSI=0x00007f69b0c54234: <offset 0x54234> in /usr/lib/jvm/bellsoft-java8-full.x86_64/jre/lib/amd64/libglassgtk3.so at 0x00007f69b0c00000
RDI=0x00007f69d8431ed0 is an unknown value
R8 =0x0000000000000000 is an unknown value
R9 =0x0000000000000001 is an unknown value
R10=0x0000000000000000 is an unknown value
R11=0x00007f69c04c4970: XInternAtom+0 in /lib64/libX11.so.6 at 0x00007f69c04aa000
R12=0x00007f69b0c54234: <offset 0x54234> in /usr/lib/jvm/bellsoft-java8-full.x86_64/jre/lib/amd64/libglassgtk3.so at 0x00007f69b0c00000
R13=0x00007f69d8431ed0 is an unknown value
R14=0x00007f69d8431ed0 is an unknown value
R15=0x00007f69d8431ed0 is an unknown value


Stack: [0x00007f69b0073000,0x00007f69b0173000],  sp=0x00007f69b0170fc0,  free space=1015k
Native frames: (J=compiled Java code, j=interpreted, Vv=VM code, C=native code)
C  [libX11.so.6+0x1a9b2]  XInternAtom+0x42
C  [libglassgtk3.so+0x36b4d]  createJavaScreen(JNIEnv_*, _GdkScreen*, int)+0x5d
C  [libglassgtk3.so+0x37036]  rebuild_screens(JNIEnv_*)+0x76
C  [libglassgtk3.so+0x2add9]  Java_com_sun_glass_ui_gtk_GtkApplication_staticScreen_1getScreens+0x9
j  com.sun.glass.ui.gtk.GtkApplication.staticScreen_getScreens()[Lcom/sun/glass/ui/Screen;+0
j  com.sun.glass.ui.Screen.initScreens()V+6
j  com.sun.glass.ui.Application.lambda$run$1(Ljava/lang/Runnable;)V+0
j  com.sun.glass.ui.Application$$Lambda$41.run()V+4
v  ~StubRoutines::call_stub
V  [libjvm.so+0x6a2fb2]  JavaCalls::call_helper(JavaValue*, methodHandle*, JavaCallArguments*, Thread*)+0xe32
V  [libjvm.so+0x7206bc]  jni_invoke_nonstatic(JNIEnv_*, JavaValue*, _jobject*, JNICallType, _jmethodID*, JNI_ArgumentPusher*, Thread*) [clone .constprop.117]+0x29c
V  [libjvm.so+0x72302c]  jni_CallVoidMethodV+0xec
C  [libglassgtk3.so+0x28561]  JNIEnv_::CallVoidMethod(_jobject*, _jmethodID*, ...)+0x81
C  [libglassgtk3.so+0x2acd1]  Java_com_sun_glass_ui_gtk_GtkApplication__1runLoop+0x21
j  com.sun.glass.ui.gtk.GtkApplication._runLoop(Ljava/lang/Runnable;Z)V+0
j  com.sun.glass.ui.gtk.GtkApplication.lambda$null$10(Ljava/lang/Runnable;Z)V+7
j  com.sun.glass.ui.gtk.GtkApplication$$Lambda$45.run()V+12
j  java.lang.Thread.run()V+11
v  ~StubRoutines::call_stub
V  [libjvm.so+0x6a2fb2]  JavaCalls::call_helper(JavaValue*, methodHandle*, JavaCallArguments*, Thread*)+0xe32
V  [libjvm.so+0x6a05c3]  JavaCalls::call_virtual(JavaValue*, KlassHandle, Symbol*, Symbol*, JavaCallArguments*, Thread*)+0x263
V  [libjvm.so+0x6a0bc7]  JavaCalls::call_virtual(JavaValue*, Handle, KlassHandle, Symbol*, Symbol*, Thread*)+0x57
V  [libjvm.so+0x74431c]  thread_entry(JavaThread*, Thread*)+0x6c
V  [libjvm.so+0xadf413]  JavaThread::thread_main_inner()+0x1f3
V  [libjvm.so+0xae077c]  JavaThread::run()+0x2dc
V  [libjvm.so+0x96c122]  java_start(Thread*)+0x102
C  [libc.so.6+0x72c19]  start_thread+0x399
C  [libc.so.6+0xf65cc]  __clone3+0x2c

Java frames: (J=compiled Java code, j=interpreted, Vv=VM code)
j  com.sun.glass.ui.gtk.GtkApplication.staticScreen_getScreens()[Lcom/sun/glass/ui/Screen;+0
j  com.sun.glass.ui.Screen.initScreens()V+6
j  com.sun.glass.ui.Application.lambda$run$1(Ljava/lang/Runnable;)V+0
j  com.sun.glass.ui.Application$$Lambda$41.run()V+4
v  ~StubRoutines::call_stub
j  com.sun.glass.ui.gtk.GtkApplication._runLoop(Ljava/lang/Runnable;Z)V+0
j  com.sun.glass.ui.gtk.GtkApplication.lambda$null$10(Ljava/lang/Runnable;Z)V+7
j  com.sun.glass.ui.gtk.GtkApplication$$Lambda$45.run()V+12
j  java.lang.Thread.run()V+11
v  ~StubRoutines::call_stub

---------------  P R O C E S S  ---------------

Java Threads: ( => current thread )
=>0x00007f69d861b800 JavaThread "GtkNativeMainLoopThread" [_thread_in_native, id=56389, stack(0x00007f69b0073000,0x00007f69b0173000)]
  0x00007f69d8627800 JavaThread "Thread-1" daemon [_thread_blocked, id=56388, stack(0x00007f69b0173000,0x00007f69b0273000)]
  0x00007f69d8217800 JavaThread "QuantumRenderer-0" daemon [_thread_blocked, id=56378, stack(0x00007f69c0900000,0x00007f69c0a00000)]
  0x00007f69d80d0000 JavaThread "Service Thread" daemon [_thread_blocked, id=56376, stack(0x00007f69c0d1d000,0x00007f69c0e1d000)]
  0x00007f69d80c3000 JavaThread "C1 CompilerThread2" daemon [_thread_blocked, id=56375, stack(0x00007f69c0e1e000,0x00007f69c0f1e000)]
  0x00007f69d80c1000 JavaThread "C2 CompilerThread1" daemon [_thread_blocked, id=56374, stack(0x00007f69c0f1f000,0x00007f69c101f000)]
  0x00007f69d80be800 JavaThread "C2 CompilerThread0" daemon [_thread_blocked, id=56373, stack(0x00007f69c1020000,0x00007f69c1120000)]
  0x00007f69d80bb800 JavaThread "Signal Dispatcher" daemon [_thread_blocked, id=56372, stack(0x00007f69c1120000,0x00007f69c1220000)]
  0x00007f69d8088800 JavaThread "Finalizer" daemon [_thread_blocked, id=56371, stack(0x00007f69c1220000,0x00007f69c1320000)]
  0x00007f69d8084000 JavaThread "Reference Handler" daemon [_thread_blocked, id=56370, stack(0x00007f69c1320000,0x00007f69c1420000)]
  0x00007f69d800a800 JavaThread "main" [_thread_blocked, id=56364, stack(0x00007f69e1107000,0x00007f69e1207000)]

Other Threads:
  0x00007f69d807a000 VMThread [stack: 0x00007f69dc01f000,0x00007f69dc11f000] [id=56369]
  0x00007f69d80d2800 WatcherThread [stack: 0x00007f69c0c1d000,0x00007f69c0d1d000] [id=56377]

VM state:not at safepoint (normal execution)

VM Mutex/Monitor currently owned by a thread: None

heap address: 0x00000006c8400000, size: 3964 MB, Compressed Oops mode: Zero based, Oop shift amount: 3
Narrow klass base: 0x0000000000000000, Narrow klass shift: 3
Compressed class space size: 1073741824 Address: 0x00000007c0000000

Heap:
 PSYoungGen      total 74240K, used 10249K [0x000000076d700000, 0x0000000772980000, 0x00000007c0000000)
  eden space 64000K, 16% used [0x000000076d700000,0x000000076e1024f0,0x0000000771580000)
  from space 10240K, 0% used [0x0000000771f80000,0x0000000771f80000,0x0000000772980000)
  to   space 10240K, 0% used [0x0000000771580000,0x0000000771580000,0x0000000771f80000)
 ParOldGen       total 169472K, used 0K [0x00000006c8400000, 0x00000006d2980000, 0x000000076d700000)
  object space 169472K, 0% used [0x00000006c8400000,0x00000006c8400000,0x00000006d2980000)
 Metaspace       used 5658K, capacity 6034K, committed 6144K, reserved 1056768K
  class space    used 624K, capacity 726K, committed 768K, reserved 1048576K

Card table byte_map: [0x00007f69de881000,0x00007f69df040000] byte_map_base: 0x00007f69db23f000

Marking Bits: (ParMarkBitMap*) 0x00007f69e1039760
 Begin Bits: [0x00007f69c1420000, 0x00007f69c5210000)
 End Bits:   [0x00007f69c5210000, 0x00007f69c9000000)

Polling page: 0x00007f69e17fe000

CodeCache: size=245760Kb used=1969Kb max_used=1969Kb free=243790Kb
 bounds [0x00007f69c9000000, 0x00007f69c9270000, 0x00007f69d8000000]
 total_blobs=769 nmethods=426 adapters=257
 compilation: enabled

Compilation events (10 events):
Event: 0.433 Thread 0x00007f69d80c3000 nmethod 420 0x00007f69c91e6b50 code [0x00007f69c91e6d20, 0x00007f69c91e7208]
Event: 0.433 Thread 0x00007f69d80c3000  421       3       jdk.internal.org.objectweb.asm.MethodVisitor::<init> (35 bytes)
Event: 0.433 Thread 0x00007f69d80c3000 nmethod 421 0x00007f69c91e9890 code [0x00007f69c91e9a20, 0x00007f69c91e9d28]
Event: 0.433 Thread 0x00007f69d80c3000  425       3       java.lang.invoke.LambdaForm::parameterType (9 bytes)
Event: 0.433 Thread 0x00007f69d80c3000 nmethod 425 0x00007f69c91e9e50 code [0x00007f69c91e9fc0, 0x00007f69c91ea168]
Event: 0.433 Thread 0x00007f69d80c3000  426       3       java.lang.invoke.MemberName::getInvocationType (56 bytes)
Event: 0.434 Thread 0x00007f69d80c3000 nmethod 426 0x00007f69c91ea250 code [0x00007f69c91ea440, 0x00007f69c91eb028]
Event: 0.434 Thread 0x00007f69d80c3000  422       3       java.lang.invoke.MemberName$Factory::resolveOrFail (52 bytes)
Event: 0.434 Thread 0x00007f69d80c3000 nmethod 422 0x00007f69c91eb350 code [0x00007f69c91eb520, 0x00007f69c91ebe18]
Event: 0.434 Thread 0x00007f69d80c3000  423   !   3       java.lang.invoke.MemberName$Factory::resolve (145 bytes)

GC Heap History (0 events):
No events

Deoptimization events (2 events):
Event: 0.079 Thread 0x00007f69d800a800 Uncommon trap: reason=loop_limit_check action=maybe_recompile pc=0x00007f69c9114e70 method=java.lang.String.equals(Ljava/lang/Object;)Z @ 56
Event: 0.296 Thread 0x00007f69d800a800 Uncommon trap: reason=unstable_if action=reinterpret pc=0x00007f69c91a6dd0 method=java.lang.String.replace(CC)Ljava/lang/String; @ 2

Classes redefined (0 events):
No events

Internal exceptions (10 events):
Event: 0.309 Thread 0x00007f69d800a800 Exception <a 'java/security/PrivilegedActionException'> (0x000000076debffa0) thrown at [/ws/workspace/8u504/jdk/CT/std/label/linux-x86_64/type/b8-26/b/hotspot/src/share/vm/prims/jvm.cpp, line 1514]
Event: 0.309 Thread 0x00007f69d800a800 Exception <a 'java/security/PrivilegedActionException'> (0x000000076dec0398) thrown at [/ws/workspace/8u504/jdk/CT/std/label/linux-x86_64/type/b8-26/b/hotspot/src/share/vm/prims/jvm.cpp, line 1514]
Event: 0.310 Thread 0x00007f69d800a800 Exception <a 'java/security/PrivilegedActionException'> (0x000000076dec12f0) thrown at [/ws/workspace/8u504/jdk/CT/std/label/linux-x86_64/type/b8-26/b/hotspot/src/share/vm/prims/jvm.cpp, line 1514]
Event: 0.310 Thread 0x00007f69d800a800 Exception <a 'java/security/PrivilegedActionException'> (0x000000076dec16e8) thrown at [/ws/workspace/8u504/jdk/CT/std/label/linux-x86_64/type/b8-26/b/hotspot/src/share/vm/prims/jvm.cpp, line 1514]
Event: 0.310 Thread 0x00007f69d800a800 Exception <a 'java/security/PrivilegedActionException'> (0x000000076dec2688) thrown at [/ws/workspace/8u504/jdk/CT/std/label/linux-x86_64/type/b8-26/b/hotspot/src/share/vm/prims/jvm.cpp, line 1514]
Event: 0.310 Thread 0x00007f69d800a800 Exception <a 'java/security/PrivilegedActionException'> (0x000000076dec2a80) thrown at [/ws/workspace/8u504/jdk/CT/std/label/linux-x86_64/type/b8-26/b/hotspot/src/share/vm/prims/jvm.cpp, line 1514]
Event: 0.310 Thread 0x00007f69d800a800 Exception <a 'java/security/PrivilegedActionException'> (0x000000076dec3a20) thrown at [/ws/workspace/8u504/jdk/CT/std/label/linux-x86_64/type/b8-26/b/hotspot/src/share/vm/prims/jvm.cpp, line 1514]
Event: 0.310 Thread 0x00007f69d800a800 Exception <a 'java/security/PrivilegedActionException'> (0x000000076dec3e18) thrown at [/ws/workspace/8u504/jdk/CT/std/label/linux-x86_64/type/b8-26/b/hotspot/src/share/vm/prims/jvm.cpp, line 1514]
Event: 0.315 Thread 0x00007f69d800a800 Exception <a 'java/security/PrivilegedActionException'> (0x000000076df37140) thrown at [/ws/workspace/8u504/jdk/CT/std/label/linux-x86_64/type/b8-26/b/hotspot/src/share/vm/prims/jvm.cpp, line 1514]
Event: 0.315 Thread 0x00007f69d800a800 Exception <a 'java/security/PrivilegedActionException'> (0x000000076df37538) thrown at [/ws/workspace/8u504/jdk/CT/std/label/linux-x86_64/type/b8-26/b/hotspot/src/share/vm/prims/jvm.cpp, line 1514]

Events (10 events):
Event: 0.429 loading class java/util/concurrent/BlockingDeque
Event: 0.429 loading class java/util/concurrent/BlockingDeque done
Event: 0.429 loading class java/util/concurrent/LinkedBlockingDeque
Event: 0.430 loading class java/util/concurrent/LinkedBlockingDeque done
Event: 0.430 Thread 0x00007f69d8627800 Thread added: 0x00007f69d8627800
Event: 0.431 loading class com/sun/glass/ui/gtk/GtkApplication
Event: 0.431 loading class com/sun/glass/ui/gtk/GtkApplication done
Event: 0.433 loading class com/sun/glass/ui/gtk/GtkApplication
Event: 0.433 loading class com/sun/glass/ui/gtk/GtkApplication done
Event: 0.434 Thread 0x00007f69d861b800 Thread added: 0x00007f69d861b800


Dynamic libraries:
6c8400000-6d2980000 rw-p 00000000 00:00 0 
6d2980000-76d700000 ---p 00000000 00:00 0 
76d700000-772980000 rw-p 00000000 00:00 0 
772980000-7c0000000 ---p 00000000 00:00 0 
7c0000000-7c00c0000 rw-p 00000000 00:00 0 
7c00c0000-800000000 ---p 00000000 00:00 0 
555ebba00000-555ebba01000 r-xp 00000000 00:22 57113445                   /usr/lib/jvm/bellsoft-java8-full.x86_64/bin/java
555ebbc00000-555ebbc01000 r--p 00000000 00:22 57113445                   /usr/lib/jvm/bellsoft-java8-full.x86_64/bin/java
555ebbc01000-555ebbc02000 rw-p 00001000 00:22 57113445                   /usr/lib/jvm/bellsoft-java8-full.x86_64/bin/java
555ee5df9000-555ee5e1a000 rw-p 00000000 00:00 0                          [heap]
7f6940000000-7f6940021000 rw-p 00000000 00:00 0 
7f6940021000-7f6944000000 ---p 00000000 00:00 0 
7f6944000000-7f694433c000 rw-p 00000000 00:00 0 
7f694433c000-7f6948000000 ---p 00000000 00:00 0 
7f6948000000-7f6948021000 rw-p 00000000 00:00 0 
7f6948021000-7f694c000000 ---p 00000000 00:00 0 
7f694c000000-7f694c021000 rw-p 00000000 00:00 0 
7f694c021000-7f6950000000 ---p 00000000 00:00 0 
7f6950000000-7f6950021000 rw-p 00000000 00:00 0 
7f6950021000-7f6954000000 ---p 00000000 00:00 0 
7f6954000000-7f6954021000 rw-p 00000000 00:00 0 
7f6954021000-7f6958000000 ---p 00000000 00:00 0 
7f6958000000-7f69580a3000 rw-p 00000000 00:00 0 
7f69580a3000-7f695c000000 ---p 00000000 00:00 0 
7f695c000000-7f695c021000 rw-p 00000000 00:00 0 
7f695c021000-7f6960000000 ---p 00000000 00:00 0 
7f6960000000-7f6960021000 rw-p 00000000 00:00 0 
7f6960021000-7f6964000000 ---p 00000000 00:00 0 
7f6966bff000-7f6967400000 rw-p 00000000 00:00 0 
7f6967400000-7f696b7a1000 r--p 00000000 00:22 54795156                   /usr/lib64/libLLVM.so.22.1
7f696b7a1000-7f696fc7d000 r-xp 043a0000 00:22 54795156                   /usr/lib64/libLLVM.so.22.1
7f696fc7d000-7f696fe9e000 r--p 0887b000 00:22 54795156                   /usr/lib64/libLLVM.so.22.1
7f696fe9e000-7f696fea8000 rw-p 08a9b000 00:22 54795156                   /usr/lib64/libLLVM.so.22.1
7f696fea8000-7f696ff54000 rw-p 00000000 00:00 0 
7f6970000000-7f6970021000 rw-p 00000000 00:00 0 
7f6970021000-7f6974000000 ---p 00000000 00:00 0 
7f6974000000-7f6974303000 rw-p 00000000 00:00 0 
7f6974303000-7f6978000000 ---p 00000000 00:00 0 
7f6978000000-7f69781ae000 rw-p 00000000 00:00 0 
7f69781ae000-7f697c000000 ---p 00000000 00:00 0 
7f697c000000-7f697c021000 rw-p 00000000 00:00 0 
7f697c021000-7f6980000000 ---p 00000000 00:00 0 
7f6980000000-7f69800cb000 rw-p 00000000 00:00 0 
7f69800cb000-7f6984000000 ---p 00000000 00:00 0 
7f6984000000-7f698408a000 rw-p 00000000 00:00 0 
7f698408a000-7f6988000000 ---p 00000000 00:00 0 
7f6988000000-7f6988021000 rw-p 00000000 00:00 0 
7f6988021000-7f698c000000 ---p 00000000 00:00 0 
7f698c7fd000-7f698e000000 rw-p 00000000 00:00 0 
7f698e000000-7f699be92000 r--p 00000000 00:22 55205974                   /usr/lib/locale/locale-archive
7f699c000000-7f699c021000 rw-p 00000000 00:00 0 
7f699c021000-7f69a0000000 ---p 00000000 00:00 0 
7f69a0000000-7f69a0021000 rw-p 00000000 00:00 0 
7f69a0021000-7f69a4000000 ---p 00000000 00:00 0 
7f69a4000000-7f69a4021000 rw-p 00000000 00:00 0 
7f69a4021000-7f69a8000000 ---p 00000000 00:00 0 
7f69a8000000-7f69a8021000 rw-p 00000000 00:00 0 
7f69a8021000-7f69ac000000 ---p 00000000 00:00 0 
7f69ac000000-7f69ac021000 rw-p 00000000 00:00 0 
7f69ac021000-7f69b0000000 ---p 00000000 00:00 0 
7f69b0073000-7f69b0076000 ---p 00000000 00:00 0 
7f69b0076000-7f69b0173000 rw-p 00000000 00:00 0 
7f69b0173000-7f69b0176000 ---p 00000000 00:00 0 
7f69b0176000-7f69b0273000 rw-p 00000000 00:00 0 
7f69b0273000-7f69b0297000 r--p 00000000 00:22 55206986                   /usr/share/locale/es/LC_MESSAGES/glib20.mo
7f69b0297000-7f69b02b4000 r-xp 00000000 00:22 56693625                   /usr/lib64/gvfs/libgvfscommon.so
7f69b02b4000-7f69b02cd000 r--p 0001d000 00:22 56693625                   /usr/lib64/gvfs/libgvfscommon.so
7f69b02cd000-7f69b02d3000 r--p 00036000 00:22 56693625                   /usr/lib64/gvfs/libgvfscommon.so
7f69b02d3000-7f69b02d4000 rw-p 00000000 00:00 0 
7f69b02d4000-7f69b02f3000 r-xp 00000000 00:22 56693624                   /usr/lib64/gio/modules/libgvfsdbus.so
7f69b02f3000-7f69b0305000 r--p 0001f000 00:22 56693624                   /usr/lib64/gio/modules/libgvfsdbus.so
7f69b0305000-7f69b0307000 r--p 00031000 00:22 56693624                   /usr/lib64/gio/modules/libgvfsdbus.so
7f69b0307000-7f69b0308000 rw-p 00033000 00:22 56693624                   /usr/lib64/gio/modules/libgvfsdbus.so
7f69b0308000-7f69b0332000 r--s 00000000 00:22 56799280                   /home/fam/.cache/fontconfig/d63f98f14a274bd69a5425fc33aaac6b-le64.cache-12
7f69b0335000-7f69b033a000 r--s 00000000 00:22 56799405                   /home/fam/.cache/fontconfig/cc8b894d3abbdf0310c48629c0737d80-le64.cache-12
7f69b033a000-7f69b034a000 r--s 00000000 00:22 56799400                   /home/fam/.cache/fontconfig/123d59b33ddb0e7c76bb24004bd5cfac-le64.cache-12
7f69b034a000-7f69b034f000 r--s 00000000 00:22 56799395                   /home/fam/.cache/fontconfig/131ab5cc1583381c4f7ce0194912c56d-le64.cache-12
7f69b0351000-7f69b0354000 r--p 00000000 00:22 56694058                   /usr/share/locale/es/LC_MESSAGES/at-spi2-core.mo
7f69b0354000-7f69b0355000 r--s 00000000 00:22 56799390                   /home/fam/.cache/fontconfig/b2307de753f1224d9542f27e8b3975ae-le64.cache-12
7f69b0355000-7f69b035a000 r--s 00000000 00:22 56799360                   /home/fam/.cache/fontconfig/29c8f5b6bf15d25ebb2e963855ab41be-le64.cache-12
7f69b035a000-7f69b036f000 r--s 00000000 00:22 56799270                   /home/fam/.cache/fontconfig/c4be257954870c0bf6972134c1de66d5-le64.cache-12
7f69b036f000-7f69b03ff000 rw-s 00000000 00:01 100918                     /memfd:wayland-cursor (deleted)
7f69b03ff000-7f69b0c00000 rw-p 00000000 00:00 0 
7f69b0c00000-7f69b0c66000 r-xp 00000000 00:22 57113890                   /usr/lib/jvm/bellsoft-java8-full.x86_64/jre/lib/amd64/libglassgtk3.so
7f69b0c66000-7f69b0e65000 ---p 00066000 00:22 57113890                   /usr/lib/jvm/bellsoft-java8-full.x86_64/jre/lib/amd64/libglassgtk3.so
7f69b0e65000-7f69b0e68000 r--p 00065000 00:22 57113890                   /usr/lib/jvm/bellsoft-java8-full.x86_64/jre/lib/amd64/libglassgtk3.so
7f69b0e68000-7f69b0e6a000 rw-p 00068000 00:22 57113890                   /usr/lib/jvm/bellsoft-java8-full.x86_64/jre/lib/amd64/libglassgtk3.so
7f69b0e6a000-7f69b0e6b000 r--s 00000000 00:22 56799385                   /home/fam/.cache/fontconfig/226d8b81908fffe4270cbbf5698029d4-le64.cache-12
7f69b0e6b000-7f69b0e6d000 r--s 00000000 00:22 56799370                   /home/fam/.cache/fontconfig/9d9e7a658cb1f50f02561d1ed3ca8bca-le64.cache-12
7f69b0e6d000-7f69b0e6e000 r--s 00000000 00:22 56799380                   /home/fam/.cache/fontconfig/0122acdcf386a94f53a6370d356e58f1-le64.cache-12
7f69b0e6e000-7f69b0e6f000 r--s 00000000 00:22 56799375                   /home/fam/.cache/fontconfig/39377a11d38956c26ecfe23db50b3cd3-le64.cache-12
7f69b0e6f000-7f69b0e70000 r--s 00000000 00:22 56799365                   /home/fam/.cache/fontconfig/6fcb01a03a016cc71057b587cdea6709-le64.cache-12
7f69b0e70000-7f69b0e71000 r--s 00000000 00:22 56799355                   /home/fam/.cache/fontconfig/b4f045e65949203a75c31ff635d51c65-le64.cache-12
7f69b0e71000-7f69b0e7d000 r--s 00000000 00:22 56799275                   /home/fam/.cache/fontconfig/efcfae1a52990961975415036867654f-le64.cache-12
7f69b0e7d000-7f69b0e7e000 r--s 00000000 00:22 56799350                   /home/fam/.cache/fontconfig/e0f2bc8bc07ae0c1ba150523b3d9cc08-le64.cache-12
7f69b0e7e000-7f69b0e7f000 r--s 00000000 00:22 56799345                   /home/fam/.cache/fontconfig/1a1ba44c74c12a4f665bc9ecb54a2833-le64.cache-12
7f69b0e7f000-7f69b0e88000 r--s 00000000 00:22 56799290                   /home/fam/.cache/fontconfig/2a3658b432e68423dcec456e1667e977-le64.cache-12
7f69b0e88000-7f69b0e91000 r--s 00000000 00:22 56799250                   /home/fam/.cache/fontconfig/6ee3103884cce7b2fe6f32eba9089175-le64.cache-12
7f69b0e91000-7f69b0e92000 r--s 00000000 00:22 56799340                   /home/fam/.cache/fontconfig/5fc8be8228cd16d5eb09a5afe41bcfd2-le64.cache-12
7f69b0e92000-7f69b0e95000 r--s 00000000 00:22 56799310                   /home/fam/.cache/fontconfig/71fe2b50576cdbc5f931776365d4a6ea-le64.cache-12
7f69b0e95000-7f69b0e96000 r--s 00000000 00:22 56799335                   /home/fam/.cache/fontconfig/105244de58915863162e6a0329d90ab7-le64.cache-12
7f69b0e96000-7f69b0e97000 r--s 00000000 00:22 56799330                   /home/fam/.cache/fontconfig/3181d3e48367f3dee824a69a5e9ec5f4-le64.cache-12
7f69b0e97000-7f69b0e98000 r--s 00000000 00:22 56799325                   /home/fam/.cache/fontconfig/d84ebaa74cfdbfe1ee61d6ccaa1ec99d-le64.cache-12
7f69b0e98000-7f69b0e9a000 r--s 00000000 00:22 56799305                   /home/fam/.cache/fontconfig/e5da922122f90e18ce9aab86d5c2b324-le64.cache-12
7f69b0e9a000-7f69b0ea1000 r--s 00000000 00:22 56799235                   /home/fam/.cache/fontconfig/614d1caaa4d7914789410f6367de37ca-le64.cache-12
7f69b0ea1000-7f69b0ea7000 r--s 00000000 00:22 56799225                   /home/fam/.cache/fontconfig/7bbebb41f246c24642924bd8585d5345-le64.cache-12
7f69b0ea7000-7f69b0ead000 r--s 00000000 00:22 56799215                   /home/fam/.cache/fontconfig/221930ae9526a9cb8049af2916f03412-le64.cache-12
7f69b0ead000-7f69b0eb7000 r--s 00000000 00:22 56799210                   /home/fam/.cache/fontconfig/6cdba951d5a16891afaaf2fee13e80e7-le64.cache-12
7f69b0eb7000-7f69b0eb9000 r--s 00000000 00:22 56799300                   /home/fam/.cache/fontconfig/de3fc716275e870cc68457cf08da2de7-le64.cache-12
7f69b0eb9000-7f69b0ebc000 r--s 00000000 00:22 56799295                   /home/fam/.cache/fontconfig/9162ae45def2e036f06e4d1913f17ba7-le64.cache-12
7f69b0ebc000-7f69b0ebd000 r--s 00000000 00:22 56799320                   /home/fam/.cache/fontconfig/2d6dd0b8817a1ff6b7f6ca6f073bfbb1-le64.cache-12
7f69b0ebd000-7f69b0ebe000 r--s 00000000 00:22 56799315                   /home/fam/.cache/fontconfig/94d8fcc0b92ee9fd9900ae8f2843d4cd-le64.cache-12
7f69b0ebe000-7f69b0ec0000 r--s 00000000 00:22 56799245                   /home/fam/.cache/fontconfig/383aa4c3ea81d46e4a1459cd427fba23-le64.cache-12
7f69b0ec0000-7f69b0ec7000 r--s 00000000 00:22 56799200                   /home/fam/.cache/fontconfig/d4fe5728f86380c2e3b1e4e9a34fabd8-le64.cache-12
7f69b0ec7000-7f69b0ec8000 r--s 00000000 00:22 56799285                   /home/fam/.cache/fontconfig/22f06f3be2d16d058da85b73ae1dc5b1-le64.cache-12
7f69b0ec8000-7f69b0ecb000 r--s 00000000 00:22 56799220                   /home/fam/.cache/fontconfig/427eb62078a821f08aa6ed364f2467bf-le64.cache-12
7f69b0ecb000-7f69b0ece000 r--s 00000000 00:22 56799205                   /home/fam/.cache/fontconfig/feeafda3627faad7596d025cfacea73f-le64.cache-12
7f69b0ece000-7f69b0ed1000 r--s 00000000 00:22 56799195                   /home/fam/.cache/fontconfig/18f520a508f13854f77176faf7889ae9-le64.cache-12
7f69b0ed1000-7f69b0edf000 r--p 00000000 00:22 57467511                   /home/fam/.config/dconf/user
7f69b0edf000-7f69b0ee7000 r-xp 00000000 00:22 52924420                   /usr/lib64/gio/modules/libdconfsettings.so
7f69b0ee7000-7f69b0eed000 r--p 00008000 00:22 52924420                   /usr/lib64/gio/modules/libdconfsettings.so
7f69b0eed000-7f69b0eee000 r--p 0000d000 00:22 52924420                   /usr/lib64/gio/modules/libdconfsettings.so
7f69b0eee000-7f69b0eef000 rw-p 0000e000 00:22 52924420                   /usr/lib64/gio/modules/libdconfsettings.so
7f69b0eef000-7f69b0f3a000 r--p 00000000 00:22 56798991                   /usr/share/glib-2.0/schemas/gschemas.compiled
7f69b0f3a000-7f69b100a000 r-xp 00000000 00:22 56693443                   /usr/lib64/libsystemd.so.0.42.0
7f69b100a000-7f69b1068000 r--p 000d0000 00:22 56693443                   /usr/lib64/libsystemd.so.0.42.0
7f69b1068000-7f69b1072000 r--p 0012d000 00:22 56693443                   /usr/lib64/libsystemd.so.0.42.0
7f69b1072000-7f69b1073000 rw-p 00137000 00:22 56693443                   /usr/lib64/libsystemd.so.0.42.0
7f69b1073000-7f69b1074000 rw-p 00000000 00:00 0 
7f69b1074000-7f69b11b8000 r-xp 00000000 00:22 55607278                   /usr/lib64/libsqlite3.so.3.51.2
7f69b11b8000-7f69b11f7000 r--p 00144000 00:22 55607278                   /usr/lib64/libsqlite3.so.3.51.2
7f69b11f7000-7f69b11fb000 r--p 00182000 00:22 55607278                   /usr/lib64/libsqlite3.so.3.51.2
7f69b11fb000-7f69b11ff000 rw-p 00186000 00:22 55607278                   /usr/lib64/libsqlite3.so.3.51.2
7f69b11ff000-7f69b1200000 rw-p 00000000 00:00 0 
7f69b1200000-7f69b1550000 r-xp 00000000 00:22 54045238                   /usr/lib64/libglycin-2.so.0
7f69b1550000-7f69b160b000 r--p 00350000 00:22 54045238                   /usr/lib64/libglycin-2.so.0
7f69b160b000-7f69b1624000 r--p 0040a000 00:22 54045238                   /usr/lib64/libglycin-2.so.0
7f69b1624000-7f69b1627000 rw-p 00423000 00:22 54045238                   /usr/lib64/libglycin-2.so.0
7f69b1627000-7f69b1628000 r--s 00000000 00:22 56799265                   /home/fam/.cache/fontconfig/a1059391c956b3cbc42a78cac70f430a-le64.cache-12
7f69b1628000-7f69b162b000 r--s 00000000 00:22 56799190                   /home/fam/.cache/fontconfig/3196f05a030874ca00722cbf1e991434-le64.cache-12
7f69b162b000-7f69b162f000 r-xp 00000000 00:22 52914984                   /usr/lib64/libXtst.so.6.1.0
7f69b162f000-7f69b1631000 r--p 00004000 00:22 52914984                   /usr/lib64/libXtst.so.6.1.0
7f69b1631000-7f69b1632000 r--p 00005000 00:22 52914984                   /usr/lib64/libXtst.so.6.1.0
7f69b1632000-7f69b1633000 rw-p 00006000 00:22 52914984                   /usr/lib64/libXtst.so.6.1.0
7f69b1633000-7f69b1634000 r-xp 00000000 00:22 55206951                   /usr/lib64/libgthread-2.0.so.0.8800.3
7f69b1634000-7f69b1635000 r--p 00001000 00:22 55206951                   /usr/lib64/libgthread-2.0.so.0.8800.3
7f69b1635000-7f69b1636000 r--p 00001000 00:22 55206951                   /usr/lib64/libgthread-2.0.so.0.8800.3
7f69b1636000-7f69b1637000 rw-p 00000000 00:00 0 
7f69b1637000-7f69b1638000 r-xp 00000000 00:22 52914217                   /usr/lib64/libbrotlicommon.so.1.2.0
7f69b1638000-7f69b1658000 r--p 00001000 00:22 52914217                   /usr/lib64/libbrotlicommon.so.1.2.0
7f69b1658000-7f69b1659000 r--p 00020000 00:22 52914217                   /usr/lib64/libbrotlicommon.so.1.2.0
7f69b1659000-7f69b165a000 rw-p 00000000 00:00 0 
7f69b165a000-7f69b1669000 r-xp 00000000 00:22 54801599                   /usr/lib64/libseccomp.so.2.6.1
7f69b1669000-7f69b1684000 r--p 0000f000 00:22 54801599                   /usr/lib64/libseccomp.so.2.6.1
7f69b1684000-7f69b1685000 r--p 00029000 00:22 54801599                   /usr/lib64/libseccomp.so.2.6.1
7f69b1685000-7f69b1686000 rw-p 0002a000 00:22 54801599                   /usr/lib64/libseccomp.so.2.6.1
7f69b1686000-7f69b16ce000 r-xp 00000000 00:22 52912003                   /usr/lib64/liblcms2.so.2.0.16
7f69b16ce000-7f69b16ea000 r--p 00048000 00:22 52912003                   /usr/lib64/liblcms2.so.2.0.16
7f69b16ea000-7f69b16ed000 r--p 00063000 00:22 52912003                   /usr/lib64/liblcms2.so.2.0.16
7f69b16ed000-7f69b16f0000 rw-p 00066000 00:22 52912003                   /usr/lib64/liblcms2.so.2.0.16
7f69b16f0000-7f69b16f1000 rw-p 00000000 00:00 0 
7f69b16f1000-7f69b16fa000 r-xp 00000000 00:22 52914219                   /usr/lib64/libbrotlidec.so.1.2.0
7f69b16fa000-7f69b16fe000 r--p 00009000 00:22 52914219                   /usr/lib64/libbrotlidec.so.1.2.0
7f69b16fe000-7f69b16ff000 r--p 0000c000 00:22 52914219                   /usr/lib64/libbrotlidec.so.1.2.0
7f69b16ff000-7f69b1700000 rw-p 00000000 00:00 0 
7f69b1700000-7f69b170f000 r-xp 00000000 00:22 52911983                   /usr/lib64/libbz2.so.1.0.8
7f69b170f000-7f69b1712000 r--p 0000f000 00:22 52911983                   /usr/lib64/libbz2.so.1.0.8
7f69b1712000-7f69b1713000 r--p 00011000 00:22 52911983                   /usr/lib64/libbz2.so.1.0.8
7f69b1713000-7f69b1714000 rw-p 00012000 00:22 52911983                   /usr/lib64/libbz2.so.1.0.8
7f69b1714000-7f69b1719000 r-xp 00000000 00:22 52977084                   /usr/lib64/libdatrie.so.1.4.1
7f69b1719000-7f69b171b000 r--p 00005000 00:22 52977084                   /usr/lib64/libdatrie.so.1.4.1
7f69b171b000-7f69b171c000 r--p 00007000 00:22 52977084                   /usr/lib64/libdatrie.so.1.4.1
7f69b171c000-7f69b171d000 rw-p 00000000 00:00 0 
7f69b171d000-7f69b1745000 r-xp 00000000 00:22 54044690                   /usr/lib64/libblkid.so.1.1.0
7f69b1745000-7f69b1753000 r--p 00028000 00:22 54044690                   /usr/lib64/libblkid.so.1.1.0
7f69b1753000-7f69b1759000 r--p 00036000 00:22 54044690                   /usr/lib64/libblkid.so.1.1.0
7f69b1759000-7f69b175a000 rw-p 0003c000 00:22 54044690                   /usr/lib64/libblkid.so.1.1.0
7f69b175a000-7f69b1773000 r-xp 00000000 00:22 52916021                   /usr/lib64/libjson-glib-1.0.so.0.1000.8
7f69b1773000-7f69b1784000 r--p 00019000 00:22 52916021                   /usr/lib64/libjson-glib-1.0.so.0.1000.8
7f69b1784000-7f69b1785000 r--p 0002a000 00:22 52916021                   /usr/lib64/libjson-glib-1.0.so.0.1000.8
7f69b1785000-7f69b1786000 rw-p 00000000 00:00 0 
7f69b1786000-7f69b17bc000 r-xp 00000000 00:22 52911759                   /usr/lib64/libdbus-1.so.3.38.3
7f69b17bc000-7f69b17db000 r--p 00036000 00:22 52911759                   /usr/lib64/libdbus-1.so.3.38.3
7f69b17db000-7f69b17dd000 r--p 00054000 00:22 52911759                   /usr/lib64/libdbus-1.so.3.38.3
7f69b17dd000-7f69b17de000 rw-p 00056000 00:22 52911759                   /usr/lib64/libdbus-1.so.3.38.3
7f69b17de000-7f69b17fc000 r-xp 00000000 00:22 56694021                   /usr/lib64/libatspi.so.0.0.1
7f69b17fc000-7f69b1818000 r--p 0001e000 00:22 56694021                   /usr/lib64/libatspi.so.0.0.1
7f69b1818000-7f69b181c000 r--p 00039000 00:22 56694021                   /usr/lib64/libatspi.so.0.0.1
7f69b181c000-7f69b181d000 rw-p 0003d000 00:22 56694021                   /usr/lib64/libatspi.so.0.0.1
7f69b181d000-7f69b1835000 r-xp 00000000 00:22 52925338                   /usr/lib64/libgraphite2.so.3.2.1
7f69b1835000-7f69b183a000 r--p 00018000 00:22 52925338                   /usr/lib64/libgraphite2.so.3.2.1
7f69b183a000-7f69b183c000 r--p 0001c000 00:22 52925338                   /usr/lib64/libgraphite2.so.3.2.1
7f69b183c000-7f69b183d000 rw-p 00000000 00:00 0 
7f69b183d000-7f69b18d0000 r-xp 00000000 00:22 52914078                   /usr/lib64/libpixman-1.so.0.46.2
7f69b18d0000-7f69b18e5000 r--p 00093000 00:22 52914078                   /usr/lib64/libpixman-1.so.0.46.2
7f69b18e5000-7f69b18ed000 r--p 000a8000 00:22 52914078                   /usr/lib64/libpixman-1.so.0.46.2
7f69b18ed000-7f69b18ee000 rw-p 000b0000 00:22 52914078                   /usr/lib64/libpixman-1.so.0.46.2
7f69b18ee000-7f69b18f4000 r-xp 00000000 00:22 52914906                   /usr/lib64/libxcb-render.so.0.0.0
7f69b18f4000-7f69b18fb000 r--p 00006000 00:22 52914906                   /usr/lib64/libxcb-render.so.0.0.0
7f69b18fb000-7f69b18fc000 r--p 0000d000 00:22 52914906                   /usr/lib64/libxcb-render.so.0.0.0
7f69b18fc000-7f69b18fd000 rw-p 0000e000 00:22 52914906                   /usr/lib64/libxcb-render.so.0.0.0
7f69b18fd000-7f69b1905000 r-xp 00000000 00:22 52914972                   /usr/lib64/libXrender.so.1.3.0
7f69b1905000-7f69b1908000 r--p 00008000 00:22 52914972                   /usr/lib64/libXrender.so.1.3.0
7f69b1908000-7f69b1909000 r--p 0000a000 00:22 52914972                   /usr/lib64/libXrender.so.1.3.0
7f69b1909000-7f69b190a000 rw-p 0000b000 00:22 52914972                   /usr/lib64/libXrender.so.1.3.0
7f69b190a000-7f69b19ac000 r-xp 00000000 00:22 52925361                   /usr/lib64/libfreetype.so.6.20.6
7f69b19ac000-7f69b19dd000 r--p 000a2000 00:22 52925361                   /usr/lib64/libfreetype.so.6.20.6
7f69b19dd000-7f69b19e5000 r--p 000d2000 00:22 52925361                   /usr/lib64/libfreetype.so.6.20.6
7f69b19e5000-7f69b19e6000 rw-p 00000000 00:00 0 
7f69b19e6000-7f69b1a12000 r-xp 00000000 00:22 52911802                   /usr/lib64/libpng16.so.16.58.0
7f69b1a12000-7f69b1a21000 r--p 0002c000 00:22 52911802                   /usr/lib64/libpng16.so.16.58.0
7f69b1a21000-7f69b1a22000 r--p 0003a000 00:22 52911802                   /usr/lib64/libpng16.so.16.58.0
7f69b1a22000-7f69b1a23000 rw-p 00000000 00:00 0 
7f69b1a23000-7f69b1a28000 r-xp 00000000 00:22 52977088                   /usr/lib64/libthai.so.0.3.2
7f69b1a28000-7f69b1a2d000 r--p 00005000 00:22 52977088                   /usr/lib64/libthai.so.0.3.2
7f69b1a2d000-7f69b1a2e000 r--p 00009000 00:22 52977088                   /usr/lib64/libthai.so.0.3.2
7f69b1a2e000-7f69b1a2f000 rw-p 0000a000 00:22 52977088                   /usr/lib64/libthai.so.0.3.2
7f69b1a2f000-7f69b1a51000 r-xp 00000000 00:22 56693716                   /usr/lib64/libselinux.so.1
7f69b1a51000-7f69b1a5f000 r--p 00022000 00:22 56693716                   /usr/lib64/libselinux.so.1
7f69b1a5f000-7f69b1a60000 r--p 00030000 00:22 56693716                   /usr/lib64/libselinux.so.1
7f69b1a60000-7f69b1a61000 rw-p 00031000 00:22 56693716                   /usr/lib64/libselinux.so.1
7f69b1a61000-7f69b1a63000 rw-p 00000000 00:00 0 
7f69b1a63000-7f69b1aa1000 r-xp 00000000 00:22 54044695                   /usr/lib64/libmount.so.1.1.0
7f69b1aa1000-7f69b1aba000 r--p 0003e000 00:22 54044695                   /usr/lib64/libmount.so.1.1.0
7f69b1aba000-7f69b1abc000 r--p 00057000 00:22 54044695                   /usr/lib64/libmount.so.1.1.0
7f69b1abc000-7f69b1abd000 rw-p 00059000 00:22 54044695                   /usr/lib64/libmount.so.1.1.0
7f69b1abd000-7f69b1b3e000 r-xp 00000000 00:22 52912119                   /usr/lib64/libpcre2-8.so.0.15.0
7f69b1b3e000-7f69b1b6c000 r--p 00081000 00:22 52912119                   /usr/lib64/libpcre2-8.so.0.15.0
7f69b1b6c000-7f69b1b6d000 r--p 000ae000 00:22 52912119                   /usr/lib64/libpcre2-8.so.0.15.0
7f69b1b6d000-7f69b1b6e000 rw-p 000af000 00:22 52912119                   /usr/lib64/libpcre2-8.so.0.15.0
7f69b1b6e000-7f69b1b6f000 r-xp 00000000 00:22 52914968                   /usr/lib64/libXinerama.so.1.0.0
7f69b1b6f000-7f69b1b70000 r--p 00001000 00:22 52914968                   /usr/lib64/libXinerama.so.1.0.0
7f69b1b70000-7f69b1b71000 r--p 00001000 00:22 52914968                   /usr/lib64/libXinerama.so.1.0.0
7f69b1b71000-7f69b1b72000 rw-p 00002000 00:22 52914968                   /usr/lib64/libXinerama.so.1.0.0
7f69b1b72000-7f69b1b7a000 r-xp 00000000 00:22 52914978                   /usr/lib64/libXrandr.so.2.2.0
7f69b1b7a000-7f69b1b7d000 r--p 00008000 00:22 52914978                   /usr/lib64/libXrandr.so.2.2.0
7f69b1b7d000-7f69b1b7e000 r--p 0000b000 00:22 52914978                   /usr/lib64/libXrandr.so.2.2.0
7f69b1b7e000-7f69b1b7f000 rw-p 0000c000 00:22 52914978                   /usr/lib64/libXrandr.so.2.2.0
7f69b1b7f000-7f69b1b80000 r-xp 00000000 00:22 52914988                   /usr/lib64/libXcomposite.so.1.0.0
7f69b1b80000-7f69b1b81000 r--p 00001000 00:22 52914988                   /usr/lib64/libXcomposite.so.1.0.0
7f69b1b81000-7f69b1b82000 r--p 00001000 00:22 52914988                   /usr/lib64/libXcomposite.so.1.0.0
7f69b1b82000-7f69b1b83000 rw-p 00000000 00:00 0 
7f69b1b83000-7f69b1b8a000 r-xp 00000000 00:22 52915418                   /usr/lib64/libXcursor.so.1.0.2
7f69b1b8a000-7f69b1b8e000 r--p 00007000 00:22 52915418                   /usr/lib64/libXcursor.so.1.0.2
7f69b1b8e000-7f69b1b8f000 r--p 0000b000 00:22 52915418                   /usr/lib64/libXcursor.so.1.0.2
7f69b1b8f000-7f69b1b90000 rw-p 00000000 00:00 0 
7f69b1b90000-7f69b1c16000 r-xp 00000000 00:22 52928004                   /usr/lib64/libtinysparql-3.0.so.0.1101.0
7f69b1c16000-7f69b1c5d000 r--p 00086000 00:22 52928004                   /usr/lib64/libtinysparql-3.0.so.0.1101.0
7f69b1c5d000-7f69b1c6c000 r--p 000cc000 00:22 52928004                   /usr/lib64/libtinysparql-3.0.so.0.1101.0
7f69b1c6c000-7f69b1c6d000 rw-p 000db000 00:22 52928004                   /usr/lib64/libtinysparql-3.0.so.0.1101.0
7f69b1c6d000-7f69b1cdb000 r-xp 00000000 00:22 52913977                   /usr/lib64/libepoxy.so.0.0.0
7f69b1cdb000-7f69b1d6b000 r--p 0006e000 00:22 52913977                   /usr/lib64/libepoxy.so.0.0.0
7f69b1d6b000-7f69b1d73000 r--p 000fe000 00:22 52913977                   /usr/lib64/libepoxy.so.0.0.0
7f69b1d73000-7f69b1d7a000 rw-p 00106000 00:22 52913977                   /usr/lib64/libepoxy.so.0.0.0
7f69b1d7a000-7f69b1e73000 r-xp 00000000 00:22 52925353                   /usr/lib64/libharfbuzz.so.0.61410.0
7f69b1e73000-7f69b1eb3000 r--p 000f9000 00:22 52925353                   /usr/lib64/libharfbuzz.so.0.61410.0
7f69b1eb3000-7f69b1eb5000 r--p 00138000 00:22 52925353                   /usr/lib64/libharfbuzz.so.0.61410.0
7f69b1eb5000-7f69b1eb6000 rw-p 0013a000 00:22 52925353                   /usr/lib64/libharfbuzz.so.0.61410.0
7f69b1eb6000-7f69b1fb3000 r-xp 00000000 00:22 52925714                   /usr/lib64/libcairo.so.2.11804.4
7f69b1fb3000-7f69b1ff9000 r--p 000fd000 00:22 52925714                   /usr/lib64/libcairo.so.2.11804.4
7f69b1ff9000-7f69b1ffd000 r--p 00143000 00:22 52925714                   /usr/lib64/libcairo.so.2.11804.4
7f69b1ffd000-7f69b1fff000 rw-p 00147000 00:22 52925714                   /usr/lib64/libcairo.so.2.11804.4
7f69b1fff000-7f69b2000000 rw-p 00000000 00:00 0 
7f69b2000000-7f69b23d8000 r-xp 00000000 00:22 55207762                   /usr/lib64/libgtk-3.so.0.2420.32
7f69b23d8000-7f69b2727000 r--p 003d8000 00:22 55207762                   /usr/lib64/libgtk-3.so.0.2420.32
7f69b2727000-7f69b273a000 r--p 00726000 00:22 55207762                   /usr/lib64/libgtk-3.so.0.2420.32
7f69b273a000-7f69b273c000 rw-p 00739000 00:22 55207762                   /usr/lib64/libgtk-3.so.0.2420.32
7f69b273c000-7f69b2741000 rw-p 00000000 00:00 0 
7f69b2741000-7f69b2744000 r-xp 00000000 00:22 56694306                   /usr/lib64/libwayland-cursor.so.0.26.0
7f69b2744000-7f69b2746000 r--p 00003000 00:22 56694306                   /usr/lib64/libwayland-cursor.so.0.26.0
7f69b2746000-7f69b2747000 r--p 00004000 00:22 56694306                   /usr/lib64/libwayland-cursor.so.0.26.0
7f69b2747000-7f69b274b000 rw-p 00005000 00:22 56694306                   /usr/lib64/libwayland-cursor.so.0.26.0
7f69b274b000-7f69b277b000 r-xp 00000000 00:22 52913998                   /usr/lib64/libxkbcommon.so.0.13.1
7f69b277b000-7f69b27a7000 r--p 00030000 00:22 52913998                   /usr/lib64/libxkbcommon.so.0.13.1
7f69b27a7000-7f69b27a9000 r--p 0005b000 00:22 52913998                   /usr/lib64/libxkbcommon.so.0.13.1
7f69b27a9000-7f69b27aa000 rw-p 0005d000 00:22 52913998                   /usr/lib64/libxkbcommon.so.0.13.1
7f69b27aa000-7f69b27ae000 r-xp 00000000 00:22 52914951                   /usr/lib64/libXfixes.so.3.1.0
7f69b27ae000-7f69b27b0000 r--p 00004000 00:22 52914951                   /usr/lib64/libXfixes.so.3.1.0
7f69b27b0000-7f69b27b1000 r--p 00006000 00:22 52914951                   /usr/lib64/libXfixes.so.3.1.0
7f69b27b1000-7f69b27b2000 rw-p 00007000 00:22 52914951                   /usr/lib64/libXfixes.so.3.1.0
7f69b27b2000-7f69b27ba000 r-xp 00000000 00:22 56693586                   /usr/lib64/libwayland-client.so.0.26.0
7f69b27ba000-7f69b27bf000 r--p 00008000 00:22 56693586                   /usr/lib64/libwayland-client.so.0.26.0
7f69b27bf000-7f69b27c1000 r--p 0000d000 00:22 56693586                   /usr/lib64/libwayland-client.so.0.26.0
7f69b27c1000-7f69b27c2000 rw-p 0000f000 00:22 56693586                   /usr/lib64/libwayland-client.so.0.26.0
7f69b27c2000-7f69b27de000 r-xp 00000000 00:22 56694301                   /usr/lib64/libatk-bridge-2.0.so.0.0.0
7f69b27de000-7f69b27fc000 r--p 0001c000 00:22 56694301                   /usr/lib64/libatk-bridge-2.0.so.0.0.0
7f69b27fc000-7f69b27fe000 r--p 00039000 00:22 56694301                   /usr/lib64/libatk-bridge-2.0.so.0.0.0
7f69b27fe000-7f69b2800000 rw-p 0003b000 00:22 56694301                   /usr/lib64/libatk-bridge-2.0.so.0.0.0
7f69b2800000-7f69b2801000 r-xp 00000000 00:22 57113888                   /usr/lib/jvm/bellsoft-java8-full.x86_64/jre/lib/amd64/libglass.so
7f69b2801000-7f69b2a01000 ---p 00001000 00:22 57113888                   /usr/lib/jvm/bellsoft-java8-full.x86_64/jre/lib/amd64/libglass.so
7f69b2a01000-7f69b2a02000 r--p 00001000 00:22 57113888                   /usr/lib/jvm/bellsoft-java8-full.x86_64/jre/lib/amd64/libglass.so
7f69b2a02000-7f69b2a03000 rw-p 00002000 00:22 57113888                   /usr/lib/jvm/bellsoft-java8-full.x86_64/jre/lib/amd64/libglass.so
7f69b2a03000-7f69b2a05000 r--s 00000000 00:22 56799240                   /home/fam/.cache/fontconfig/cc4435afd06e20625c417ffcddec4f51-le64.cache-12
7f69b2a05000-7f69b2a11000 r-xp 00000000 00:22 56069151                   /usr/lib64/libcloudproviders.so.0.4.1
7f69b2a11000-7f69b2a1c000 r--p 0000c000 00:22 56069151                   /usr/lib64/libcloudproviders.so.0.4.1
7f69b2a1c000-7f69b2a1d000 r--p 00017000 00:22 56069151                   /usr/lib64/libcloudproviders.so.0.4.1
7f69b2a1d000-7f69b2a1e000 rw-p 00018000 00:22 56069151                   /usr/lib64/libcloudproviders.so.0.4.1
7f69b2a1e000-7f69b2b45000 r-xp 00000000 00:22 55206941                   /usr/lib64/libgio-2.0.so.0.8800.3
7f69b2b45000-7f69b2bf2000 r--p 00127000 00:22 55206941                   /usr/lib64/libgio-2.0.so.0.8800.3
7f69b2bf2000-7f69b2bfb000 r--p 001d3000 00:22 55206941                   /usr/lib64/libgio-2.0.so.0.8800.3
7f69b2bfb000-7f69b2bfc000 rw-p 001dc000 00:22 55206941                   /usr/lib64/libgio-2.0.so.0.8800.3
7f69b2bfc000-7f69b2bfe000 rw-p 00000000 00:00 0 
7f69b2bfe000-7f69b3c00000 rw-p 00000000 00:00 0 
7f69b3c00000-7f69b3e01000 rw-s 00000000 00:22 46129766                   /home/fam/.cache/mesa_shader_cache/index
7f69b3e01000-7f69b3e04000 r--s 00000000 00:22 56799185                   /home/fam/.cache/fontconfig/a11fef9c6b59ddb48eba670bb9bf2c6a-le64.cache-12
7f69b3e04000-7f69b3e05000 r-xp 00000000 00:22 52914961                   /usr/lib64/libXdamage.so.1.1.0
7f69b3e05000-7f69b3e06000 r--p 00001000 00:22 52914961                   /usr/lib64/libXdamage.so.1.1.0
7f69b3e06000-7f69b3e07000 r--p 00001000 00:22 52914961                   /usr/lib64/libXdamage.so.1.1.0
7f69b3e07000-7f69b3e08000 rw-p 00000000 00:00 0 
7f69b3e08000-7f69b3e15000 r-xp 00000000 00:22 52914957                   /usr/lib64/libXi.so.6.1.0
7f69b3e15000-7f69b3e19000 r--p 0000d000 00:22 52914957                   /usr/lib64/libXi.so.6.1.0
7f69b3e19000-7f69b3e1a000 r--p 00011000 00:22 52914957                   /usr/lib64/libXi.so.6.1.0
7f69b3e1a000-7f69b3e1b000 rw-p 00012000 00:22 52914957                   /usr/lib64/libXi.so.6.1.0
7f69b3e1b000-7f69b3e38000 r-xp 00000000 00:22 56035438                   /usr/lib64/libgdk_pixbuf-2.0.so.0.4400.4
7f69b3e38000-7f69b3e48000 r--p 0001d000 00:22 56035438                   /usr/lib64/libgdk_pixbuf-2.0.so.0.4400.4
7f69b3e48000-7f69b3e4a000 r--p 0002c000 00:22 56035438                   /usr/lib64/libgdk_pixbuf-2.0.so.0.4400.4
7f69b3e4a000-7f69b3e4b000 rw-p 0002e000 00:22 56035438                   /usr/lib64/libgdk_pixbuf-2.0.so.0.4400.4
7f69b3e4b000-7f69b3e7e000 r-xp 00000000 00:22 52925389                   /usr/lib64/libfontconfig.so.1.16.0
7f69b3e7e000-7f69b3e9b000 r--p 00033000 00:22 52925389                   /usr/lib64/libfontconfig.so.1.16.0
7f69b3e9b000-7f69b3e9d000 r--p 00050000 00:22 52925389                   /usr/lib64/libfontconfig.so.1.16.0
7f69b3e9d000-7f69b3e9e000 rw-p 00052000 00:22 52925389                   /usr/lib64/libfontconfig.so.1.16.0
7f69b3e9e000-7f69b3f4b000 r-xp 00000000 00:22 55206945                   /usr/lib64/libglib-2.0.so.0.8800.3
7f69b3f4b000-7f69b3ffd000 r--p 000ad000 00:22 55206945                   /usr/lib64/libglib-2.0.so.0.8800.3
7f69b3ffd000-7f69b3ffe000 r--p 0015f000 00:22 55206945                   /usr/lib64/libglib-2.0.so.0.8800.3
7f69b3ffe000-7f69b3fff000 rw-p 00160000 00:22 55206945                   /usr/lib64/libglib-2.0.so.0.8800.3
7f69b3fff000-7f69b4021000 rw-p 00000000 00:00 0 
7f69b4021000-7f69b8000000 ---p 00000000 00:00 0 
7f69b8000000-7f69b8011000 r-xp 00000000 00:22 56694141                   /usr/lib64/libatk-1.0.so.0.26016.1
7f69b8011000-7f69b8023000 r--p 00011000 00:22 56694141                   /usr/lib64/libatk-1.0.so.0.26016.1
7f69b8023000-7f69b8026000 r--p 00022000 00:22 56694141                   /usr/lib64/libatk-1.0.so.0.26016.1
7f69b8026000-7f69b8027000 rw-p 00025000 00:22 56694141                   /usr/lib64/libatk-1.0.so.0.26016.1
7f69b8027000-7f69b8029000 r-xp 00000000 00:22 52925725                   /usr/lib64/libcairo-gobject.so.2.11804.4
7f69b8029000-7f69b802d000 r--p 00002000 00:22 52925725                   /usr/lib64/libcairo-gobject.so.2.11804.4
7f69b802d000-7f69b802f000 r--p 00005000 00:22 52925725                   /usr/lib64/libcairo-gobject.so.2.11804.4
7f69b802f000-7f69b8030000 rw-p 00000000 00:00 0 
7f69b8030000-7f69b8036000 r-xp 00000000 00:22 52914181                   /usr/lib64/libfribidi.so.0.4.0
7f69b8036000-7f69b804e000 r--p 00006000 00:22 52914181                   /usr/lib64/libfribidi.so.0.4.0
7f69b804e000-7f69b804f000 r--p 0001d000 00:22 52914181                   /usr/lib64/libfribidi.so.0.4.0
7f69b804f000-7f69b8050000 rw-p 0001e000 00:22 52914181                   /usr/lib64/libfribidi.so.0.4.0
7f69b8050000-7f69b805f000 r-xp 00000000 00:22 52977116                   /usr/lib64/libpangoft2-1.0.so.0.5701.0
7f69b805f000-7f69b806a000 r--p 0000f000 00:22 52977116                   /usr/lib64/libpangoft2-1.0.so.0.5701.0
7f69b806a000-7f69b806b000 r--p 0001a000 00:22 52977116                   /usr/lib64/libpangoft2-1.0.so.0.5701.0
7f69b806b000-7f69b806c000 rw-p 00000000 00:00 0 
7f69b806c000-7f69b80ae000 r-xp 00000000 00:22 52977112                   /usr/lib64/libpango-1.0.so.0.5701.0
7f69b80ae000-7f69b80d6000 r--p 00042000 00:22 52977112                   /usr/lib64/libpango-1.0.so.0.5701.0
7f69b80d6000-7f69b80da000 r--p 00069000 00:22 52977112                   /usr/lib64/libpango-1.0.so.0.5701.0
7f69b80da000-7f69b80db000 rw-p 0006d000 00:22 52977112                   /usr/lib64/libpango-1.0.so.0.5701.0
7f69b80db000-7f69b80e5000 r-xp 00000000 00:22 52977114                   /usr/lib64/libpangocairo-1.0.so.0.5701.0
7f69b80e5000-7f69b80ec000 r--p 0000a000 00:22 52977114                   /usr/lib64/libpangocairo-1.0.so.0.5701.0
7f69b80ec000-7f69b80ed000 r--p 00010000 00:22 52977114                   /usr/lib64/libpangocairo-1.0.so.0.5701.0
7f69b80ed000-7f69b80ee000 rw-p 00011000 00:22 52977114                   /usr/lib64/libpangocairo-1.0.so.0.5701.0
7f69b80ee000-7f69b8127000 r-xp 00000000 00:22 55206949                   /usr/lib64/libgobject-2.0.so.0.8800.3
7f69b8127000-7f69b814b000 r--p 00039000 00:22 55206949                   /usr/lib64/libgobject-2.0.so.0.8800.3
7f69b814b000-7f69b814e000 r--p 0005d000 00:22 55206949                   /usr/lib64/libgobject-2.0.so.0.8800.3
7f69b814e000-7f69b814f000 rw-p 00060000 00:22 55206949                   /usr/lib64/libgobject-2.0.so.0.8800.3
7f69b814f000-7f69b8151000 r-xp 00000000 00:22 55206947                   /usr/lib64/libgmodule-2.0.so.0.8800.3
7f69b8151000-7f69b8153000 r--p 00002000 00:22 55206947                   /usr/lib64/libgmodule-2.0.so.0.8800.3
7f69b8153000-7f69b8154000 r--p 00003000 00:22 55206947                   /usr/lib64/libgmodule-2.0.so.0.8800.3
7f69b8154000-7f69b8155000 rw-p 00004000 00:22 55206947                   /usr/lib64/libgmodule-2.0.so.0.8800.3
7f69b8155000-7f69b81e6000 r-xp 00000000 00:22 55207760                   /usr/lib64/libgdk-3.so.0.2420.32
7f69b81e6000-7f69b824a000 r--p 00091000 00:22 55207760                   /usr/lib64/libgdk-3.so.0.2420.32
7f69b824a000-7f69b8254000 r--p 000f5000 00:22 55207760                   /usr/lib64/libgdk-3.so.0.2420.32
7f69b8254000-7f69b8256000 rw-p 000ff000 00:22 55207760                   /usr/lib64/libgdk-3.so.0.2420.32
7f69b8256000-7f69b8257000 r--s 00000000 00:22 56799260                   /home/fam/.cache/fontconfig/aa02322cc1375fea2382deabf4339973-le64.cache-12
7f69b8257000-7f69b8258000 r--s 00000000 00:22 56799255                   /home/fam/.cache/fontconfig/7ee6df7a8311986241317a58487e0145-le64.cache-12
7f69b8258000-7f69b8259000 r--s 00000000 00:22 56799230                   /home/fam/.cache/fontconfig/0f80fa86029ae75a63f21d682b864529-le64.cache-12
7f69b825a000-7f69b825b000 r--p 00000000 00:22 54805925                   /etc/dconf/db/distro
7f69b825b000-7f69b825c000 r--p 00000000 00:22 54805929                   /etc/dconf/db/site
7f69b825c000-7f69b8278000 r--p 00000000 00:22 55207826                   /usr/share/locale/es/LC_MESSAGES/gtk30.mo
7f69b8278000-7f69b827f000 r--s 00096000 00:22 57493018                   /home/fam/NetBeansProjects/ChromisKitchenScreen-master/lib/postgresql-9.4-1201.jdbc4.jar
7f69b827f000-7f69b8291000 r--s 001fc000 00:22 57493017                   /home/fam/NetBeansProjects/ChromisKitchenScreen-master/lib/ojdbc6.jar
7f69b8291000-7f69b838d000 r-xp 00000000 00:22 52911816                   /usr/lib64/libxml2.so.2.12.10
7f69b838d000-7f69b83f3000 r--p 000fc000 00:22 52911816                   /usr/lib64/libxml2.so.2.12.10
7f69b83f3000-7f69b83fe000 r--p 00161000 00:22 52911816                   /usr/lib64/libxml2.so.2.12.10
7f69b83fe000-7f69b83ff000 rw-p 0016c000 00:22 52911816                   /usr/lib64/libxml2.so.2.12.10
7f69b83ff000-7f69b8400000 rw-p 00000000 00:00 0 
7f69b8400000-7f69b8571000 r-xp 00000000 00:22 56034492                   /usr/lib64/libstdc++.so.6.0.36
7f69b8571000-7f69b869c000 r--p 00171000 00:22 56034492                   /usr/lib64/libstdc++.so.6.0.36
7f69b869c000-7f69b86ad000 r--p 0029c000 00:22 56034492                   /usr/lib64/libstdc++.so.6.0.36
7f69b86ad000-7f69b86ae000 rw-p 002ad000 00:22 56034492                   /usr/lib64/libstdc++.so.6.0.36
7f69b86ae000-7f69b86b2000 rw-p 00000000 00:00 0 
7f69b86b2000-7f69b86b3000 r-xp 00000000 00:22 56699288                   /usr/lib64/libwayland-egl.so.1.26.0
7f69b86b3000-7f69b86b4000 r--p 00001000 00:22 56699288                   /usr/lib64/libwayland-egl.so.1.26.0
7f69b86b4000-7f69b86b5000 r--p 00001000 00:22 56699288                   /usr/lib64/libwayland-egl.so.1.26.0
7f69b86b5000-7f69b86b6000 rw-p 00000000 00:00 0 
7f69b86b6000-7f69b86bd000 r--s 000ca000 00:22 57493016                   /home/fam/NetBeansProjects/ChromisKitchenScreen-master/lib/mysql-connector-java-5.1.26-bin.jar
7f69b86bd000-7f69b86d9000 r--s 001c2000 00:22 57493014                   /home/fam/NetBeansProjects/ChromisKitchenScreen-master/lib/liquibase.jar
7f69b86d9000-7f69b86db000 r--s 0000c000 00:22 57493010                   /home/fam/NetBeansProjects/ChromisKitchenScreen-master/lib/jboss-logging-3.1.3.GA.jar
7f69b86db000-7f69b86e5000 r--s 000a5000 00:22 57493009                   /home/fam/NetBeansProjects/ChromisKitchenScreen-master/lib/javassist-3.18.1-GA.jar
7f69b86e5000-7f69b86e7000 r--s 00011000 00:22 57493008                   /home/fam/NetBeansProjects/ChromisKitchenScreen-master/lib/jandex-1.1.0.Final.jar
7f69b86e7000-7f69b86f5000 r--s 0015a000 00:22 57493007                   /home/fam/NetBeansProjects/ChromisKitchenScreen-master/lib/hsqldb.jar
7f69b86f5000-7f69b86fa000 r--s 00017000 00:22 57493006                   /home/fam/NetBeansProjects/ChromisKitchenScreen-master/lib/hibernate-jpa-2.1-api-1.0.0.Final.jar
7f69b86fa000-7f69b8759000 r--s 004ab000 00:22 57493005                   /home/fam/NetBeansProjects/ChromisKitchenScreen-master/lib/hibernate-core-4.3.10.Final.jar
7f69b8759000-7f69b875c000 r--s 00010000 00:22 57493004                   /home/fam/NetBeansProjects/ChromisKitchenScreen-master/lib/hibernate-commons-annotations-4.0.5.Final.jar
7f69b875c000-7f69b8761000 r--s 00048000 00:22 57493002                   /home/fam/NetBeansProjects/ChromisKitchenScreen-master/lib/dom4j-1.6.1.jar
7f69b8761000-7f69b8767000 r--s 0007e000 00:22 57493001                   /home/fam/NetBeansProjects/ChromisKitchenScreen-master/lib/derbyclient.jar
7f69b8767000-7f69b8775000 r--s 00080000 00:22 57493015                   /home/fam/NetBeansProjects/ChromisKitchenScreen-master/lib/mchange-commons-java-0.2.3.4.jar
7f69b8775000-7f69b877c000 r--s 00061000 00:22 57493000                   /home/fam/NetBeansProjects/ChromisKitchenScreen-master/lib/c3p0-0.9.2.1.jar
7f69b877c000-7f69b8781000 r--s 00068000 00:22 57492999                   /home/fam/NetBeansProjects/ChromisKitchenScreen-master/lib/antlr-2.7.7.jar
7f69b8781000-7f69b8788000 r--s 00096000 00:22 57493339                   /home/fam/NetBeansProjects/ChromisKitchenScreen-master/dist/lib/postgresql-9.4-1201.jdbc4.jar
7f69b8788000-7f69b879a000 r--s 001fc000 00:22 57493338                   /home/fam/NetBeansProjects/ChromisKitchenScreen-master/dist/lib/ojdbc6.jar
7f69b879a000-7f69b87a1000 r--s 000ca000 00:22 57493337                   /home/fam/NetBeansProjects/ChromisKitchenScreen-master/dist/lib/mysql-connector-java-5.1.26-bin.jar
7f69b87a1000-7f69b8800000 r--s 004ab000 00:22 57493327                   /home/fam/NetBeansProjects/ChromisKitchenScreen-master/dist/lib/hibernate-core-4.3.10.Final.jar
7f69b8800000-7f69ba810000 r-xp 00000000 00:22 56699266                   /usr/lib64/libgallium-26.2.3.so
7f69ba810000-7f69bbaa2000 r--p 02010000 00:22 56699266                   /usr/lib64/libgallium-26.2.3.so
7f69bbaa2000-7f69bbc1f000 r--p 032a2000 00:22 56699266                   /usr/lib64/libgallium-26.2.3.so
7f69bbc1f000-7f69bbc5d000 rw-p 0341f000 00:22 56699266                   /usr/lib64/libgallium-26.2.3.so
7f69bbc5d000-7f69bbe2a000 rw-p 00000000 00:00 0 
7f69bbe2a000-7f69bbe2b000 r--p 00000000 00:22 54805928                   /etc/dconf/db/local
7f69bbe2b000-7f69bbe47000 r--s 001c2000 00:22 57493335                   /home/fam/NetBeansProjects/ChromisKitchenScreen-master/dist/lib/liquibase.jar
7f69bbe47000-7f69bbe49000 r--s 0000c000 00:22 57493332                   /home/fam/NetBeansProjects/ChromisKitchenScreen-master/dist/lib/jboss-logging-3.1.3.GA.jar
7f69bbe49000-7f69bbe53000 r--s 000a5000 00:22 57493331                   /home/fam/NetBeansProjects/ChromisKitchenScreen-master/dist/lib/javassist-3.18.1-GA.jar
7f69bbe53000-7f69bbe61000 r--s 0015a000 00:22 57493329                   /home/fam/NetBeansProjects/ChromisKitchenScreen-master/dist/lib/hsqldb.jar
7f69bbe61000-7f69bbf69000 r-xp 00000000 00:22 52919591                   /usr/lib64/libSPIRV-Tools.so
7f69bbf69000-7f69bbffc000 r--p 00108000 00:22 52919591                   /usr/lib64/libSPIRV-Tools.so
7f69bbffc000-7f69bbfff000 r--p 0019b000 00:22 52919591                   /usr/lib64/libSPIRV-Tools.so
7f69bbfff000-7f69bc000000 rw-p 0019e000 00:22 52919591                   /usr/lib64/libSPIRV-Tools.so
7f69bc000000-7f69bc021000 rw-p 00000000 00:00 0 
7f69bc021000-7f69c0000000 ---p 00000000 00:00 0 
7f69c0000000-7f69c0001000 r--s 00000000 00:51 71                         /run/user/1000/dconf/user
7f69c0001000-7f69c0006000 r--s 00017000 00:22 57493328                   /home/fam/NetBeansProjects/ChromisKitchenScreen-master/dist/lib/hibernate-jpa-2.1-api-1.0.0.Final.jar
7f69c0006000-7f69c000b000 r--s 00048000 00:22 57493324                   /home/fam/NetBeansProjects/ChromisKitchenScreen-master/dist/lib/dom4j-1.6.1.jar
7f69c000b000-7f69c0011000 r--s 0007e000 00:22 57493323                   /home/fam/NetBeansProjects/ChromisKitchenScreen-master/dist/lib/derbyclient.jar
7f69c0011000-7f69c001f000 r--s 00080000 00:22 57493336                   /home/fam/NetBeansProjects/ChromisKitchenScreen-master/dist/lib/mchange-commons-java-0.2.3.4.jar
7f69c001f000-7f69c0026000 r--s 00061000 00:22 57493322                   /home/fam/NetBeansProjects/ChromisKitchenScreen-master/dist/lib/c3p0-0.9.2.1.jar
7f69c0026000-7f69c002b000 r--s 00068000 00:22 57493321                   /home/fam/NetBeansProjects/ChromisKitchenScreen-master/dist/lib/antlr-2.7.7.jar
7f69c002b000-7f69c002f000 rw-s 102f0e000 00:11 2072                      anon_inode:i915.gem
7f69c002f000-7f69c0050000 r--p 00000000 00:22 55205944                   /usr/share/locale/es/LC_MESSAGES/libc.mo
7f69c0050000-7f69c0075000 r-xp 00000000 00:22 52911808                   /usr/lib64/liblzma.so.5.8.2
7f69c0075000-7f69c0084000 r--p 00025000 00:22 52911808                   /usr/lib64/liblzma.so.5.8.2
7f69c0084000-7f69c0085000 r--p 00033000 00:22 52911808                   /usr/lib64/liblzma.so.5.8.2
7f69c0085000-7f69c0086000 rw-p 00034000 00:22 52911808                   /usr/lib64/liblzma.so.5.8.2
7f69c0086000-7f69c009b000 r-xp 00000000 00:22 52911220                   /usr/lib64/libtinfo.so.6.6
7f69c009b000-7f69c00ae000 r--p 00015000 00:22 52911220                   /usr/lib64/libtinfo.so.6.6
7f69c00ae000-7f69c00b2000 r--p 00028000 00:22 52911220                   /usr/lib64/libtinfo.so.6.6
7f69c00b2000-7f69c00b3000 rw-p 0002c000 00:22 52911220                   /usr/lib64/libtinfo.so.6.6
7f69c00b3000-7f69c00d6000 r-xp 00000000 00:22 52915268                   /usr/lib64/libedit.so.0.0.78
7f69c00d6000-7f69c00e9000 r--p 00023000 00:22 52915268                   /usr/lib64/libedit.so.0.0.78
7f69c00e9000-7f69c00ec000 r--p 00035000 00:22 52915268                   /usr/lib64/libedit.so.0.0.78
7f69c00ec000-7f69c00ed000 rw-p 00038000 00:22 52915268                   /usr/lib64/libedit.so.0.0.78
7f69c00ed000-7f69c00f0000 rw-p 00000000 00:00 0 
7f69c00f0000-7f69c0108000 r-xp 00000000 00:22 53567575                   /usr/lib64/libdrm_intel.so.1.134.0
7f69c0108000-7f69c0114000 r--p 00018000 00:22 53567575                   /usr/lib64/libdrm_intel.so.1.134.0
7f69c0114000-7f69c0115000 r--p 00023000 00:22 53567575                   /usr/lib64/libdrm_intel.so.1.134.0
7f69c0115000-7f69c0116000 rw-p 00024000 00:22 53567575                   /usr/lib64/libdrm_intel.so.1.134.0
7f69c0116000-7f69c01df000 r-xp 00000000 00:22 52911771                   /usr/lib64/libzstd.so.1.5.7
7f69c01df000-7f69c01fd000 r--p 000c9000 00:22 52911771                   /usr/lib64/libzstd.so.1.5.7
7f69c01fd000-7f69c01ff000 r--p 000e6000 00:22 52911771                   /usr/lib64/libzstd.so.1.5.7
7f69c01ff000-7f69c0200000 rw-p 00000000 00:00 0 
7f69c0200000-7f69c020c000 r-xp 00000000 00:22 57113921                   /usr/lib/jvm/bellsoft-java8-full.x86_64/jre/lib/amd64/libprism_es2.so
7f69c020c000-7f69c040b000 ---p 0000c000 00:22 57113921                   /usr/lib/jvm/bellsoft-java8-full.x86_64/jre/lib/amd64/libprism_es2.so
7f69c040b000-7f69c040c000 r--p 0000b000 00:22 57113921                   /usr/lib/jvm/bellsoft-java8-full.x86_64/jre/lib/amd64/libprism_es2.so
7f69c040c000-7f69c040d000 rw-p 0000c000 00:22 57113921                   /usr/lib/jvm/bellsoft-java8-full.x86_64/jre/lib/amd64/libprism_es2.so
7f69c040d000-7f69c0413000 r-xp 00000000 00:22 52919049                   /usr/lib64/libpciaccess.so.0.11.1
7f69c0413000-7f69c0416000 r--p 00006000 00:22 52919049                   /usr/lib64/libpciaccess.so.0.11.1
7f69c0416000-7f69c0417000 r--p 00009000 00:22 52919049                   /usr/lib64/libpciaccess.so.0.11.1
7f69c0417000-7f69c0418000 rw-p 00000000 00:00 0 
7f69c0418000-7f69c0423000 r-xp 00000000 00:22 52914192                   /usr/lib64/libffi.so.8.2.0
7f69c0423000-7f69c0426000 r--p 0000b000 00:22 52914192                   /usr/lib64/libffi.so.8.2.0
7f69c0426000-7f69c0427000 r--p 0000e000 00:22 52914192                   /usr/lib64/libffi.so.8.2.0
7f69c0427000-7f69c0428000 rw-p 0000f000 00:22 52914192                   /usr/lib64/libffi.so.8.2.0
7f69c0428000-7f69c042f000 r-xp 00000000 00:22 53567573                   /usr/lib64/libdrm_amdgpu.so.1.134.0
7f69c042f000-7f69c0434000 r--p 00007000 00:22 53567573                   /usr/lib64/libdrm_amdgpu.so.1.134.0
7f69c0434000-7f69c0435000 r--p 0000b000 00:22 53567573                   /usr/lib64/libdrm_amdgpu.so.1.134.0
7f69c0435000-7f69c0436000 rw-p 00000000 00:00 0 
7f69c0436000-7f69c044a000 r-xp 00000000 00:22 56035704                   /usr/lib64/libelf-0.196.so
7f69c044a000-7f69c0451000 r--p 00014000 00:22 56035704                   /usr/lib64/libelf-0.196.so
7f69c0451000-7f69c0452000 r--p 0001b000 00:22 56035704                   /usr/lib64/libelf-0.196.so
7f69c0452000-7f69c0453000 rw-p 00000000 00:00 0 
7f69c0453000-7f69c0470000 r-xp 00000000 00:22 52911739                   /usr/lib64/libz.so.1.3.1.zlib-ng
7f69c0470000-7f69c047b000 r--p 0001d000 00:22 52911739                   /usr/lib64/libz.so.1.3.1.zlib-ng
7f69c047b000-7f69c047c000 r--p 00027000 00:22 52911739                   /usr/lib64/libz.so.1.3.1.zlib-ng
7f69c047c000-7f69c047d000 rw-p 00028000 00:22 52911739                   /usr/lib64/libz.so.1.3.1.zlib-ng
7f69c047d000-7f69c04a1000 r-xp 00000000 00:22 56034481                   /usr/lib64/libgcc_s-16-20260819.so.1
7f69c04a1000-7f69c04a8000 r--p 00024000 00:22 56034481                   /usr/lib64/libgcc_s-16-20260819.so.1
7f69c04a8000-7f69c04a9000 r--p 0002b000 00:22 56034481                   /usr/lib64/libgcc_s-16-20260819.so.1
7f69c04a9000-7f69c04aa000 rw-p 00000000 00:00 0 
7f69c04aa000-7f69c0550000 r-xp 00000000 00:22 52914941                   /usr/lib64/libX11.so.6.4.0
7f69c0550000-7f69c05f9000 r--p 000a6000 00:22 52914941                   /usr/lib64/libX11.so.6.4.0
7f69c05f9000-7f69c05fc000 r--p 0014e000 00:22 52914941                   /usr/lib64/libX11.so.6.4.0
7f69c05fc000-7f69c0600000 rw-p 00151000 00:22 52914941                   /usr/lib64/libX11.so.6.4.0
7f69c0600000-7f69c0618000 r-xp 00000000 00:22 57113917                   /usr/lib/jvm/bellsoft-java8-full.x86_64/jre/lib/amd64/libnet.so
7f69c0618000-7f69c0817000 ---p 00018000 00:22 57113917                   /usr/lib/jvm/bellsoft-java8-full.x86_64/jre/lib/amd64/libnet.so
7f69c0817000-7f69c0818000 r--p 00017000 00:22 57113917                   /usr/lib/jvm/bellsoft-java8-full.x86_64/jre/lib/amd64/libnet.so
7f69c0818000-7f69c0819000 rw-p 00018000 00:22 57113917                   /usr/lib/jvm/bellsoft-java8-full.x86_64/jre/lib/amd64/libnet.so
7f69c0819000-7f69c081a000 r--s 00006000 00:22 57493012                   /home/fam/NetBeansProjects/ChromisKitchenScreen-master/lib/jboss-transaction-api_1.2_spec-1.0.0.Final.jar
7f69c081a000-7f69c0820000 r-xp 00000000 00:22 52914902                   /usr/lib64/libxcb-randr.so.0.1.0
7f69c0820000-7f69c082a000 r--p 00006000 00:22 52914902                   /usr/lib64/libxcb-randr.so.0.1.0
7f69c082a000-7f69c082b000 r--p 00010000 00:22 52914902                   /usr/lib64/libxcb-randr.so.0.1.0
7f69c082b000-7f69c082c000 rw-p 00011000 00:22 52914902                   /usr/lib64/libxcb-randr.so.0.1.0
7f69c082c000-7f69c086e000 r-xp 00000000 00:22 56759246                   /usr/lib64/libGLX_mesa.so.0.0.0
7f69c086e000-7f69c0883000 r--p 00042000 00:22 56759246                   /usr/lib64/libGLX_mesa.so.0.0.0
7f69c0883000-7f69c0887000 r--p 00056000 00:22 56759246                   /usr/lib64/libGLX_mesa.so.0.0.0
7f69c0887000-7f69c0888000 rw-p 0005a000 00:22 56759246                   /usr/lib64/libGLX_mesa.so.0.0.0
7f69c0888000-7f69c08c7000 r-xp 00000000 00:22 52919041                   /usr/lib64/libGLdispatch.so.0.0.0
7f69c08c7000-7f69c08db000 r--p 0003f000 00:22 52919041                   /usr/lib64/libGLdispatch.so.0.0.0
7f69c08db000-7f69c08f7000 r--p 00053000 00:22 52919041                   /usr/lib64/libGLdispatch.so.0.0.0
7f69c08f7000-7f69c08f8000 rw-p 0006f000 00:22 52919041                   /usr/lib64/libGLdispatch.so.0.0.0
7f69c08f8000-7f69c0900000 rw-p 00000000 00:00 0 
7f69c0900000-7f69c0903000 ---p 00000000 00:00 0 
7f69c0903000-7f69c0a00000 rw-p 00000000 00:00 0 
7f69c0a00000-7f69c0a11000 r-xp 00000000 00:22 57113918                   /usr/lib/jvm/bellsoft-java8-full.x86_64/jre/lib/amd64/libnio.so
7f69c0a11000-7f69c0c11000 ---p 00011000 00:22 57113918                   /usr/lib/jvm/bellsoft-java8-full.x86_64/jre/lib/amd64/libnio.so
7f69c0c11000-7f69c0c12000 r--p 00011000 00:22 57113918                   /usr/lib/jvm/bellsoft-java8-full.x86_64/jre/lib/amd64/libnio.so
7f69c0c12000-7f69c0c13000 rw-p 00012000 00:22 57113918                   /usr/lib/jvm/bellsoft-java8-full.x86_64/jre/lib/amd64/libnio.so
7f69c0c13000-7f69c0c14000 r--s 00002000 00:22 57493011                   /home/fam/NetBeansProjects/ChromisKitchenScreen-master/lib/jboss-logging-annotations-1.2.0.Beta1.jar
7f69c0c14000-7f69c0c16000 r--s 00011000 00:22 57493330                   /home/fam/NetBeansProjects/ChromisKitchenScreen-master/dist/lib/jandex-1.1.0.Final.jar
7f69c0c16000-7f69c0c1c000 rw-s 1074cf000 00:11 2072                      anon_inode:i915.gem
7f69c0c1c000-7f69c0d1d000 rw-p 00000000 00:00 0 
7f69c0d1d000-7f69c0d20000 ---p 00000000 00:00 0 
7f69c0d20000-7f69c0e1e000 rw-p 00000000 00:00 0 
7f69c0e1e000-7f69c0e21000 ---p 00000000 00:00 0 
7f69c0e21000-7f69c0f1f000 rw-p 00000000 00:00 0 
7f69c0f1f000-7f69c0f22000 ---p 00000000 00:00 0 
7f69c0f22000-7f69c1020000 rw-p 00000000 00:00 0 
7f69c1020000-7f69c1023000 ---p 00000000 00:00 0 
7f69c1023000-7f69c1120000 rw-p 00000000 00:00 0 
7f69c1120000-7f69c1123000 ---p 00000000 00:00 0 
7f69c1123000-7f69c1220000 rw-p 00000000 00:00 0 
7f69c1220000-7f69c1223000 ---p 00000000 00:00 0 
7f69c1223000-7f69c1320000 rw-p 00000000 00:00 0 
7f69c1320000-7f69c1323000 ---p 00000000 00:00 0 
7f69c1323000-7f69c1420000 rw-p 00000000 00:00 0 
7f69c1420000-7f69c9000000 rw-p 00000000 00:00 0 
7f69c9000000-7f69c9270000 rwxp 00000000 00:00 0 
7f69c9270000-7f69d8000000 ---p 00000000 00:00 0 
7f69d8000000-7f69d873f000 rw-p 00000000 00:00 0 
7f69d873f000-7f69dc000000 ---p 00000000 00:00 0 
7f69dc000000-7f69dc003000 r--s 00010000 00:22 57493326                   /home/fam/NetBeansProjects/ChromisKitchenScreen-master/dist/lib/hibernate-commons-annotations-4.0.5.Final.jar
7f69dc003000-7f69dc007000 rw-s 1074a7000 00:11 2072                      anon_inode:i915.gem
7f69dc007000-7f69dc00a000 r-xp 00000000 00:22 52914916                   /usr/lib64/libxcb-sync.so.1.0.0
7f69dc00a000-7f69dc00d000 r--p 00003000 00:22 52914916                   /usr/lib64/libxcb-sync.so.1.0.0
7f69dc00d000-7f69dc00e000 r--p 00006000 00:22 52914916                   /usr/lib64/libxcb-sync.so.1.0.0
7f69dc00e000-7f69dc00f000 rw-p 00007000 00:22 52914916                   /usr/lib64/libxcb-sync.so.1.0.0
7f69dc00f000-7f69dc017000 r-xp 00000000 00:22 52928029                   /usr/lib64/libsensors.so.4.5.0
7f69dc017000-7f69dc01c000 r--p 00008000 00:22 52928029                   /usr/lib64/libsensors.so.4.5.0
7f69dc01c000-7f69dc01d000 r--p 0000d000 00:22 52928029                   /usr/lib64/libsensors.so.4.5.0
7f69dc01d000-7f69dc01e000 rw-p 0000e000 00:22 52928029                   /usr/lib64/libsensors.so.4.5.0
7f69dc01e000-7f69dc11f000 rw-p 00000000 00:00 0 
7f69dc11f000-7f69dd02e000 rw-p 00000000 00:00 0 
7f69dd02e000-7f69dd200000 r--s 03cde000 00:22 57114002                   /usr/lib/jvm/bellsoft-java8-full.x86_64/jre/lib/rt.jar
7f69dd200000-7f69dd740000 rw-p 00000000 00:00 0 
7f69dd740000-7f69dda00000 ---p 00000000 00:00 0 
7f69dda00000-7f69dda06000 rw-s 102f19000 00:11 2072                      anon_inode:i915.gem
7f69dda06000-7f69dda09000 r-xp 00000000 00:22 52914920                   /usr/lib64/libxcb-xfixes.so.0.0.0
7f69dda09000-7f69dda0d000 r--p 00003000 00:22 52914920                   /usr/lib64/libxcb-xfixes.so.0.0.0
7f69dda0d000-7f69dda0e000 r--p 00007000 00:22 52914920                   /usr/lib64/libxcb-xfixes.so.0.0.0
7f69dda0e000-7f69dda0f000 rw-p 00008000 00:22 52914920                   /usr/lib64/libxcb-xfixes.so.0.0.0
7f69dda0f000-7f69dda30000 r-xp 00000000 00:22 56034555                   /usr/lib64/libexpat.so.1.12.3
7f69dda30000-7f69dda3a000 r--p 00021000 00:22 56034555                   /usr/lib64/libexpat.so.1.12.3
7f69dda3a000-7f69dda3c000 r--p 0002b000 00:22 56034555                   /usr/lib64/libexpat.so.1.12.3
7f69dda3c000-7f69dda3d000 rw-p 00000000 00:00 0 
7f69dda3d000-7f69dda58000 r-xp 00000000 00:22 52929019                   /usr/lib64/libGLX.so.0.0.0
7f69dda58000-7f69dda5c000 r--p 0001b000 00:22 52929019                   /usr/lib64/libGLX.so.0.0.0
7f69dda5c000-7f69dda5d000 r--p 0001f000 00:22 52929019                   /usr/lib64/libGLX.so.0.0.0
7f69dda5d000-7f69dda5e000 rw-p 00020000 00:22 52929019                   /usr/lib64/libGLX.so.0.0.0
7f69dda5e000-7f69dda6e000 rw-p 00000000 00:00 0 
7f69dda6e000-7f69dda82000 r-xp 00000000 00:22 52914936                   /usr/lib64/libxcb.so.1.1.0
7f69dda82000-7f69dda96000 r--p 00014000 00:22 52914936                   /usr/lib64/libxcb.so.1.1.0
7f69dda96000-7f69dda97000 r--p 00028000 00:22 52914936                   /usr/lib64/libxcb.so.1.1.0
7f69dda97000-7f69dda98000 rw-p 00029000 00:22 52914936                   /usr/lib64/libxcb.so.1.1.0
7f69dda98000-7f69de256000 rw-p 00000000 00:00 0 
7f69de256000-7f69de357000 rw-p 00000000 00:00 0 
7f69de357000-7f69de3aa000 rw-p 00000000 00:00 0 
7f69de3aa000-7f69de881000 ---p 00000000 00:00 0 
7f69de881000-7f69de8d4000 rw-p 00000000 00:00 0 
7f69de8d4000-7f69dedaa000 ---p 00000000 00:00 0 
7f69dedaa000-7f69dedd4000 rw-p 00000000 00:00 0 
7f69dedd4000-7f69df03f000 ---p 00000000 00:00 0 
7f69df03f000-7f69df04a000 rw-p 00000000 00:00 0 
7f69df04a000-7f69df400000 ---p 00000000 00:00 0 
7f69df400000-7f69df41b000 r-xp 00000000 00:22 57113929                   /usr/lib/jvm/bellsoft-java8-full.x86_64/jre/lib/amd64/libzip.so
7f69df41b000-7f69df61b000 ---p 0001b000 00:22 57113929                   /usr/lib/jvm/bellsoft-java8-full.x86_64/jre/lib/amd64/libzip.so
7f69df61b000-7f69df61c000 r--p 0001b000 00:22 57113929                   /usr/lib/jvm/bellsoft-java8-full.x86_64/jre/lib/amd64/libzip.so
7f69df61c000-7f69df61d000 rw-p 0001c000 00:22 57113929                   /usr/lib/jvm/bellsoft-java8-full.x86_64/jre/lib/amd64/libzip.so
7f69df61d000-7f69df626000 r-xp 00000000 00:22 52914898                   /usr/lib64/libxcb-glx.so.0.0.0
7f69df626000-7f69df636000 r--p 00009000 00:22 52914898                   /usr/lib64/libxcb-glx.so.0.0.0
7f69df636000-7f69df638000 r--p 00019000 00:22 52914898                   /usr/lib64/libxcb-glx.so.0.0.0
7f69df638000-7f69df639000 rw-p 0001b000 00:22 52914898                   /usr/lib64/libxcb-glx.so.0.0.0
7f69df639000-7f69df659000 r-xp 00000000 00:22 52929017                   /usr/lib64/libGL.so.1.7.0
7f69df659000-7f69df69c000 r--p 00020000 00:22 52929017                   /usr/lib64/libGL.so.1.7.0
7f69df69c000-7f69df6aa000 r--p 00063000 00:22 52929017                   /usr/lib64/libGL.so.1.7.0
7f69df6aa000-7f69df6ab000 rw-p 00071000 00:22 52929017                   /usr/lib64/libGL.so.1.7.0
7f69df6ab000-7f69df6ac000 rw-p 00000000 00:00 0 
7f69df6ac000-7f69df6ad000 r--s 00009000 00:22 57493003                   /home/fam/NetBeansProjects/ChromisKitchenScreen-master/lib/hibernate-c3p0-4.3.10.Final.jar
7f69df6ad000-7f69df6af000 rw-s 10b660000 00:11 2072                      anon_inode:i915.gem
7f69df6af000-7f69df6b3000 rw-s 1003ac000 00:11 2072                      anon_inode:i915.gem
7f69df6b3000-7f69df6b9000 rw-s 107919000 00:11 2072                      anon_inode:i915.gem
7f69df6b9000-7f69df6bd000 rw-s 1078f4000 00:11 2072                      anon_inode:i915.gem
7f69df6bd000-7f69df6c3000 rw-s 1030dc000 00:11 2072                      anon_inode:i915.gem
7f69df6c3000-7f69df6c7000 rw-s 103d33000 00:11 2072                      anon_inode:i915.gem
7f69df6c7000-7f69df6ce000 r--s 00000000 00:22 55292810                   /usr/lib64/gconv/gconv-modules.cache
7f69df6ce000-7f69df6ff000 rw-p 00000000 00:00 0 
7f69df6ff000-7f69df800000 rw-p 00000000 00:00 0 
7f69df800000-7f69df82a000 r-xp 00000000 00:22 57113898                   /usr/lib/jvm/bellsoft-java8-full.x86_64/jre/lib/amd64/libjava.so
7f69df82a000-7f69dfa29000 ---p 0002a000 00:22 57113898                   /usr/lib/jvm/bellsoft-java8-full.x86_64/jre/lib/amd64/libjava.so
7f69dfa29000-7f69dfa2a000 r--p 00029000 00:22 57113898                   /usr/lib/jvm/bellsoft-java8-full.x86_64/jre/lib/amd64/libjava.so
7f69dfa2a000-7f69dfa2c000 rw-p 0002a000 00:22 57113898                   /usr/lib/jvm/bellsoft-java8-full.x86_64/jre/lib/amd64/libjava.so
7f69dfa2c000-7f69dfa2d000 r--s 00006000 00:22 57493334                   /home/fam/NetBeansProjects/ChromisKitchenScreen-master/dist/lib/jboss-transaction-api_1.2_spec-1.0.0.Final.jar
7f69dfa2d000-7f69dfa2e000 r-xp 00000000 00:22 52919074                   /usr/lib64/libxshmfence.so.1.0.0
7f69dfa2e000-7f69dfa2f000 r--p 00001000 00:22 52919074                   /usr/lib64/libxshmfence.so.1.0.0
7f69dfa2f000-7f69dfa30000 r--p 00001000 00:22 52919074                   /usr/lib64/libxshmfence.so.1.0.0
7f69dfa30000-7f69dfa31000 rw-p 00002000 00:22 52919074                   /usr/lib64/libxshmfence.so.1.0.0
7f69dfa31000-7f69dfa32000 r-xp 00000000 00:22 52914900                   /usr/lib64/libxcb-present.so.0.0.0
7f69dfa32000-7f69dfa34000 r--p 00001000 00:22 52914900                   /usr/lib64/libxcb-present.so.0.0.0
7f69dfa34000-7f69dfa35000 r--p 00002000 00:22 52914900                   /usr/lib64/libxcb-present.so.0.0.0
7f69dfa35000-7f69dfa36000 rw-p 00003000 00:22 52914900                   /usr/lib64/libxcb-present.so.0.0.0
7f69dfa36000-7f69dfa42000 r-xp 00000000 00:22 53567571                   /usr/lib64/libdrm.so.2.134.0
7f69dfa42000-7f69dfa4a000 r--p 0000c000 00:22 53567571                   /usr/lib64/libdrm.so.2.134.0
7f69dfa4a000-7f69dfa4b000 r--p 00014000 00:22 53567571                   /usr/lib64/libdrm.so.2.134.0
7f69dfa4b000-7f69dfa4c000 rw-p 00000000 00:00 0 
7f69dfa4c000-7f69dfade000 r--s 01406000 00:22 57113950                   /usr/lib/jvm/bellsoft-java8-full.x86_64/jre/lib/ext/jfxrt.jar
7f69dfade000-7f69dfaff000 rw-p 00000000 00:00 0 
7f69dfaff000-7f69dfc00000 rw-p 00000000 00:00 0 
7f69dfc00000-7f69dfc0d000 r-xp 00000000 00:22 57113928                   /usr/lib/jvm/bellsoft-java8-full.x86_64/jre/lib/amd64/libverify.so
7f69dfc0d000-7f69dfe0c000 ---p 0000d000 00:22 57113928                   /usr/lib/jvm/bellsoft-java8-full.x86_64/jre/lib/amd64/libverify.so
7f69dfe0c000-7f69dfe0e000 r--p 0000c000 00:22 57113928                   /usr/lib/jvm/bellsoft-java8-full.x86_64/jre/lib/amd64/libverify.so
7f69dfe0e000-7f69dfe0f000 rw-p 0000e000 00:22 57113928                   /usr/lib/jvm/bellsoft-java8-full.x86_64/jre/lib/amd64/libverify.so
7f69dfe0f000-7f69dfe10000 r--s 00002000 00:22 57493333                   /home/fam/NetBeansProjects/ChromisKitchenScreen-master/dist/lib/jboss-logging-annotations-1.2.0.Beta1.jar
7f69dfe10000-7f69dfe11000 r--s 00009000 00:22 57493325                   /home/fam/NetBeansProjects/ChromisKitchenScreen-master/dist/lib/hibernate-c3p0-4.3.10.Final.jar
7f69dfe11000-7f69dfe12000 rw-s 1078f8000 00:11 2072                      anon_inode:i915.gem
7f69dfe12000-7f69dfe1e000 r-xp 00000000 00:22 52914945                   /usr/lib64/libXext.so.6.4.0
7f69dfe1e000-7f69dfe24000 r--p 0000c000 00:22 52914945                   /usr/lib64/libXext.so.6.4.0
7f69dfe24000-7f69dfe25000 r--p 00011000 00:22 52914945                   /usr/lib64/libXext.so.6.4.0
7f69dfe25000-7f69dfe26000 rw-p 00012000 00:22 52914945                   /usr/lib64/libXext.so.6.4.0
7f69dfe26000-7f69dfeff000 rw-p 00000000 00:00 0 
7f69dfeff000-7f69e0000000 rw-p 00000000 00:00 0 
7f69e0000000-7f69e0d63000 r-xp 00000000 00:22 57113933                   /usr/lib/jvm/bellsoft-java8-full.x86_64/jre/lib/amd64/server/libjvm.so
7f69e0d63000-7f69e0f63000 ---p 00d63000 00:22 57113933                   /usr/lib/jvm/bellsoft-java8-full.x86_64/jre/lib/amd64/server/libjvm.so
7f69e0f63000-7f69e0ffa000 r--p 00d63000 00:22 57113933                   /usr/lib/jvm/bellsoft-java8-full.x86_64/jre/lib/amd64/server/libjvm.so
7f69e0ffa000-7f69e1023000 rw-p 00dfa000 00:22 57113933                   /usr/lib/jvm/bellsoft-java8-full.x86_64/jre/lib/amd64/server/libjvm.so
7f69e1023000-7f69e1056000 rw-p 00000000 00:00 0 
7f69e1056000-7f69e1057000 rw-s 1075fb000 00:11 2072                      anon_inode:i915.gem
7f69e1057000-7f69e1059000 r-xp 00000000 00:22 52914896                   /usr/lib64/libxcb-dri3.so.0.1.0
7f69e1059000-7f69e105b000 r--p 00002000 00:22 52914896                   /usr/lib64/libxcb-dri3.so.0.1.0
7f69e105b000-7f69e105c000 r--p 00004000 00:22 52914896                   /usr/lib64/libxcb-dri3.so.0.1.0
7f69e105c000-7f69e105d000 rw-p 00005000 00:22 52914896                   /usr/lib64/libxcb-dri3.so.0.1.0
7f69e105d000-7f69e1106000 rw-p 00000000 00:00 0 
7f69e1106000-7f69e1107000 rw-p 00000000 00:00 0 
7f69e1107000-7f69e110a000 ---p 00000000 00:00 0 
7f69e110a000-7f69e1207000 rw-p 00000000 00:00 0 
7f69e1207000-7f69e1379000 r-xp 00000000 00:22 55205378                   /usr/lib64/libc.so.6
7f69e1379000-7f69e13f2000 r--p 00172000 00:22 55205378                   /usr/lib64/libc.so.6
7f69e13f2000-7f69e13f6000 r--p 001eb000 00:22 55205378                   /usr/lib64/libc.so.6
7f69e13f6000-7f69e13f8000 rw-p 001ef000 00:22 55205378                   /usr/lib64/libc.so.6
7f69e13f8000-7f69e1400000 rw-p 00000000 00:00 0 
7f69e1400000-7f69e1418000 r-xp 00000000 00:22 57114020                   /usr/lib/jvm/bellsoft-java8-full.x86_64/lib/amd64/jli/libjli.so
7f69e1418000-7f69e1617000 ---p 00018000 00:22 57114020                   /usr/lib/jvm/bellsoft-java8-full.x86_64/lib/amd64/jli/libjli.so
7f69e1617000-7f69e1618000 r--p 00017000 00:22 57114020                   /usr/lib/jvm/bellsoft-java8-full.x86_64/lib/amd64/jli/libjli.so
7f69e1618000-7f69e1619000 rw-p 00018000 00:22 57114020                   /usr/lib/jvm/bellsoft-java8-full.x86_64/lib/amd64/jli/libjli.so
7f69e1619000-7f69e161a000 r-xp 00000000 00:22 52914914                   /usr/lib64/libxcb-shm.so.0.0.0
7f69e161a000-7f69e161b000 r--p 00001000 00:22 52914914                   /usr/lib64/libxcb-shm.so.0.0.0
7f69e161b000-7f69e161c000 r--p 00002000 00:22 52914914                   /usr/lib64/libxcb-shm.so.0.0.0
7f69e161c000-7f69e161d000 rw-p 00003000 00:22 52914914                   /usr/lib64/libxcb-shm.so.0.0.0
7f69e161d000-7f69e161e000 r-xp 00000000 00:22 52914405                   /usr/lib64/libX11-xcb.so.1.0.0
7f69e161e000-7f69e161f000 r--p 00001000 00:22 52914405                   /usr/lib64/libX11-xcb.so.1.0.0
7f69e161f000-7f69e1620000 r--p 00001000 00:22 52914405                   /usr/lib64/libX11-xcb.so.1.0.0
7f69e1620000-7f69e16b8000 rw-p 00000000 00:00 0 
7f69e16b8000-7f69e16b9000 r-xp 00000000 00:22 55205388                   /usr/lib64/librt.so.1
7f69e16b9000-7f69e16ba000 r--p 00001000 00:22 55205388                   /usr/lib64/librt.so.1
7f69e16ba000-7f69e16bb000 r--p 00001000 00:22 55205388                   /usr/lib64/librt.so.1
7f69e16bb000-7f69e16bc000 rw-p 00000000 00:00 0 
7f69e16bc000-7f69e174b000 r-xp 00000000 00:22 55205380                   /usr/lib64/libm.so.6
7f69e174b000-7f69e17d1000 r--p 0008f000 00:22 55205380                   /usr/lib64/libm.so.6
7f69e17d1000-7f69e17d2000 r--p 00114000 00:22 55205380                   /usr/lib64/libm.so.6
7f69e17d2000-7f69e17d3000 rw-p 00115000 00:22 55205380                   /usr/lib64/libm.so.6
7f69e17d3000-7f69e17d5000 rw-p 00000000 00:00 0 
7f69e17d5000-7f69e17d6000 r-xp 00000000 00:22 55205379                   /usr/lib64/libdl.so.2
7f69e17d6000-7f69e17d7000 r--p 00001000 00:22 55205379                   /usr/lib64/libdl.so.2
7f69e17d7000-7f69e17d8000 r--p 00001000 00:22 55205379                   /usr/lib64/libdl.so.2
7f69e17d8000-7f69e17d9000 rw-p 00000000 00:00 0 
7f69e17d9000-7f69e17da000 r-xp 00000000 00:22 55205386                   /usr/lib64/libpthread.so.0
7f69e17da000-7f69e17db000 r--p 00001000 00:22 55205386                   /usr/lib64/libpthread.so.0
7f69e17db000-7f69e17dc000 r--p 00001000 00:22 55205386                   /usr/lib64/libpthread.so.0
7f69e17dc000-7f69e17dd000 rw-p 00000000 00:00 0 
7f69e17dd000-7f69e17de000 rw-s 103d37000 00:11 2072                      anon_inode:i915.gem
7f69e17de000-7f69e17df000 rw-p 00000000 00:00 0 
7f69e17df000-7f69e17e0000 rw-p 00000000 00:00 0 
7f69e17e0000-7f69e17e2000 r-xp 00000000 00:22 52914853                   /usr/lib64/libXau.so.6.0.0
7f69e17e2000-7f69e17e3000 r--p 00002000 00:22 52914853                   /usr/lib64/libXau.so.6.0.0
7f69e17e3000-7f69e17e4000 r--p 00003000 00:22 52914853                   /usr/lib64/libXau.so.6.0.0
7f69e17e4000-7f69e17e5000 rw-p 00000000 00:00 0 
7f69e17e5000-7f69e17e8000 r-xp 00000000 00:22 52924629                   /usr/lib64/libXxf86vm.so.1.0.0
7f69e17e8000-7f69e17ea000 r--p 00003000 00:22 52924629                   /usr/lib64/libXxf86vm.so.1.0.0
7f69e17ea000-7f69e17eb000 r--p 00004000 00:22 52924629                   /usr/lib64/libXxf86vm.so.1.0.0
7f69e17eb000-7f69e17ec000 rw-p 00005000 00:22 52924629                   /usr/lib64/libXxf86vm.so.1.0.0
7f69e17ec000-7f69e17ee000 r--s 00026000 00:22 57493220                   /home/fam/NetBeansProjects/ChromisKitchenScreen-master/dist/Chromis_Kitchen_Scr.jar
7f69e17ee000-7f69e17f5000 r--s 000d3000 00:22 57113984                   /usr/lib/jvm/bellsoft-java8-full.x86_64/jre/lib/jfr.jar
7f69e17f5000-7f69e17fd000 rw-s 00000000 00:32 13316                      /tmp/hsperfdata_fam/56360
7f69e17fd000-7f69e17fe000 rw-p 00000000 00:00 0 
7f69e17fe000-7f69e17ff000 r--p 00000000 00:00 0 
7f69e17ff000-7f69e1801000 rw-p 00000000 00:00 0 
7f69e1801000-7f69e1805000 r--p 00000000 00:00 0                          [vvar]
7f69e1805000-7f69e1807000 r--p 00000000 00:00 0                          [vvar_vclock]
7f69e1807000-7f69e1809000 r-xp 00000000 00:00 0                          [vdso]
7f69e1809000-7f69e1834000 r-xp 00000000 00:22 55205375                   /usr/lib64/ld-linux-x86-64.so.2
7f69e1834000-7f69e1840000 r--p 0002b000 00:22 55205375                   /usr/lib64/ld-linux-x86-64.so.2
7f69e1840000-7f69e1842000 r--p 00037000 00:22 55205375                   /usr/lib64/ld-linux-x86-64.so.2
7f69e1842000-7f69e1843000 rw-p 00039000 00:22 55205375                   /usr/lib64/ld-linux-x86-64.so.2
7f69e1843000-7f69e1844000 rw-p 00000000 00:00 0 
7ffd7b290000-7ffd7b2b2000 rw-p 00000000 00:00 0                          [stack]
ffffffffff600000-ffffffffff601000 --xp 00000000 00:00 0                  [vsyscall]

VM Arguments:
jvm_args: -Dfile.encoding=UTF-8 
java_command: uk.chromis.kitchenscr.KitchenScr
java_class_path (initial): /home/fam/NetBeansProjects/ChromisKitchenScreen-master/dist/Chromis_Kitchen_Scr.jar:/usr/lib/jvm/bellsoft-java8-full.x86_64/jre/lib/ext/jfxrt.jar:/home/fam/NetBeansProjects/ChromisKitchenScreen-master/lib/antlr-2.7.7.jar:/home/fam/NetBeansProjects/ChromisKitchenScreen-master/lib/c3p0-0.9.2.1.jar:/home/fam/NetBeansProjects/ChromisKitchenScreen-master/lib/derbyclient.jar:/home/fam/NetBeansProjects/ChromisKitchenScreen-master/lib/dom4j-1.6.1.jar:/home/fam/NetBeansProjects/ChromisKitchenScreen-master/lib/hibernate-c3p0-4.3.10.Final.jar:/home/fam/NetBeansProjects/ChromisKitchenScreen-master/lib/hibernate-commons-annotations-4.0.5.Final.jar:/home/fam/NetBeansProjects/ChromisKitchenScreen-master/lib/hibernate-core-4.3.10.Final.jar:/home/fam/NetBeansProjects/ChromisKitchenScreen-master/lib/hibernate-jpa-2.1-api-1.0.0.Final.jar:/home/fam/NetBeansProjects/ChromisKitchenScreen-master/lib/hsqldb.jar:/home/fam/NetBeansProjects/ChromisKitchenScreen-master/lib/jandex-1.1.0.Final.jar:/home/fam/NetBeansProjects/ChromisKitchenScreen-master/lib/javassist-3.18.1-GA.jar:/home/fam/NetBeansProjects/ChromisKitchenScreen-master/lib/jboss-logging-3.1.3.GA.jar:/home/fam/NetBeansProjects/ChromisKitchenScreen-master/lib/jboss-logging-annotations-1.2.0.Beta1.jar:/home/fam/NetBeansProjects/ChromisKitchenScreen-master/lib/jboss-transaction-api_1.2_spec-1.0.0.Final.jar:/home/fam/NetBeansProjects/ChromisKitchenScreen-master/lib/liquibase.jar:/home/fam/NetBeansProjects/ChromisKitchenScreen-master/lib/mchange-commons-java-0.2.3.4.jar:/home/fam/NetBeansProjects/ChromisKitchenScreen-master/lib/mysql-connector-java-5.1.26-bin.jar:/home/fam/NetBeansProjects/ChromisKitchenScreen-master/lib/ojdbc6.jar:/home/fam/NetBeansProjects/ChromisKitchenScreen-master/lib/postgresql-9.4-1201.jdbc4.jar:/home/fam/NetBeansProjects/ChromisKitchenScreen-master/build/classes
Launcher Type: SUN_STANDARD

Environment Variables:
JAVA_HOME=/usr/lib/jvm/bellsoft-java8-full.x86_64
PATH=/home/fam/.local/bin:/home/fam/bin:/usr/local/sbin:/usr/local/bin:/usr/sbin:/usr/bin
USERNAME=fam
SHELL=/bin/bash
DISPLAY=:0

Signal Handlers:
SIGSEGV: [libjvm.so+0xb41ce0], sa_mask[0]=11111111011111111101111111111110, sa_flags=SA_RESTART|SA_SIGINFO
SIGBUS: [libjvm.so+0xb41ce0], sa_mask[0]=11111111011111111101111111111110, sa_flags=SA_RESTART|SA_SIGINFO
SIGFPE: [libjvm.so+0x969ed0], sa_mask[0]=11111111011111111101111111111110, sa_flags=SA_RESTART|SA_SIGINFO
SIGPIPE: SIG_IGN, sa_mask[0]=00000000000010000000000000000000, sa_flags=SA_RESTART
SIGXFSZ: [libjvm.so+0x969ed0], sa_mask[0]=11111111011111111101111111111110, sa_flags=SA_RESTART|SA_SIGINFO
SIGILL: [libjvm.so+0x969ed0], sa_mask[0]=11111111011111111101111111111110, sa_flags=SA_RESTART|SA_SIGINFO
SIGUSR1: SIG_DFL, sa_mask[0]=00000000000000000000000000000000, sa_flags=none
SIGUSR2: [libjvm.so+0x96a580], sa_mask[0]=00100000000000000000000000000000, sa_flags=SA_RESTART|SA_SIGINFO
SIGHUP: [libjvm.so+0x96a4c0], sa_mask[0]=11111111011111111101111111111110, sa_flags=SA_RESTART|SA_SIGINFO
SIGINT: [libjvm.so+0x96a4c0], sa_mask[0]=11111111011111111101111111111110, sa_flags=SA_RESTART|SA_SIGINFO
SIGTERM: [libjvm.so+0x96a4c0], sa_mask[0]=11111111011111111101111111111110, sa_flags=SA_RESTART|SA_SIGINFO
SIGQUIT: [libjvm.so+0x96a4c0], sa_mask[0]=11111111011111111101111111111110, sa_flags=SA_RESTART|SA_SIGINFO


---------------  S Y S T E M  ---------------

OS:Fedora release 44 (Forty Four)

uname:Linux 7.2.7-200.fc44.x86_64 #1 SMP PREEMPT_DYNAMIC Mon Sep 21 18:25:57 UTC 2026 x86_64
libc:glibc 2.43 NPTL 2.43 
rlimit: STACK 8192k, CORE infinity, NPROC 63160, NOFILE 1048576, AS infinity
load average:1.59 1.50 1.21

/proc/meminfo:
MemTotal:       16233576 kB
MemFree:          169656 kB
MemAvailable:    6744544 kB
Buffers:            6820 kB
Cached:          7557112 kB
SwapCached:            0 kB
Active:          8450084 kB
Inactive:        6777456 kB
Active(anon):    7609108 kB
Inactive(anon):   896144 kB
Active(file):     840976 kB
Inactive(file):  5881312 kB
Unevictable:      177164 kB
Mlocked:            5880 kB
SwapTotal:       8388604 kB
SwapFree:        8388532 kB
Zswap:                 0 kB
Zswapped:              0 kB
Dirty:             18488 kB
Writeback:             0 kB
AnonPages:       7840940 kB
Mapped:          1225984 kB
Shmem:            836696 kB
KReclaimable:     200484 kB
Slab:             402612 kB
SReclaimable:     200484 kB
SUnreclaim:       202128 kB
KernelStack:       23312 kB
PageTables:       104188 kB
SecPageTables:         0 kB
NFS_Unstable:          0 kB
Bounce:                0 kB
WritebackTmp:          0 kB
CommitLimit:    16505392 kB
Committed_AS:   34787012 kB
VmallocTotal:   34359738367 kB
VmallocUsed:       80612 kB
VmallocChunk:          0 kB
Percpu:             4544 kB
HardwareCorrupted:     0 kB
AnonHugePages:         0 kB
ShmemHugePages:        0 kB
ShmemPmdMapped:        0 kB
FileHugePages:         0 kB
FilePmdMapped:         0 kB
CmaTotal:              0 kB
CmaFree:               0 kB
Unaccepted:            0 kB
Balloon:               0 kB
GPUActive:             0 kB
GPUReclaim:            0 kB
HugePages_Total:       0
HugePages_Free:        0
HugePages_Rsvd:        0
HugePages_Surp:        0
Hugepagesize:       2048 kB
Hugetlb:               0 kB
DirectMap4k:      169800 kB
DirectMap2M:    16478208 kB


CPU:total 4 (initial active 4) (2 cores per cpu, 2 threads per core) family 6 model 58 stepping 9, cmov, cx8, fxsr, mmx, sse, sse2, sse3, ssse3, sse4.1, sse4.2, popcnt, avx, clmul, erms, ht, tsc, tscinvbit, tscinv

/proc/cpuinfo:
processor	: 0
vendor_id	: GenuineIntel
cpu family	: 6
model		: 58
model name	: Intel(R) Core(TM) i3-3220 CPU @ 3.30GHz
stepping	: 9
microcode	: 0x21
cpu MHz		: 3292.325
cache size	: 3072 KB
physical id	: 0
siblings	: 4
core id		: 0
cpu cores	: 2
apicid		: 0
initial apicid	: 0
fpu		: yes
fpu_exception	: yes
cpuid level	: 13
wp		: yes
flags		: fpu vme de pse tsc msr pae mce cx8 apic sep mtrr pge mca cmov pat pse36 clflush dts acpi mmx fxsr sse sse2 ss ht tm pbe syscall nx rdtscp lm constant_tsc arch_perfmon pebs bts rep_good nopl xtopology nonstop_tsc cpuid aperfmperf pni pclmulqdq dtes64 monitor ds_cpl vmx est tm2 ssse3 cx16 xtpr pdcm pcid sse4_1 sse4_2 popcnt tsc_deadline_timer xsave avx f16c lahf_lm cpuid_fault epb pti ssbd ibrs ibpb stibp tpr_shadow flexpriority ept vpid fsgsbase smep erms xsaveopt dtherm arat pln pts vnmi md_clear flush_l1d
vmx flags	: vnmi preemption_timer invvpid ept_x_only flexpriority tsc_offset vtpr mtf vapic ept vpid unrestricted_guest
bugs		: cpu_meltdown spectre_v1 spectre_v2 spec_store_bypass l1tf mds swapgs itlb_multihit spectre_v2_user vmscape
bogomips	: 6585.01
clflush size	: 64
cache_alignment	: 64
address sizes	: 36 bits physical, 48 bits virtual
power management:

processor	: 1
vendor_id	: GenuineIntel
cpu family	: 6
model		: 58
model name	: Intel(R) Core(TM) i3-3220 CPU @ 3.30GHz
stepping	: 9
microcode	: 0x21
cpu MHz		: 3292.872
cache size	: 3072 KB
physical id	: 0
siblings	: 4
core id		: 1
cpu cores	: 2
apicid		: 2
initial apicid	: 2
fpu		: yes
fpu_exception	: yes
cpuid level	: 13
wp		: yes
flags		: fpu vme de pse tsc msr pae mce cx8 apic sep mtrr pge mca cmov pat pse36 clflush dts acpi mmx fxsr sse sse2 ss ht tm pbe syscall nx rdtscp lm constant_tsc arch_perfmon pebs bts rep_good nopl xtopology nonstop_tsc cpuid aperfmperf pni pclmulqdq dtes64 monitor ds_cpl vmx est tm2 ssse3 cx16 xtpr pdcm pcid sse4_1 sse4_2 popcnt tsc_deadline_timer xsave avx f16c lahf_lm cpuid_fault epb pti ssbd ibrs ibpb stibp tpr_shadow flexpriority ept vpid fsgsbase smep erms xsaveopt dtherm arat pln pts vnmi md_clear flush_l1d
vmx flags	: vnmi preemption_timer invvpid ept_x_only flexpriority tsc_offset vtpr mtf vapic ept vpid unrestricted_guest
bugs		: cpu_meltdown spectre_v1 spectre_v2 spec_store_bypass l1tf mds swapgs itlb_multihit spectre_v2_user vmscape
bogomips	: 6585.01
clflush size	: 64
cache_alignment	: 64
address sizes	: 36 bits physical, 48 bits virtual
power management:

processor	: 2
vendor_id	: GenuineIntel
cpu family	: 6
model		: 58
model name	: Intel(R) Core(TM) i3-3220 CPU @ 3.30GHz
stepping	: 9
microcode	: 0x21
cpu MHz		: 3292.527
cache size	: 3072 KB
physical id	: 0
siblings	: 4
core id		: 0
cpu cores	: 2
apicid		: 1
initial apicid	: 1
fpu		: yes
fpu_exception	: yes
cpuid level	: 13
wp		: yes
flags		: fpu vme de pse tsc msr pae mce cx8 apic sep mtrr pge mca cmov pat pse36 clflush dts acpi mmx fxsr sse sse2 ss ht tm pbe syscall nx rdtscp lm constant_tsc arch_perfmon pebs bts rep_good nopl xtopology nonstop_tsc cpuid aperfmperf pni pclmulqdq dtes64 monitor ds_cpl vmx est tm2 ssse3 cx16 xtpr pdcm pcid sse4_1 sse4_2 popcnt tsc_deadline_timer xsave avx f16c lahf_lm cpuid_fault epb pti ssbd ibrs ibpb stibp tpr_shadow flexpriority ept vpid fsgsbase smep erms xsaveopt dtherm arat pln pts vnmi md_clear flush_l1d
vmx flags	: vnmi preemption_timer invvpid ept_x_only flexpriority tsc_offset vtpr mtf vapic ept vpid unrestricted_guest
bugs		: cpu_meltdown spectre_v1 spectre_v2 spec_store_bypass l1tf mds swapgs itlb_multihit spectre_v2_user vmscape
bogomips	: 6585.01
clflush size	: 64
cache_alignment	: 64
address sizes	: 36 bits physical, 48 bits virtual
power management:

processor	: 3
vendor_id	: GenuineIntel
cpu family	: 6
model		: 58
model name	: Intel(R) Core(TM) i3-3220 CPU @ 3.30GHz
stepping	: 9
microcode	: 0x21
cpu MHz		: 3293.479
cache size	: 3072 KB
physical id	: 0
siblings	: 4
core id		: 1
cpu cores	: 2
apicid		: 3
initial apicid	: 3
fpu		: yes
fpu_exception	: yes
cpuid level	: 13
wp		: yes
flags		: fpu vme de pse tsc msr pae mce cx8 apic sep mtrr pge mca cmov pat pse36 clflush dts acpi mmx fxsr sse sse2 ss ht tm pbe syscall nx rdtscp lm constant_tsc arch_perfmon pebs bts rep_good nopl xtopology nonstop_tsc cpuid aperfmperf pni pclmulqdq dtes64 monitor ds_cpl vmx est tm2 ssse3 cx16 xtpr pdcm pcid sse4_1 sse4_2 popcnt tsc_deadline_timer xsave avx f16c lahf_lm cpuid_fault epb pti ssbd ibrs ibpb stibp tpr_shadow flexpriority ept vpid fsgsbase smep erms xsaveopt dtherm arat pln pts vnmi md_clear flush_l1d
vmx flags	: vnmi preemption_timer invvpid ept_x_only flexpriority tsc_offset vtpr mtf vapic ept vpid unrestricted_guest
bugs		: cpu_meltdown spectre_v1 spectre_v2 spec_store_bypass l1tf mds swapgs itlb_multihit spectre_v2_user vmscape
bogomips	: 6585.01
clflush size	: 64
cache_alignment	: 64
address sizes	: 36 bits physical, 48 bits virtual
power management:



Memory: 4k page, physical 16233576k(169656k free), swap 8388604k(8388532k free)

vm_info: OpenJDK 64-Bit Server VM (25.504-b01) for linux-amd64 JRE (1.8.0_504-b01), built on Aug 13 2026 15:22:00 by "re" with gcc 7.3.1 20180303 (Red Hat 7.3.1-5)

time: Fri Oct  2 18:50:12 2026
timezone: CST
elapsed time: 0.463951 seconds (0d 0h 0m 0s)

