#
# A fatal error has been detected by the Java Runtime Environment:
#
#  SIGSEGV (0xb) at pc=0x00007f36726c59b2, pid=123380, tid=0x00007f366940c6c0
#
# JRE version: OpenJDK Runtime Environment (8.0_504-b01) (build 1.8.0_504-b01)
# Java VM: OpenJDK 64-Bit Server VM (25.504-b01 mixed mode linux-amd64 compressed oops)
# Problematic frame:
# C  [libX11.so.6+0x1a9b2]  XInternAtom+0x42
#
# Core dump written. Default location: /home/fam/NetBeansProjects/ChromisKitchenScreen-master/core or core.123380
#
# If you would like to submit a bug report, please visit:
#   https://bell-sw.com/support
# The crash happened outside the Java Virtual Machine in native code.
# See problematic frame for where to report the bug.
#

---------------  T H R E A D  ---------------

Current thread (0x00007f368864f800):  JavaThread "GtkNativeMainLoopThread" [_thread_in_native, id=123406, stack(0x00007f366930d000,0x00007f366940d000)]

siginfo: si_signo: 11 (SIGSEGV), si_code: 1 (SEGV_MAPERR), si_addr: 0x0000000000000065

Registers:
RAX=0x0000000000000065, RBX=0x00007f36884662c0, RCX=0x0000000000000001, RDX=0x0000000000000001
RSP=0x00007f366940afc0, RBP=0x00007f366940b020, RSI=0x00007f366a654234, RDI=0x00007f36884662c0
R8 =0x0000000000000000, R9 =0x0000000000000001, R10=0x0000000000000000, R11=0x00007f36726c5970
R12=0x00007f366a654234, R13=0x00007f36884662c0, R14=0x00007f36884662c0, R15=0x00007f36884662c0
RIP=0x00007f36726c59b2, EFLAGS=0x0000000000010206, CSGSFS=0x002b000000000033, ERR=0x0000000000000004
  TRAPNO=0x000000000000000e

Top of Stack: (sp=0x00007f366940afc0)
0x00007f366940afc0:   0000000000000000 0000000700000001
0x00007f366940afd0:   00007f368864f800 0000000000000001
0x00007f366940afe0:   00000007c0098d38 00007f36884662c0
0x00007f366940aff0:   00007f36884660f0 00007f368ee57caf
0x00007f366940b000:   00007f366940b020 7443ecb9ea3d7700
0x00007f366940b010:   00007f368864fa60 0000000000000500
0x00007f366940b020:   00007f366940b0f0 00007f366a636b4d
0x00007f366940b030:   00000000000003d8 0000000000000000
0x00007f366940b040:   0000000000000000 00007f368864f800
0x00007f366940b050:   00007f368864fa60 0000000000000400
0x00007f366940b060:   00000007c00a2eb0 00007f368864f800
0x00007f366940b070:   00007f366940b0f0 00007f368ef1753a
0x00007f366940b080:   0000000000000000 0000000000000000
0x00007f366940b090:   0000000000000000 000000076dfc28d0
0x00007f366940b0a0:   00007f368864f800 00007f368864f800
0x00007f366940b0b0:   00007f368864fa60 0000000000000001
0x00007f366940b0c0:   00007f35f0000f00 00007f368864fa60
0x00007f366940b0d0:   0000000000000000 0000000000000001
0x00007f366940b0e0:   00007f35f0000f00 00007f36884662c0
0x00007f366940b0f0:   00007f366940b130 00007f366a637036
0x00007f366940b100:   00007f3678cf7618 00007f3678cf7618
0x00007f366940b110:   0000000000000000 00007f3678cf7618
0x00007f366940b120:   00007f366940b1c0 00007f368864f800
0x00007f366940b130:   00007f366940b140 00007f366a62add9
0x00007f366940b140:   00007f366940b1a0 00007f3679018427
0x00007f366940b150:   0000000600000001 00007f3679018142
0x00007f366940b160:   00007f366940b160 00007f3678cf7618
0x00007f366940b170:   00007f366940b1c0 00007f3678d153e8
0x00007f366940b180:   0000000000000000 00007f3678cf7618
0x00007f366940b190:   0000000000000000 00007f366940b1c0
0x00007f366940b1a0:   00007f366940b208 00007f3679007d80
0x00007f366940b1b0:   0000000000000000 00007f3679011a5b 

Instructions: (pc=0x00007f36726c59b2)
0x00007f36726c5992:   48 89 5d e8 48 89 fb 48 0f 45 c6 49 89 c4 48 8b
0x00007f36726c59a2:   87 68 09 00 00 48 85 c0 74 0b 89 55 a8 48 89 df
0x00007f36726c59b2:   ff 10 8b 55 a8 48 8d 4d b8 4c 8d 4d b0 4c 89 e6
0x00007f36726c59c2:   48 89 df 4c 8d 45 b4 e8 e2 fc ff ff 48 89 c2 48 

Register to memory mapping:

RAX=0x0000000000000065 is an unknown value
RBX=0x00007f36884662c0 is an unknown value
RCX=0x0000000000000001 is an unknown value
RDX=0x0000000000000001 is an unknown value
RSP=0x00007f366940afc0 is pointing into the stack for thread: 0x00007f368864f800
RBP=0x00007f366940b020 is pointing into the stack for thread: 0x00007f368864f800
RSI=0x00007f366a654234: <offset 0x54234> in /usr/lib/jvm/bellsoft-java8-full.x86_64/jre/lib/amd64/libglassgtk3.so at 0x00007f366a600000
RDI=0x00007f36884662c0 is an unknown value
R8 =0x0000000000000000 is an unknown value
R9 =0x0000000000000001 is an unknown value
R10=0x0000000000000000 is an unknown value
R11=0x00007f36726c5970: XInternAtom+0 in /lib64/libX11.so.6 at 0x00007f36726ab000
R12=0x00007f366a654234: <offset 0x54234> in /usr/lib/jvm/bellsoft-java8-full.x86_64/jre/lib/amd64/libglassgtk3.so at 0x00007f366a600000
R13=0x00007f36884662c0 is an unknown value
R14=0x00007f36884662c0 is an unknown value
R15=0x00007f36884662c0 is an unknown value


Stack: [0x00007f366930d000,0x00007f366940d000],  sp=0x00007f366940afc0,  free space=1015k
Native frames: (J=compiled Java code, j=interpreted, Vv=VM code, C=native code)
C  [libX11.so.6+0x1a9b2]  XInternAtom+0x42
C  [libglassgtk3.so+0x36b4d]  createJavaScreen(JNIEnv_*, _GdkScreen*, int)+0x5d
C  [libglassgtk3.so+0x37036]  rebuild_screens(JNIEnv_*)+0x76
C  [libglassgtk3.so+0x2add9]  Java_com_sun_glass_ui_gtk_GtkApplication_staticScreen_1getScreens+0x9
j  com.sun.glass.ui.gtk.GtkApplication.staticScreen_getScreens()[Lcom/sun/glass/ui/Screen;+0
j  com.sun.glass.ui.Screen.initScreens()V+6
j  com.sun.glass.ui.Application.lambda$run$1(Ljava/lang/Runnable;)V+0
j  com.sun.glass.ui.Application$$Lambda$41.run()V+4
v  ~StubRoutines::call_stub
V  [libjvm.so+0x6a2fb2]  JavaCalls::call_helper(JavaValue*, methodHandle*, JavaCallArguments*, Thread*)+0xe32
V  [libjvm.so+0x7206bc]  jni_invoke_nonstatic(JNIEnv_*, JavaValue*, _jobject*, JNICallType, _jmethodID*, JNI_ArgumentPusher*, Thread*) [clone .constprop.117]+0x29c
V  [libjvm.so+0x72302c]  jni_CallVoidMethodV+0xec
C  [libglassgtk3.so+0x28561]  JNIEnv_::CallVoidMethod(_jobject*, _jmethodID*, ...)+0x81
C  [libglassgtk3.so+0x2acd1]  Java_com_sun_glass_ui_gtk_GtkApplication__1runLoop+0x21
j  com.sun.glass.ui.gtk.GtkApplication._runLoop(Ljava/lang/Runnable;Z)V+0
j  com.sun.glass.ui.gtk.GtkApplication.lambda$null$10(Ljava/lang/Runnable;Z)V+7
j  com.sun.glass.ui.gtk.GtkApplication$$Lambda$45.run()V+12
j  java.lang.Thread.run()V+11
v  ~StubRoutines::call_stub
V  [libjvm.so+0x6a2fb2]  JavaCalls::call_helper(JavaValue*, methodHandle*, JavaCallArguments*, Thread*)+0xe32
V  [libjvm.so+0x6a05c3]  JavaCalls::call_virtual(JavaValue*, KlassHandle, Symbol*, Symbol*, JavaCallArguments*, Thread*)+0x263
V  [libjvm.so+0x6a0bc7]  JavaCalls::call_virtual(JavaValue*, Handle, KlassHandle, Symbol*, Symbol*, Thread*)+0x57
V  [libjvm.so+0x74431c]  thread_entry(JavaThread*, Thread*)+0x6c
V  [libjvm.so+0xadf413]  JavaThread::thread_main_inner()+0x1f3
V  [libjvm.so+0xae077c]  JavaThread::run()+0x2dc
V  [libjvm.so+0x96c122]  java_start(Thread*)+0x102
C  [libc.so.6+0x72c42]  start_thread+0x3a2
C  [libc.so.6+0xf65ac]  __clone3+0x2c

Java frames: (J=compiled Java code, j=interpreted, Vv=VM code)
j  com.sun.glass.ui.gtk.GtkApplication.staticScreen_getScreens()[Lcom/sun/glass/ui/Screen;+0
j  com.sun.glass.ui.Screen.initScreens()V+6
j  com.sun.glass.ui.Application.lambda$run$1(Ljava/lang/Runnable;)V+0
j  com.sun.glass.ui.Application$$Lambda$41.run()V+4
v  ~StubRoutines::call_stub
j  com.sun.glass.ui.gtk.GtkApplication._runLoop(Ljava/lang/Runnable;Z)V+0
j  com.sun.glass.ui.gtk.GtkApplication.lambda$null$10(Ljava/lang/Runnable;Z)V+7
j  com.sun.glass.ui.gtk.GtkApplication$$Lambda$45.run()V+12
j  java.lang.Thread.run()V+11
v  ~StubRoutines::call_stub

---------------  P R O C E S S  ---------------

Java Threads: ( => current thread )
=>0x00007f368864f800 JavaThread "GtkNativeMainLoopThread" [_thread_in_native, id=123406, stack(0x00007f366930d000,0x00007f366940d000)]
  0x00007f368865b800 JavaThread "Thread-1" daemon [_thread_blocked, id=123405, stack(0x00007f366940d000,0x00007f366950d000)]
  0x00007f3688316000 JavaThread "QuantumRenderer-0" daemon [_thread_blocked, id=123395, stack(0x00007f3672b00000,0x00007f3672c00000)]
  0x00007f368818e800 JavaThread "Service Thread" daemon [_thread_blocked, id=123393, stack(0x00007f3672ff4000,0x00007f36730f4000)]
  0x00007f3688189000 JavaThread "C1 CompilerThread2" daemon [_thread_blocked, id=123392, stack(0x00007f36730f5000,0x00007f36731f5000)]
  0x00007f3688187800 JavaThread "C2 CompilerThread1" daemon [_thread_blocked, id=123391, stack(0x00007f36731f6000,0x00007f36732f6000)]
  0x00007f3688184800 JavaThread "C2 CompilerThread0" daemon [_thread_blocked, id=123390, stack(0x00007f36732f7000,0x00007f36733f7000)]
  0x00007f3688181800 JavaThread "Signal Dispatcher" daemon [_thread_blocked, id=123389, stack(0x00007f36733f7000,0x00007f36734f7000)]
  0x00007f368814e800 JavaThread "Finalizer" daemon [_thread_blocked, id=123388, stack(0x00007f36734f7000,0x00007f36735f7000)]
  0x00007f368814a000 JavaThread "Reference Handler" daemon [_thread_blocked, id=123387, stack(0x00007f36735f7000,0x00007f36736f7000)]
  0x00007f3688009800 JavaThread "main" [_thread_blocked, id=123381, stack(0x00007f368f907000,0x00007f368fa07000)]

Other Threads:
  0x00007f3688140000 VMThread [stack: 0x00007f36736f8000,0x00007f36737f8000] [id=123386]
  0x00007f3688191000 WatcherThread [stack: 0x00007f3672ef4000,0x00007f3672ff4000] [id=123394]

VM state:not at safepoint (normal execution)

VM Mutex/Monitor currently owned by a thread: None

heap address: 0x00000006c8400000, size: 3964 MB, Compressed Oops mode: Zero based, Oop shift amount: 3
Narrow klass base: 0x0000000000000000, Narrow klass shift: 3
Compressed class space size: 1073741824 Address: 0x00000007c0000000

Heap:
 PSYoungGen      total 74240K, used 10240K [0x000000076d700000, 0x0000000772980000, 0x00000007c0000000)
  eden space 64000K, 16% used [0x000000076d700000,0x000000076e100338,0x0000000771580000)
  from space 10240K, 0% used [0x0000000771f80000,0x0000000771f80000,0x0000000772980000)
  to   space 10240K, 0% used [0x0000000771580000,0x0000000771580000,0x0000000771f80000)
 ParOldGen       total 169472K, used 0K [0x00000006c8400000, 0x00000006d2980000, 0x000000076d700000)
  object space 169472K, 0% used [0x00000006c8400000,0x00000006c8400000,0x00000006d2980000)
 Metaspace       used 5630K, capacity 6038K, committed 6144K, reserved 1056768K
  class space    used 624K, capacity 726K, committed 768K, reserved 1048576K

Card table byte_map: [0x00007f368d081000,0x00007f368d840000] byte_map_base: 0x00007f3689a3f000

Marking Bits: (ParMarkBitMap*) 0x00007f368f839760
 Begin Bits: [0x00007f3661420000, 0x00007f3665210000)
 End Bits:   [0x00007f3665210000, 0x00007f3669000000)

Polling page: 0x00007f368ff87000

CodeCache: size=245760Kb used=1893Kb max_used=1893Kb free=243866Kb
 bounds [0x00007f3679000000, 0x00007f3679270000, 0x00007f3688000000]
 total_blobs=739 nmethods=396 adapters=257
 compilation: enabled

Compilation events (10 events):
Event: 0.605 Thread 0x00007f3688189000  391       3       jdk.internal.org.objectweb.asm.Type::getArgumentTypes (131 bytes)
Event: 0.605 Thread 0x00007f3688189000 nmethod 391 0x00007f36791d6490 code [0x00007f36791d6660, 0x00007f36791d6f38]
Event: 0.605 Thread 0x00007f3688189000  393       3       java.lang.invoke.MemberName$Factory::resolveOrFail (52 bytes)
Event: 0.606 Thread 0x00007f3688189000 nmethod 393 0x00007f36791d72d0 code [0x00007f36791d74a0, 0x00007f36791d7d98]
Event: 0.606 Thread 0x00007f3688189000  396       3       java.lang.invoke.MemberName::getInvocationType (56 bytes)
Event: 0.606 Thread 0x00007f3688189000 nmethod 396 0x00007f36791d8090 code [0x00007f36791d8280, 0x00007f36791d8e68]
Event: 0.606 Thread 0x00007f3688189000  392       3       jdk.internal.org.objectweb.asm.MethodVisitor::<init> (35 bytes)
Event: 0.606 Thread 0x00007f3688189000 nmethod 392 0x00007f36791d9190 code [0x00007f36791d9320, 0x00007f36791d9628]
Event: 0.606 Thread 0x00007f3688189000  395       3       java.lang.invoke.LambdaForm::parameterType (9 bytes)
Event: 0.606 Thread 0x00007f3688189000 nmethod 395 0x00007f36791d9750 code [0x00007f36791d98c0, 0x00007f36791d9a68]

GC Heap History (0 events):
No events

Deoptimization events (2 events):
Event: 0.087 Thread 0x00007f3688009800 Uncommon trap: reason=loop_limit_check action=maybe_recompile pc=0x00007f36791170f0 method=java.lang.String.equals(Ljava/lang/Object;)Z @ 56
Event: 0.392 Thread 0x00007f3688009800 Uncommon trap: reason=unstable_if action=reinterpret pc=0x00007f36791ac110 method=java.lang.String.replace(CC)Ljava/lang/String; @ 2

Classes redefined (0 events):
No events

Internal exceptions (10 events):
Event: 0.406 Thread 0x00007f3688009800 Exception <a 'java/security/PrivilegedActionException'> (0x000000076dcc9f10) thrown at [/ws/workspace/8u504/jdk/CT/std/label/linux-x86_64/type/b8-26/b/hotspot/src/share/vm/prims/jvm.cpp, line 1514]
Event: 0.406 Thread 0x00007f3688009800 Exception <a 'java/security/PrivilegedActionException'> (0x000000076dcca308) thrown at [/ws/workspace/8u504/jdk/CT/std/label/linux-x86_64/type/b8-26/b/hotspot/src/share/vm/prims/jvm.cpp, line 1514]
Event: 0.406 Thread 0x00007f3688009800 Exception <a 'java/security/PrivilegedActionException'> (0x000000076dccb2d0) thrown at [/ws/workspace/8u504/jdk/CT/std/label/linux-x86_64/type/b8-26/b/hotspot/src/share/vm/prims/jvm.cpp, line 1514]
Event: 0.406 Thread 0x00007f3688009800 Exception <a 'java/security/PrivilegedActionException'> (0x000000076dccb6c8) thrown at [/ws/workspace/8u504/jdk/CT/std/label/linux-x86_64/type/b8-26/b/hotspot/src/share/vm/prims/jvm.cpp, line 1514]
Event: 0.406 Thread 0x00007f3688009800 Exception <a 'java/security/PrivilegedActionException'> (0x000000076dccc6c8) thrown at [/ws/workspace/8u504/jdk/CT/std/label/linux-x86_64/type/b8-26/b/hotspot/src/share/vm/prims/jvm.cpp, line 1514]
Event: 0.406 Thread 0x00007f3688009800 Exception <a 'java/security/PrivilegedActionException'> (0x000000076dcccac0) thrown at [/ws/workspace/8u504/jdk/CT/std/label/linux-x86_64/type/b8-26/b/hotspot/src/share/vm/prims/jvm.cpp, line 1514]
Event: 0.406 Thread 0x00007f3688009800 Exception <a 'java/security/PrivilegedActionException'> (0x000000076dccdac0) thrown at [/ws/workspace/8u504/jdk/CT/std/label/linux-x86_64/type/b8-26/b/hotspot/src/share/vm/prims/jvm.cpp, line 1514]
Event: 0.406 Thread 0x00007f3688009800 Exception <a 'java/security/PrivilegedActionException'> (0x000000076dccdeb8) thrown at [/ws/workspace/8u504/jdk/CT/std/label/linux-x86_64/type/b8-26/b/hotspot/src/share/vm/prims/jvm.cpp, line 1514]
Event: 0.436 Thread 0x00007f3688009800 Exception <a 'java/security/PrivilegedActionException'> (0x000000076de819f0) thrown at [/ws/workspace/8u504/jdk/CT/std/label/linux-x86_64/type/b8-26/b/hotspot/src/share/vm/prims/jvm.cpp, line 1514]
Event: 0.436 Thread 0x00007f3688009800 Exception <a 'java/security/PrivilegedActionException'> (0x000000076de81de8) thrown at [/ws/workspace/8u504/jdk/CT/std/label/linux-x86_64/type/b8-26/b/hotspot/src/share/vm/prims/jvm.cpp, line 1514]

Events (10 events):
Event: 0.602 loading class java/util/concurrent/BlockingDeque
Event: 0.602 loading class java/util/concurrent/BlockingDeque done
Event: 0.602 loading class java/util/concurrent/LinkedBlockingDeque
Event: 0.602 loading class java/util/concurrent/LinkedBlockingDeque done
Event: 0.602 Thread 0x00007f368865b800 Thread added: 0x00007f368865b800
Event: 0.604 loading class com/sun/glass/ui/gtk/GtkApplication
Event: 0.604 loading class com/sun/glass/ui/gtk/GtkApplication done
Event: 0.605 loading class com/sun/glass/ui/gtk/GtkApplication
Event: 0.605 loading class com/sun/glass/ui/gtk/GtkApplication done
Event: 0.606 Thread 0x00007f368864f800 Thread added: 0x00007f368864f800


Dynamic libraries:
6c8400000-6d2980000 rw-p 00000000 00:00 0 
6d2980000-76d700000 ---p 00000000 00:00 0 
76d700000-772980000 rw-p 00000000 00:00 0 
772980000-7c0000000 ---p 00000000 00:00 0 
7c0000000-7c00c0000 rw-p 00000000 00:00 0 
7c00c0000-800000000 ---p 00000000 00:00 0 
561737400000-561737401000 r-xp 00000000 00:22 57113445                   /usr/lib/jvm/bellsoft-java8-full.x86_64/bin/java
561737600000-561737601000 r--p 00000000 00:22 57113445                   /usr/lib/jvm/bellsoft-java8-full.x86_64/bin/java
561737601000-561737602000 rw-p 00001000 00:22 57113445                   /usr/lib/jvm/bellsoft-java8-full.x86_64/bin/java
56173a3dc000-56173a3fd000 rw-p 00000000 00:00 0                          [heap]
7f35ec000000-7f35ec021000 rw-p 00000000 00:00 0 
7f35ec021000-7f35f0000000 ---p 00000000 00:00 0 
7f35f0000000-7f35f033c000 rw-p 00000000 00:00 0 
7f35f033c000-7f35f4000000 ---p 00000000 00:00 0 
7f35f4000000-7f35f4021000 rw-p 00000000 00:00 0 
7f35f4021000-7f35f8000000 ---p 00000000 00:00 0 
7f35f8000000-7f35f8021000 rw-p 00000000 00:00 0 
7f35f8021000-7f35fc000000 ---p 00000000 00:00 0 
7f35fc000000-7f35fc021000 rw-p 00000000 00:00 0 
7f35fc021000-7f3600000000 ---p 00000000 00:00 0 
7f3600000000-7f3600021000 rw-p 00000000 00:00 0 
7f3600021000-7f3604000000 ---p 00000000 00:00 0 
7f3604000000-7f36040a3000 rw-p 00000000 00:00 0 
7f36040a3000-7f3608000000 ---p 00000000 00:00 0 
7f3608000000-7f3608021000 rw-p 00000000 00:00 0 
7f3608021000-7f360c000000 ---p 00000000 00:00 0 
7f360c000000-7f360c021000 rw-p 00000000 00:00 0 
7f360c021000-7f3610000000 ---p 00000000 00:00 0 
7f3613c00000-7f3617fa1000 r--p 00000000 00:22 54795156                   /usr/lib64/libLLVM.so.22.1
7f3617fa1000-7f361c47d000 r-xp 043a0000 00:22 54795156                   /usr/lib64/libLLVM.so.22.1
7f361c47d000-7f361c69e000 r--p 0887b000 00:22 54795156                   /usr/lib64/libLLVM.so.22.1
7f361c69e000-7f361c6a8000 rw-p 08a9b000 00:22 54795156                   /usr/lib64/libLLVM.so.22.1
7f361c6a8000-7f361c754000 rw-p 00000000 00:00 0 
7f361c800000-7f361e810000 r-xp 00000000 00:22 56699266                   /usr/lib64/libgallium-26.2.3.so
7f361e810000-7f361faa2000 r--p 02010000 00:22 56699266                   /usr/lib64/libgallium-26.2.3.so
7f361faa2000-7f361fc1f000 r--p 032a2000 00:22 56699266                   /usr/lib64/libgallium-26.2.3.so
7f361fc1f000-7f361fc5d000 rw-p 0341f000 00:22 56699266                   /usr/lib64/libgallium-26.2.3.so
7f361fc5d000-7f361fe2a000 rw-p 00000000 00:00 0 
7f3620000000-7f3620021000 rw-p 00000000 00:00 0 
7f3620021000-7f3624000000 ---p 00000000 00:00 0 
7f3624000000-7f3624303000 rw-p 00000000 00:00 0 
7f3624303000-7f3628000000 ---p 00000000 00:00 0 
7f3628000000-7f3628183000 rw-p 00000000 00:00 0 
7f3628183000-7f362c000000 ---p 00000000 00:00 0 
7f362c000000-7f362c021000 rw-p 00000000 00:00 0 
7f362c021000-7f3630000000 ---p 00000000 00:00 0 
7f3630000000-7f3630175000 rw-p 00000000 00:00 0 
7f3630175000-7f3634000000 ---p 00000000 00:00 0 
7f3634000000-7f3634035000 rw-p 00000000 00:00 0 
7f3634035000-7f3638000000 ---p 00000000 00:00 0 
7f3638000000-7f3638021000 rw-p 00000000 00:00 0 
7f3638021000-7f363c000000 ---p 00000000 00:00 0 
7f363d7ff000-7f363e000000 rw-p 00000000 00:00 0 
7f363e000000-7f364be92000 r--p 00000000 00:22 57529816                   /usr/lib/locale/locale-archive
7f364c000000-7f364c021000 rw-p 00000000 00:00 0 
7f364c021000-7f3650000000 ---p 00000000 00:00 0 
7f3650000000-7f3650021000 rw-p 00000000 00:00 0 
7f3650021000-7f3654000000 ---p 00000000 00:00 0 
7f3654000000-7f3654021000 rw-p 00000000 00:00 0 
7f3654021000-7f3658000000 ---p 00000000 00:00 0 
7f3658000000-7f3658021000 rw-p 00000000 00:00 0 
7f3658021000-7f365c000000 ---p 00000000 00:00 0 
7f365c000000-7f365c021000 rw-p 00000000 00:00 0 
7f365c021000-7f3660000000 ---p 00000000 00:00 0 
7f366041e000-7f3661420000 rw-p 00000000 00:00 0 
7f3661420000-7f3669000000 rw-p 00000000 00:00 0 
7f366930d000-7f3669310000 ---p 00000000 00:00 0 
7f3669310000-7f366940d000 rw-p 00000000 00:00 0 
7f366940d000-7f3669410000 ---p 00000000 00:00 0 
7f3669410000-7f366950d000 rw-p 00000000 00:00 0 
7f366950d000-7f3669531000 r--p 00000000 00:22 55206986                   /usr/share/locale/es/LC_MESSAGES/glib20.mo
7f3669531000-7f366954e000 r-xp 00000000 00:22 56693625                   /usr/lib64/gvfs/libgvfscommon.so
7f366954e000-7f3669567000 r--p 0001d000 00:22 56693625                   /usr/lib64/gvfs/libgvfscommon.so
7f3669567000-7f366956d000 r--p 00036000 00:22 56693625                   /usr/lib64/gvfs/libgvfscommon.so
7f366956d000-7f366956e000 rw-p 00000000 00:00 0 
7f366956e000-7f36695fe000 rw-s 00000000 00:01 475510                     /memfd:wayland-cursor (deleted)
7f36695fe000-7f366a600000 rw-p 00000000 00:00 0 
7f366a600000-7f366a666000 r-xp 00000000 00:22 57113890                   /usr/lib/jvm/bellsoft-java8-full.x86_64/jre/lib/amd64/libglassgtk3.so
7f366a666000-7f366a865000 ---p 00066000 00:22 57113890                   /usr/lib/jvm/bellsoft-java8-full.x86_64/jre/lib/amd64/libglassgtk3.so
7f366a865000-7f366a868000 r--p 00065000 00:22 57113890                   /usr/lib/jvm/bellsoft-java8-full.x86_64/jre/lib/amd64/libglassgtk3.so
7f366a868000-7f366a86a000 rw-p 00068000 00:22 57113890                   /usr/lib/jvm/bellsoft-java8-full.x86_64/jre/lib/amd64/libglassgtk3.so
7f366a88c000-7f366a8ab000 r-xp 00000000 00:22 56693624                   /usr/lib64/gio/modules/libgvfsdbus.so
7f366a8ab000-7f366a8bd000 r--p 0001f000 00:22 56693624                   /usr/lib64/gio/modules/libgvfsdbus.so
7f366a8bd000-7f366a8bf000 r--p 00031000 00:22 56693624                   /usr/lib64/gio/modules/libgvfsdbus.so
7f366a8bf000-7f366a8c0000 rw-p 00033000 00:22 56693624                   /usr/lib64/gio/modules/libgvfsdbus.so
7f366a8c0000-7f366a8c5000 r--s 00000000 00:22 56799405                   /home/fam/.cache/fontconfig/cc8b894d3abbdf0310c48629c0737d80-le64.cache-12
7f366a8c5000-7f366a8ef000 r--s 00000000 00:22 56799280                   /home/fam/.cache/fontconfig/d63f98f14a274bd69a5425fc33aaac6b-le64.cache-12
7f366a8f3000-7f366a903000 r--s 00000000 00:22 56799400                   /home/fam/.cache/fontconfig/123d59b33ddb0e7c76bb24004bd5cfac-le64.cache-12
7f366a903000-7f366a908000 r--s 00000000 00:22 56799395                   /home/fam/.cache/fontconfig/131ab5cc1583381c4f7ce0194912c56d-le64.cache-12
7f366a90d000-7f366a912000 r--s 00000000 00:22 56799360                   /home/fam/.cache/fontconfig/29c8f5b6bf15d25ebb2e963855ab41be-le64.cache-12
7f366a914000-7f366a915000 r--s 00000000 00:22 56799390                   /home/fam/.cache/fontconfig/b2307de753f1224d9542f27e8b3975ae-le64.cache-12
7f366a915000-7f366a917000 r--s 00000000 00:22 56799370                   /home/fam/.cache/fontconfig/9d9e7a658cb1f50f02561d1ed3ca8bca-le64.cache-12
7f366a917000-7f366a923000 r--s 00000000 00:22 56799275                   /home/fam/.cache/fontconfig/efcfae1a52990961975415036867654f-le64.cache-12
7f366a923000-7f366a938000 r--s 00000000 00:22 56799270                   /home/fam/.cache/fontconfig/c4be257954870c0bf6972134c1de66d5-le64.cache-12
7f366a938000-7f366a939000 r--s 00000000 00:22 56799385                   /home/fam/.cache/fontconfig/226d8b81908fffe4270cbbf5698029d4-le64.cache-12
7f366a939000-7f366a93a000 r--s 00000000 00:22 56799380                   /home/fam/.cache/fontconfig/0122acdcf386a94f53a6370d356e58f1-le64.cache-12
7f366a93a000-7f366a93b000 r--s 00000000 00:22 56799375                   /home/fam/.cache/fontconfig/39377a11d38956c26ecfe23db50b3cd3-le64.cache-12
7f366a93b000-7f366a93c000 r--s 00000000 00:22 56799365                   /home/fam/.cache/fontconfig/6fcb01a03a016cc71057b587cdea6709-le64.cache-12
7f366a93c000-7f366a93f000 r--s 00000000 00:22 56799310                   /home/fam/.cache/fontconfig/71fe2b50576cdbc5f931776365d4a6ea-le64.cache-12
7f366a93f000-7f366a940000 r--s 00000000 00:22 56799355                   /home/fam/.cache/fontconfig/b4f045e65949203a75c31ff635d51c65-le64.cache-12
7f366a940000-7f366a941000 r--s 00000000 00:22 56799350                   /home/fam/.cache/fontconfig/e0f2bc8bc07ae0c1ba150523b3d9cc08-le64.cache-12
7f366a941000-7f366a942000 r--s 00000000 00:22 56799345                   /home/fam/.cache/fontconfig/1a1ba44c74c12a4f665bc9ecb54a2833-le64.cache-12
7f366a942000-7f366a94b000 r--s 00000000 00:22 56799290                   /home/fam/.cache/fontconfig/2a3658b432e68423dcec456e1667e977-le64.cache-12
7f366a94b000-7f366a954000 r--s 00000000 00:22 56799250                   /home/fam/.cache/fontconfig/6ee3103884cce7b2fe6f32eba9089175-le64.cache-12
7f366a954000-7f366a95b000 r--s 00000000 00:22 56799235                   /home/fam/.cache/fontconfig/614d1caaa4d7914789410f6367de37ca-le64.cache-12
7f366a95b000-7f366a961000 r--s 00000000 00:22 56799225                   /home/fam/.cache/fontconfig/7bbebb41f246c24642924bd8585d5345-le64.cache-12
7f366a961000-7f366a967000 r--s 00000000 00:22 56799215                   /home/fam/.cache/fontconfig/221930ae9526a9cb8049af2916f03412-le64.cache-12
7f366a967000-7f366a971000 r--s 00000000 00:22 56799210                   /home/fam/.cache/fontconfig/6cdba951d5a16891afaaf2fee13e80e7-le64.cache-12
7f366a971000-7f366a972000 r--s 00000000 00:22 56799340                   /home/fam/.cache/fontconfig/5fc8be8228cd16d5eb09a5afe41bcfd2-le64.cache-12
7f366a972000-7f366a973000 r--s 00000000 00:22 56799335                   /home/fam/.cache/fontconfig/105244de58915863162e6a0329d90ab7-le64.cache-12
7f366a973000-7f366a975000 r--s 00000000 00:22 56799305                   /home/fam/.cache/fontconfig/e5da922122f90e18ce9aab86d5c2b324-le64.cache-12
7f366a975000-7f366a977000 r--s 00000000 00:22 56799300                   /home/fam/.cache/fontconfig/de3fc716275e870cc68457cf08da2de7-le64.cache-12
7f366a977000-7f366a97a000 r--s 00000000 00:22 56799295                   /home/fam/.cache/fontconfig/9162ae45def2e036f06e4d1913f17ba7-le64.cache-12
7f366a97a000-7f366a981000 r--s 00000000 00:22 56799200                   /home/fam/.cache/fontconfig/d4fe5728f86380c2e3b1e4e9a34fabd8-le64.cache-12
7f366a981000-7f366a982000 r--s 00000000 00:22 56799330                   /home/fam/.cache/fontconfig/3181d3e48367f3dee824a69a5e9ec5f4-le64.cache-12
7f366a982000-7f366a985000 r--s 00000000 00:22 56799220                   /home/fam/.cache/fontconfig/427eb62078a821f08aa6ed364f2467bf-le64.cache-12
7f366a985000-7f366a988000 r--s 00000000 00:22 56799205                   /home/fam/.cache/fontconfig/feeafda3627faad7596d025cfacea73f-le64.cache-12
7f366a988000-7f366a98b000 r--s 00000000 00:22 56799195                   /home/fam/.cache/fontconfig/18f520a508f13854f77176faf7889ae9-le64.cache-12
7f366a9ac000-7f366a9af000 r--p 00000000 00:22 56694058                   /usr/share/locale/es/LC_MESSAGES/at-spi2-core.mo
7f366a9af000-7f366a9bd000 r--p 00000000 00:22 57591587                   /home/fam/.config/dconf/user
7f366a9bd000-7f366a9c5000 r-xp 00000000 00:22 52924420                   /usr/lib64/gio/modules/libdconfsettings.so
7f366a9c5000-7f366a9cb000 r--p 00008000 00:22 52924420                   /usr/lib64/gio/modules/libdconfsettings.so
7f366a9cb000-7f366a9cc000 r--p 0000d000 00:22 52924420                   /usr/lib64/gio/modules/libdconfsettings.so
7f366a9cc000-7f366a9cd000 rw-p 0000e000 00:22 52924420                   /usr/lib64/gio/modules/libdconfsettings.so
7f366a9cd000-7f366aa18000 r--p 00000000 00:22 57587809                   /usr/share/glib-2.0/schemas/gschemas.compiled
7f366aa18000-7f366aa1c000 r-xp 00000000 00:22 52914984                   /usr/lib64/libXtst.so.6.1.0
7f366aa1c000-7f366aa1e000 r--p 00004000 00:22 52914984                   /usr/lib64/libXtst.so.6.1.0
7f366aa1e000-7f366aa1f000 r--p 00005000 00:22 52914984                   /usr/lib64/libXtst.so.6.1.0
7f366aa1f000-7f366aa20000 rw-p 00006000 00:22 52914984                   /usr/lib64/libXtst.so.6.1.0
7f366aa20000-7f366aa21000 r-xp 00000000 00:22 52914217                   /usr/lib64/libbrotlicommon.so.1.2.0
7f366aa21000-7f366aa41000 r--p 00001000 00:22 52914217                   /usr/lib64/libbrotlicommon.so.1.2.0
7f366aa41000-7f366aa42000 r--p 00020000 00:22 52914217                   /usr/lib64/libbrotlicommon.so.1.2.0
7f366aa42000-7f366aa43000 rw-p 00000000 00:00 0 
7f366aa43000-7f366ab13000 r-xp 00000000 00:22 56693443                   /usr/lib64/libsystemd.so.0.42.0
7f366ab13000-7f366ab71000 r--p 000d0000 00:22 56693443                   /usr/lib64/libsystemd.so.0.42.0
7f366ab71000-7f366ab7b000 r--p 0012d000 00:22 56693443                   /usr/lib64/libsystemd.so.0.42.0
7f366ab7b000-7f366ab7c000 rw-p 00137000 00:22 56693443                   /usr/lib64/libsystemd.so.0.42.0
7f366ab7c000-7f366ab7d000 rw-p 00000000 00:00 0 
7f366ab7d000-7f366ab8c000 r-xp 00000000 00:22 54801599                   /usr/lib64/libseccomp.so.2.6.1
7f366ab8c000-7f366aba7000 r--p 0000f000 00:22 54801599                   /usr/lib64/libseccomp.so.2.6.1
7f366aba7000-7f366aba8000 r--p 00029000 00:22 54801599                   /usr/lib64/libseccomp.so.2.6.1
7f366aba8000-7f366aba9000 rw-p 0002a000 00:22 54801599                   /usr/lib64/libseccomp.so.2.6.1
7f366aba9000-7f366abf1000 r-xp 00000000 00:22 52912003                   /usr/lib64/liblcms2.so.2.0.16
7f366abf1000-7f366ac0d000 r--p 00048000 00:22 52912003                   /usr/lib64/liblcms2.so.2.0.16
7f366ac0d000-7f366ac10000 r--p 00063000 00:22 52912003                   /usr/lib64/liblcms2.so.2.0.16
7f366ac10000-7f366ac13000 rw-p 00066000 00:22 52912003                   /usr/lib64/liblcms2.so.2.0.16
7f366ac13000-7f366ac14000 rw-p 00000000 00:00 0 
7f366ac14000-7f366ac1d000 r-xp 00000000 00:22 52914219                   /usr/lib64/libbrotlidec.so.1.2.0
7f366ac1d000-7f366ac21000 r--p 00009000 00:22 52914219                   /usr/lib64/libbrotlidec.so.1.2.0
7f366ac21000-7f366ac22000 r--p 0000c000 00:22 52914219                   /usr/lib64/libbrotlidec.so.1.2.0
7f366ac22000-7f366ac23000 rw-p 00000000 00:00 0 
7f366ac23000-7f366ac32000 r-xp 00000000 00:22 52911983                   /usr/lib64/libbz2.so.1.0.8
7f366ac32000-7f366ac35000 r--p 0000f000 00:22 52911983                   /usr/lib64/libbz2.so.1.0.8
7f366ac35000-7f366ac36000 r--p 00011000 00:22 52911983                   /usr/lib64/libbz2.so.1.0.8
7f366ac36000-7f366ac37000 rw-p 00012000 00:22 52911983                   /usr/lib64/libbz2.so.1.0.8
7f366ac37000-7f366ac5f000 r-xp 00000000 00:22 54044690                   /usr/lib64/libblkid.so.1.1.0
7f366ac5f000-7f366ac6d000 r--p 00028000 00:22 54044690                   /usr/lib64/libblkid.so.1.1.0
7f366ac6d000-7f366ac73000 r--p 00036000 00:22 54044690                   /usr/lib64/libblkid.so.1.1.0
7f366ac73000-7f366ac74000 rw-p 0003c000 00:22 54044690                   /usr/lib64/libblkid.so.1.1.0
7f366ac74000-7f366adb8000 r-xp 00000000 00:22 55607278                   /usr/lib64/libsqlite3.so.3.51.2
7f366adb8000-7f366adf7000 r--p 00144000 00:22 55607278                   /usr/lib64/libsqlite3.so.3.51.2
7f366adf7000-7f366adfb000 r--p 00182000 00:22 55607278                   /usr/lib64/libsqlite3.so.3.51.2
7f366adfb000-7f366adff000 rw-p 00186000 00:22 55607278                   /usr/lib64/libsqlite3.so.3.51.2
7f366adff000-7f366ae00000 rw-p 00000000 00:00 0 
7f366ae00000-7f366b150000 r-xp 00000000 00:22 54045238                   /usr/lib64/libglycin-2.so.0
7f366b150000-7f366b20b000 r--p 00350000 00:22 54045238                   /usr/lib64/libglycin-2.so.0
7f366b20b000-7f366b224000 r--p 0040a000 00:22 54045238                   /usr/lib64/libglycin-2.so.0
7f366b224000-7f366b227000 rw-p 00423000 00:22 54045238                   /usr/lib64/libglycin-2.so.0
7f366b227000-7f366b22a000 r--s 00000000 00:22 56799190                   /home/fam/.cache/fontconfig/3196f05a030874ca00722cbf1e991434-le64.cache-12
7f366b22a000-7f366b243000 r-xp 00000000 00:22 52916021                   /usr/lib64/libjson-glib-1.0.so.0.1000.8
7f366b243000-7f366b254000 r--p 00019000 00:22 52916021                   /usr/lib64/libjson-glib-1.0.so.0.1000.8
7f366b254000-7f366b255000 r--p 0002a000 00:22 52916021                   /usr/lib64/libjson-glib-1.0.so.0.1000.8
7f366b255000-7f366b256000 rw-p 00000000 00:00 0 
7f366b256000-7f366b28c000 r-xp 00000000 00:22 52911759                   /usr/lib64/libdbus-1.so.3.38.3
7f366b28c000-7f366b2ab000 r--p 00036000 00:22 52911759                   /usr/lib64/libdbus-1.so.3.38.3
7f366b2ab000-7f366b2ad000 r--p 00054000 00:22 52911759                   /usr/lib64/libdbus-1.so.3.38.3
7f366b2ad000-7f366b2ae000 rw-p 00056000 00:22 52911759                   /usr/lib64/libdbus-1.so.3.38.3
7f366b2ae000-7f366b2cc000 r-xp 00000000 00:22 56694021                   /usr/lib64/libatspi.so.0.0.1
7f366b2cc000-7f366b2e8000 r--p 0001e000 00:22 56694021                   /usr/lib64/libatspi.so.0.0.1
7f366b2e8000-7f366b2ec000 r--p 00039000 00:22 56694021                   /usr/lib64/libatspi.so.0.0.1
7f366b2ec000-7f366b2ed000 rw-p 0003d000 00:22 56694021                   /usr/lib64/libatspi.so.0.0.1
7f366b2ed000-7f366b305000 r-xp 00000000 00:22 52925338                   /usr/lib64/libgraphite2.so.3.2.1
7f366b305000-7f366b30a000 r--p 00018000 00:22 52925338                   /usr/lib64/libgraphite2.so.3.2.1
7f366b30a000-7f366b30c000 r--p 0001c000 00:22 52925338                   /usr/lib64/libgraphite2.so.3.2.1
7f366b30c000-7f366b30d000 rw-p 00000000 00:00 0 
7f366b30d000-7f366b3a0000 r-xp 00000000 00:22 52914078                   /usr/lib64/libpixman-1.so.0.46.2
7f366b3a0000-7f366b3b5000 r--p 00093000 00:22 52914078                   /usr/lib64/libpixman-1.so.0.46.2
7f366b3b5000-7f366b3bd000 r--p 000a8000 00:22 52914078                   /usr/lib64/libpixman-1.so.0.46.2
7f366b3bd000-7f366b3be000 rw-p 000b0000 00:22 52914078                   /usr/lib64/libpixman-1.so.0.46.2
7f366b3be000-7f366b460000 r-xp 00000000 00:22 52925361                   /usr/lib64/libfreetype.so.6.20.6
7f366b460000-7f366b491000 r--p 000a2000 00:22 52925361                   /usr/lib64/libfreetype.so.6.20.6
7f366b491000-7f366b499000 r--p 000d2000 00:22 52925361                   /usr/lib64/libfreetype.so.6.20.6
7f366b499000-7f366b49a000 rw-p 00000000 00:00 0 
7f366b49a000-7f366b4c6000 r-xp 00000000 00:22 52911802                   /usr/lib64/libpng16.so.16.58.0
7f366b4c6000-7f366b4d5000 r--p 0002c000 00:22 52911802                   /usr/lib64/libpng16.so.16.58.0
7f366b4d5000-7f366b4d6000 r--p 0003a000 00:22 52911802                   /usr/lib64/libpng16.so.16.58.0
7f366b4d6000-7f366b4d7000 rw-p 00000000 00:00 0 
7f366b4d7000-7f366b4f9000 r-xp 00000000 00:22 56693716                   /usr/lib64/libselinux.so.1
7f366b4f9000-7f366b507000 r--p 00022000 00:22 56693716                   /usr/lib64/libselinux.so.1
7f366b507000-7f366b508000 r--p 00030000 00:22 56693716                   /usr/lib64/libselinux.so.1
7f366b508000-7f366b509000 rw-p 00031000 00:22 56693716                   /usr/lib64/libselinux.so.1
7f366b509000-7f366b50b000 rw-p 00000000 00:00 0 
7f366b50b000-7f366b549000 r-xp 00000000 00:22 54044695                   /usr/lib64/libmount.so.1.1.0
7f366b549000-7f366b562000 r--p 0003e000 00:22 54044695                   /usr/lib64/libmount.so.1.1.0
7f366b562000-7f366b564000 r--p 00057000 00:22 54044695                   /usr/lib64/libmount.so.1.1.0
7f366b564000-7f366b565000 rw-p 00059000 00:22 54044695                   /usr/lib64/libmount.so.1.1.0
7f366b565000-7f366b5e6000 r-xp 00000000 00:22 52912119                   /usr/lib64/libpcre2-8.so.0.15.0
7f366b5e6000-7f366b614000 r--p 00081000 00:22 52912119                   /usr/lib64/libpcre2-8.so.0.15.0
7f366b614000-7f366b615000 r--p 000ae000 00:22 52912119                   /usr/lib64/libpcre2-8.so.0.15.0
7f366b615000-7f366b616000 rw-p 000af000 00:22 52912119                   /usr/lib64/libpcre2-8.so.0.15.0
7f366b616000-7f366b69c000 r-xp 00000000 00:22 52928004                   /usr/lib64/libtinysparql-3.0.so.0.1101.0
7f366b69c000-7f366b6e3000 r--p 00086000 00:22 52928004                   /usr/lib64/libtinysparql-3.0.so.0.1101.0
7f366b6e3000-7f366b6f2000 r--p 000cc000 00:22 52928004                   /usr/lib64/libtinysparql-3.0.so.0.1101.0
7f366b6f2000-7f366b6f3000 rw-p 000db000 00:22 52928004                   /usr/lib64/libtinysparql-3.0.so.0.1101.0
7f366b6f3000-7f366b761000 r-xp 00000000 00:22 52913977                   /usr/lib64/libepoxy.so.0.0.0
7f366b761000-7f366b7f1000 r--p 0006e000 00:22 52913977                   /usr/lib64/libepoxy.so.0.0.0
7f366b7f1000-7f366b7f9000 r--p 000fe000 00:22 52913977                   /usr/lib64/libepoxy.so.0.0.0
7f366b7f9000-7f366b800000 rw-p 00106000 00:22 52913977                   /usr/lib64/libepoxy.so.0.0.0
7f366b800000-7f366bbd8000 r-xp 00000000 00:22 55207762                   /usr/lib64/libgtk-3.so.0.2420.32
7f366bbd8000-7f366bf27000 r--p 003d8000 00:22 55207762                   /usr/lib64/libgtk-3.so.0.2420.32
7f366bf27000-7f366bf3a000 r--p 00726000 00:22 55207762                   /usr/lib64/libgtk-3.so.0.2420.32
7f366bf3a000-7f366bf3c000 rw-p 00739000 00:22 55207762                   /usr/lib64/libgtk-3.so.0.2420.32
7f366bf3c000-7f366bf41000 rw-p 00000000 00:00 0 
7f366bf41000-7f366bf42000 r--s 00000000 00:22 56799325                   /home/fam/.cache/fontconfig/d84ebaa74cfdbfe1ee61d6ccaa1ec99d-le64.cache-12
7f366bf42000-7f366bf43000 r--s 00000000 00:22 56799320                   /home/fam/.cache/fontconfig/2d6dd0b8817a1ff6b7f6ca6f073bfbb1-le64.cache-12
7f366bf43000-7f366bf44000 r-xp 00000000 00:22 55206951                   /usr/lib64/libgthread-2.0.so.0.8800.3
7f366bf44000-7f366bf45000 r--p 00001000 00:22 55206951                   /usr/lib64/libgthread-2.0.so.0.8800.3
7f366bf45000-7f366bf46000 r--p 00001000 00:22 55206951                   /usr/lib64/libgthread-2.0.so.0.8800.3
7f366bf46000-7f366bf47000 rw-p 00000000 00:00 0 
7f366bf47000-7f366bf4d000 r-xp 00000000 00:22 52914906                   /usr/lib64/libxcb-render.so.0.0.0
7f366bf4d000-7f366bf54000 r--p 00006000 00:22 52914906                   /usr/lib64/libxcb-render.so.0.0.0
7f366bf54000-7f366bf55000 r--p 0000d000 00:22 52914906                   /usr/lib64/libxcb-render.so.0.0.0
7f366bf55000-7f366bf56000 rw-p 0000e000 00:22 52914906                   /usr/lib64/libxcb-render.so.0.0.0
7f366bf56000-7f366bf5e000 r-xp 00000000 00:22 52914972                   /usr/lib64/libXrender.so.1.3.0
7f366bf5e000-7f366bf61000 r--p 00008000 00:22 52914972                   /usr/lib64/libXrender.so.1.3.0
7f366bf61000-7f366bf62000 r--p 0000a000 00:22 52914972                   /usr/lib64/libXrender.so.1.3.0
7f366bf62000-7f366bf63000 rw-p 0000b000 00:22 52914972                   /usr/lib64/libXrender.so.1.3.0
7f366bf63000-7f366bf93000 r-xp 00000000 00:22 52913998                   /usr/lib64/libxkbcommon.so.0.13.1
7f366bf93000-7f366bfbf000 r--p 00030000 00:22 52913998                   /usr/lib64/libxkbcommon.so.0.13.1
7f366bfbf000-7f366bfc1000 r--p 0005b000 00:22 52913998                   /usr/lib64/libxkbcommon.so.0.13.1
7f366bfc1000-7f366bfc2000 rw-p 0005d000 00:22 52913998                   /usr/lib64/libxkbcommon.so.0.13.1
7f366bfc2000-7f366bfde000 r-xp 00000000 00:22 56694301                   /usr/lib64/libatk-bridge-2.0.so.0.0.0
7f366bfde000-7f366bffc000 r--p 0001c000 00:22 56694301                   /usr/lib64/libatk-bridge-2.0.so.0.0.0
7f366bffc000-7f366bffe000 r--p 00039000 00:22 56694301                   /usr/lib64/libatk-bridge-2.0.so.0.0.0
7f366bffe000-7f366c000000 rw-p 0003b000 00:22 56694301                   /usr/lib64/libatk-bridge-2.0.so.0.0.0
7f366c000000-7f366c021000 rw-p 00000000 00:00 0 
7f366c021000-7f3670000000 ---p 00000000 00:00 0 
7f3670000000-7f3670001000 r--s 00000000 00:22 56799315                   /home/fam/.cache/fontconfig/94d8fcc0b92ee9fd9900ae8f2843d4cd-le64.cache-12
7f3670001000-7f3670006000 r-xp 00000000 00:22 52977084                   /usr/lib64/libdatrie.so.1.4.1
7f3670006000-7f3670008000 r--p 00005000 00:22 52977084                   /usr/lib64/libdatrie.so.1.4.1
7f3670008000-7f3670009000 r--p 00007000 00:22 52977084                   /usr/lib64/libdatrie.so.1.4.1
7f3670009000-7f367000a000 rw-p 00000000 00:00 0 
7f367000a000-7f367000f000 r-xp 00000000 00:22 52977088                   /usr/lib64/libthai.so.0.3.2
7f367000f000-7f3670014000 r--p 00005000 00:22 52977088                   /usr/lib64/libthai.so.0.3.2
7f3670014000-7f3670015000 r--p 00009000 00:22 52977088                   /usr/lib64/libthai.so.0.3.2
7f3670015000-7f3670016000 rw-p 0000a000 00:22 52977088                   /usr/lib64/libthai.so.0.3.2
7f3670016000-7f3670017000 r-xp 00000000 00:22 52914968                   /usr/lib64/libXinerama.so.1.0.0
7f3670017000-7f3670018000 r--p 00001000 00:22 52914968                   /usr/lib64/libXinerama.so.1.0.0
7f3670018000-7f3670019000 r--p 00001000 00:22 52914968                   /usr/lib64/libXinerama.so.1.0.0
7f3670019000-7f367001a000 rw-p 00002000 00:22 52914968                   /usr/lib64/libXinerama.so.1.0.0
7f367001a000-7f3670022000 r-xp 00000000 00:22 52914978                   /usr/lib64/libXrandr.so.2.2.0
7f3670022000-7f3670025000 r--p 00008000 00:22 52914978                   /usr/lib64/libXrandr.so.2.2.0
7f3670025000-7f3670026000 r--p 0000b000 00:22 52914978                   /usr/lib64/libXrandr.so.2.2.0
7f3670026000-7f3670027000 rw-p 0000c000 00:22 52914978                   /usr/lib64/libXrandr.so.2.2.0
7f3670027000-7f3670028000 r-xp 00000000 00:22 52914988                   /usr/lib64/libXcomposite.so.1.0.0
7f3670028000-7f3670029000 r--p 00001000 00:22 52914988                   /usr/lib64/libXcomposite.so.1.0.0
7f3670029000-7f367002a000 r--p 00001000 00:22 52914988                   /usr/lib64/libXcomposite.so.1.0.0
7f367002a000-7f367002b000 rw-p 00000000 00:00 0 
7f367002b000-7f3670032000 r-xp 00000000 00:22 52915418                   /usr/lib64/libXcursor.so.1.0.2
7f3670032000-7f3670036000 r--p 00007000 00:22 52915418                   /usr/lib64/libXcursor.so.1.0.2
7f3670036000-7f3670037000 r--p 0000b000 00:22 52915418                   /usr/lib64/libXcursor.so.1.0.2
7f3670037000-7f3670038000 rw-p 00000000 00:00 0 
7f3670038000-7f3670131000 r-xp 00000000 00:22 52925353                   /usr/lib64/libharfbuzz.so.0.61410.0
7f3670131000-7f3670171000 r--p 000f9000 00:22 52925353                   /usr/lib64/libharfbuzz.so.0.61410.0
7f3670171000-7f3670173000 r--p 00138000 00:22 52925353                   /usr/lib64/libharfbuzz.so.0.61410.0
7f3670173000-7f3670174000 rw-p 0013a000 00:22 52925353                   /usr/lib64/libharfbuzz.so.0.61410.0
7f3670174000-7f3670271000 r-xp 00000000 00:22 52925714                   /usr/lib64/libcairo.so.2.11804.4
7f3670271000-7f36702b7000 r--p 000fd000 00:22 52925714                   /usr/lib64/libcairo.so.2.11804.4
7f36702b7000-7f36702bb000 r--p 00143000 00:22 52925714                   /usr/lib64/libcairo.so.2.11804.4
7f36702bb000-7f36702bd000 rw-p 00147000 00:22 52925714                   /usr/lib64/libcairo.so.2.11804.4
7f36702bd000-7f36702be000 rw-p 00000000 00:00 0 
7f36702be000-7f36703e5000 r-xp 00000000 00:22 55206941                   /usr/lib64/libgio-2.0.so.0.8800.3
7f36703e5000-7f3670492000 r--p 00127000 00:22 55206941                   /usr/lib64/libgio-2.0.so.0.8800.3
7f3670492000-7f367049b000 r--p 001d3000 00:22 55206941                   /usr/lib64/libgio-2.0.so.0.8800.3
7f367049b000-7f367049c000 rw-p 001dc000 00:22 55206941                   /usr/lib64/libgio-2.0.so.0.8800.3
7f367049c000-7f367049e000 rw-p 00000000 00:00 0 
7f367049e000-7f367054b000 r-xp 00000000 00:22 55206945                   /usr/lib64/libglib-2.0.so.0.8800.3
7f367054b000-7f36705fd000 r--p 000ad000 00:22 55206945                   /usr/lib64/libglib-2.0.so.0.8800.3
7f36705fd000-7f36705fe000 r--p 0015f000 00:22 55206945                   /usr/lib64/libglib-2.0.so.0.8800.3
7f36705fe000-7f36705ff000 rw-p 00160000 00:22 55206945                   /usr/lib64/libglib-2.0.so.0.8800.3
7f36705ff000-7f3670600000 rw-p 00000000 00:00 0 
7f3670600000-7f3670601000 r-xp 00000000 00:22 57113888                   /usr/lib/jvm/bellsoft-java8-full.x86_64/jre/lib/amd64/libglass.so
7f3670601000-7f3670801000 ---p 00001000 00:22 57113888                   /usr/lib/jvm/bellsoft-java8-full.x86_64/jre/lib/amd64/libglass.so
7f3670801000-7f3670802000 r--p 00001000 00:22 57113888                   /usr/lib/jvm/bellsoft-java8-full.x86_64/jre/lib/amd64/libglass.so
7f3670802000-7f3670803000 rw-p 00002000 00:22 57113888                   /usr/lib/jvm/bellsoft-java8-full.x86_64/jre/lib/amd64/libglass.so
7f3670803000-7f3670805000 r--s 00000000 00:22 56799245                   /home/fam/.cache/fontconfig/383aa4c3ea81d46e4a1459cd427fba23-le64.cache-12
7f3670805000-7f3670806000 r-xp 00000000 00:22 52914961                   /usr/lib64/libXdamage.so.1.1.0
7f3670806000-7f3670807000 r--p 00001000 00:22 52914961                   /usr/lib64/libXdamage.so.1.1.0
7f3670807000-7f3670808000 r--p 00001000 00:22 52914961                   /usr/lib64/libXdamage.so.1.1.0
7f3670808000-7f3670809000 rw-p 00000000 00:00 0 
7f3670809000-7f367080a000 r-xp 00000000 00:22 56699288                   /usr/lib64/libwayland-egl.so.1.26.0
7f367080a000-7f367080b000 r--p 00001000 00:22 56699288                   /usr/lib64/libwayland-egl.so.1.26.0
7f367080b000-7f367080c000 r--p 00001000 00:22 56699288                   /usr/lib64/libwayland-egl.so.1.26.0
7f367080c000-7f367080d000 rw-p 00000000 00:00 0 
7f367080d000-7f3670810000 r-xp 00000000 00:22 56694306                   /usr/lib64/libwayland-cursor.so.0.26.0
7f3670810000-7f3670812000 r--p 00003000 00:22 56694306                   /usr/lib64/libwayland-cursor.so.0.26.0
7f3670812000-7f3670813000 r--p 00004000 00:22 56694306                   /usr/lib64/libwayland-cursor.so.0.26.0
7f3670813000-7f3670817000 rw-p 00005000 00:22 56694306                   /usr/lib64/libwayland-cursor.so.0.26.0
7f3670817000-7f367081f000 r-xp 00000000 00:22 56693586                   /usr/lib64/libwayland-client.so.0.26.0
7f367081f000-7f3670824000 r--p 00008000 00:22 56693586                   /usr/lib64/libwayland-client.so.0.26.0
7f3670824000-7f3670826000 r--p 0000d000 00:22 56693586                   /usr/lib64/libwayland-client.so.0.26.0
7f3670826000-7f3670827000 rw-p 0000f000 00:22 56693586                   /usr/lib64/libwayland-client.so.0.26.0
7f3670827000-7f3670833000 r-xp 00000000 00:22 56069151                   /usr/lib64/libcloudproviders.so.0.4.1
7f3670833000-7f367083e000 r--p 0000c000 00:22 56069151                   /usr/lib64/libcloudproviders.so.0.4.1
7f367083e000-7f367083f000 r--p 00017000 00:22 56069151                   /usr/lib64/libcloudproviders.so.0.4.1
7f367083f000-7f3670840000 rw-p 00018000 00:22 56069151                   /usr/lib64/libcloudproviders.so.0.4.1
7f3670840000-7f367084d000 r-xp 00000000 00:22 52914957                   /usr/lib64/libXi.so.6.1.0
7f367084d000-7f3670851000 r--p 0000d000 00:22 52914957                   /usr/lib64/libXi.so.6.1.0
7f3670851000-7f3670852000 r--p 00011000 00:22 52914957                   /usr/lib64/libXi.so.6.1.0
7f3670852000-7f3670853000 rw-p 00012000 00:22 52914957                   /usr/lib64/libXi.so.6.1.0
7f3670853000-7f3670864000 r-xp 00000000 00:22 56694141                   /usr/lib64/libatk-1.0.so.0.26016.1
7f3670864000-7f3670876000 r--p 00011000 00:22 56694141                   /usr/lib64/libatk-1.0.so.0.26016.1
7f3670876000-7f3670879000 r--p 00022000 00:22 56694141                   /usr/lib64/libatk-1.0.so.0.26016.1
7f3670879000-7f367087a000 rw-p 00025000 00:22 56694141                   /usr/lib64/libatk-1.0.so.0.26016.1
7f367087a000-7f3670897000 r-xp 00000000 00:22 56035438                   /usr/lib64/libgdk_pixbuf-2.0.so.0.4400.4
7f3670897000-7f36708a7000 r--p 0001d000 00:22 56035438                   /usr/lib64/libgdk_pixbuf-2.0.so.0.4400.4
7f36708a7000-7f36708a9000 r--p 0002c000 00:22 56035438                   /usr/lib64/libgdk_pixbuf-2.0.so.0.4400.4
7f36708a9000-7f36708aa000 rw-p 0002e000 00:22 56035438                   /usr/lib64/libgdk_pixbuf-2.0.so.0.4400.4
7f36708aa000-7f36708dd000 r-xp 00000000 00:22 52925389                   /usr/lib64/libfontconfig.so.1.16.0
7f36708dd000-7f36708fa000 r--p 00033000 00:22 52925389                   /usr/lib64/libfontconfig.so.1.16.0
7f36708fa000-7f36708fc000 r--p 00050000 00:22 52925389                   /usr/lib64/libfontconfig.so.1.16.0
7f36708fc000-7f36708fd000 rw-p 00052000 00:22 52925389                   /usr/lib64/libfontconfig.so.1.16.0
7f36708fd000-7f367098e000 r-xp 00000000 00:22 55207760                   /usr/lib64/libgdk-3.so.0.2420.32
7f367098e000-7f36709f2000 r--p 00091000 00:22 55207760                   /usr/lib64/libgdk-3.so.0.2420.32
7f36709f2000-7f36709fc000 r--p 000f5000 00:22 55207760                   /usr/lib64/libgdk-3.so.0.2420.32
7f36709fc000-7f36709fe000 rw-p 000ff000 00:22 55207760                   /usr/lib64/libgdk-3.so.0.2420.32
7f36709fe000-7f3671a00000 rw-p 00000000 00:00 0 
7f3671a00000-7f3671c01000 rw-s 00000000 00:22 46129766                   /home/fam/.cache/mesa_shader_cache/index
7f3671c01000-7f3671c02000 r--s 00000000 00:22 56799285                   /home/fam/.cache/fontconfig/22f06f3be2d16d058da85b73ae1dc5b1-le64.cache-12
7f3671c02000-7f3671c08000 r-xp 00000000 00:22 52914181                   /usr/lib64/libfribidi.so.0.4.0
7f3671c08000-7f3671c20000 r--p 00006000 00:22 52914181                   /usr/lib64/libfribidi.so.0.4.0
7f3671c20000-7f3671c21000 r--p 0001d000 00:22 52914181                   /usr/lib64/libfribidi.so.0.4.0
7f3671c21000-7f3671c22000 rw-p 0001e000 00:22 52914181                   /usr/lib64/libfribidi.so.0.4.0
7f3671c22000-7f3671c64000 r-xp 00000000 00:22 52977112                   /usr/lib64/libpango-1.0.so.0.5701.0
7f3671c64000-7f3671c8c000 r--p 00042000 00:22 52977112                   /usr/lib64/libpango-1.0.so.0.5701.0
7f3671c8c000-7f3671c90000 r--p 00069000 00:22 52977112                   /usr/lib64/libpango-1.0.so.0.5701.0
7f3671c90000-7f3671c91000 rw-p 0006d000 00:22 52977112                   /usr/lib64/libpango-1.0.so.0.5701.0
7f3671c91000-7f3671d8d000 r-xp 00000000 00:22 52911816                   /usr/lib64/libxml2.so.2.12.10
7f3671d8d000-7f3671df3000 r--p 000fc000 00:22 52911816                   /usr/lib64/libxml2.so.2.12.10
7f3671df3000-7f3671dfe000 r--p 00161000 00:22 52911816                   /usr/lib64/libxml2.so.2.12.10
7f3671dfe000-7f3671dff000 rw-p 0016c000 00:22 52911816                   /usr/lib64/libxml2.so.2.12.10
7f3671dff000-7f3671e00000 rw-p 00000000 00:00 0 
7f3671e00000-7f3671f71000 r-xp 00000000 00:22 56034492                   /usr/lib64/libstdc++.so.6.0.36
7f3671f71000-7f367209c000 r--p 00171000 00:22 56034492                   /usr/lib64/libstdc++.so.6.0.36
7f367209c000-7f36720ad000 r--p 0029c000 00:22 56034492                   /usr/lib64/libstdc++.so.6.0.36
7f36720ad000-7f36720ae000 rw-p 002ad000 00:22 56034492                   /usr/lib64/libstdc++.so.6.0.36
7f36720ae000-7f36720b2000 rw-p 00000000 00:00 0 
7f36720b2000-7f36720b4000 r--s 00000000 00:22 56799240                   /home/fam/.cache/fontconfig/cc4435afd06e20625c417ffcddec4f51-le64.cache-12
7f36720b4000-7f36720b8000 r-xp 00000000 00:22 52914951                   /usr/lib64/libXfixes.so.3.1.0
7f36720b8000-7f36720ba000 r--p 00004000 00:22 52914951                   /usr/lib64/libXfixes.so.3.1.0
7f36720ba000-7f36720bb000 r--p 00006000 00:22 52914951                   /usr/lib64/libXfixes.so.3.1.0
7f36720bb000-7f36720bc000 rw-p 00007000 00:22 52914951                   /usr/lib64/libXfixes.so.3.1.0
7f36720bc000-7f36720be000 r-xp 00000000 00:22 52925725                   /usr/lib64/libcairo-gobject.so.2.11804.4
7f36720be000-7f36720c2000 r--p 00002000 00:22 52925725                   /usr/lib64/libcairo-gobject.so.2.11804.4
7f36720c2000-7f36720c4000 r--p 00005000 00:22 52925725                   /usr/lib64/libcairo-gobject.so.2.11804.4
7f36720c4000-7f36720c5000 rw-p 00000000 00:00 0 
7f36720c5000-7f36720d4000 r-xp 00000000 00:22 52977116                   /usr/lib64/libpangoft2-1.0.so.0.5701.0
7f36720d4000-7f36720df000 r--p 0000f000 00:22 52977116                   /usr/lib64/libpangoft2-1.0.so.0.5701.0
7f36720df000-7f36720e0000 r--p 0001a000 00:22 52977116                   /usr/lib64/libpangoft2-1.0.so.0.5701.0
7f36720e0000-7f36720e1000 rw-p 00000000 00:00 0 
7f36720e1000-7f36720eb000 r-xp 00000000 00:22 52977114                   /usr/lib64/libpangocairo-1.0.so.0.5701.0
7f36720eb000-7f36720f2000 r--p 0000a000 00:22 52977114                   /usr/lib64/libpangocairo-1.0.so.0.5701.0
7f36720f2000-7f36720f3000 r--p 00010000 00:22 52977114                   /usr/lib64/libpangocairo-1.0.so.0.5701.0
7f36720f3000-7f36720f4000 rw-p 00011000 00:22 52977114                   /usr/lib64/libpangocairo-1.0.so.0.5701.0
7f36720f4000-7f367212d000 r-xp 00000000 00:22 55206949                   /usr/lib64/libgobject-2.0.so.0.8800.3
7f367212d000-7f3672151000 r--p 00039000 00:22 55206949                   /usr/lib64/libgobject-2.0.so.0.8800.3
7f3672151000-7f3672154000 r--p 0005d000 00:22 55206949                   /usr/lib64/libgobject-2.0.so.0.8800.3
7f3672154000-7f3672155000 rw-p 00060000 00:22 55206949                   /usr/lib64/libgobject-2.0.so.0.8800.3
7f3672155000-7f3672158000 r--s 00000000 00:22 56799185                   /home/fam/.cache/fontconfig/a11fef9c6b59ddb48eba670bb9bf2c6a-le64.cache-12
7f3672158000-7f3672159000 r--s 00000000 00:22 57588802                   /home/fam/.cache/fontconfig/a1059391c956b3cbc42a78cac70f430a-le64.cache-12
7f3672159000-7f367215a000 r--s 00000000 00:22 57588800                   /home/fam/.cache/fontconfig/aa02322cc1375fea2382deabf4339973-le64.cache-12
7f367215a000-7f367215b000 r--s 00000000 00:22 56799255                   /home/fam/.cache/fontconfig/7ee6df7a8311986241317a58487e0145-le64.cache-12
7f367215b000-7f3672177000 r--p 00000000 00:22 55207826                   /usr/share/locale/es/LC_MESSAGES/gtk30.mo
7f3672177000-7f367227f000 r-xp 00000000 00:22 52919591                   /usr/lib64/libSPIRV-Tools.so
7f367227f000-7f3672312000 r--p 00108000 00:22 52919591                   /usr/lib64/libSPIRV-Tools.so
7f3672312000-7f3672315000 r--p 0019b000 00:22 52919591                   /usr/lib64/libSPIRV-Tools.so
7f3672315000-7f3672316000 rw-p 0019e000 00:22 52919591                   /usr/lib64/libSPIRV-Tools.so
7f3672316000-7f36723df000 r-xp 00000000 00:22 52911771                   /usr/lib64/libzstd.so.1.5.7
7f36723df000-7f36723fd000 r--p 000c9000 00:22 52911771                   /usr/lib64/libzstd.so.1.5.7
7f36723fd000-7f36723ff000 r--p 000e6000 00:22 52911771                   /usr/lib64/libzstd.so.1.5.7
7f36723ff000-7f3672400000 rw-p 00000000 00:00 0 
7f3672400000-7f367240c000 r-xp 00000000 00:22 57113921                   /usr/lib/jvm/bellsoft-java8-full.x86_64/jre/lib/amd64/libprism_es2.so
7f367240c000-7f367260b000 ---p 0000c000 00:22 57113921                   /usr/lib/jvm/bellsoft-java8-full.x86_64/jre/lib/amd64/libprism_es2.so
7f367260b000-7f367260c000 r--p 0000b000 00:22 57113921                   /usr/lib/jvm/bellsoft-java8-full.x86_64/jre/lib/amd64/libprism_es2.so
7f367260c000-7f367260d000 rw-p 0000c000 00:22 57113921                   /usr/lib/jvm/bellsoft-java8-full.x86_64/jre/lib/amd64/libprism_es2.so
7f367260d000-7f367260e000 r--s 00000000 00:22 56799230                   /home/fam/.cache/fontconfig/0f80fa86029ae75a63f21d682b864529-le64.cache-12
7f367260e000-7f3672610000 r-xp 00000000 00:22 55206947                   /usr/lib64/libgmodule-2.0.so.0.8800.3
7f3672610000-7f3672612000 r--p 00002000 00:22 55206947                   /usr/lib64/libgmodule-2.0.so.0.8800.3
7f3672612000-7f3672613000 r--p 00003000 00:22 55206947                   /usr/lib64/libgmodule-2.0.so.0.8800.3
7f3672613000-7f3672614000 rw-p 00004000 00:22 55206947                   /usr/lib64/libgmodule-2.0.so.0.8800.3
7f3672614000-7f3672626000 r--s 001fc000 00:22 57638702                   /home/fam/NetBeansProjects/ChromisKitchenScreen-master/dist/lib/ojdbc6.jar
7f3672626000-7f3672630000 r--s 000e8000 00:22 57638701                   /home/fam/NetBeansProjects/ChromisKitchenScreen-master/dist/lib/mysql-connector-java-5.1.26-bin.jar
7f3672630000-7f367264c000 r--s 001c2000 00:22 57638699                   /home/fam/NetBeansProjects/ChromisKitchenScreen-master/dist/lib/liquibase.jar
7f367264c000-7f36726ab000 r--s 004ab000 00:22 57638691                   /home/fam/NetBeansProjects/ChromisKitchenScreen-master/dist/lib/hibernate-core-4.3.10.Final.jar
7f36726ab000-7f3672750000 r-xp 00000000 00:22 57537285                   /usr/lib64/libX11.so.6.4.0
7f3672750000-7f36727f9000 r--p 000a5000 00:22 57537285                   /usr/lib64/libX11.so.6.4.0
7f36727f9000-7f36727fc000 r--p 0014d000 00:22 57537285                   /usr/lib64/libX11.so.6.4.0
7f36727fc000-7f3672800000 rw-p 00150000 00:22 57537285                   /usr/lib64/libX11.so.6.4.0
7f3672800000-7f3672818000 r-xp 00000000 00:22 57113917                   /usr/lib/jvm/bellsoft-java8-full.x86_64/jre/lib/amd64/libnet.so
7f3672818000-7f3672a17000 ---p 00018000 00:22 57113917                   /usr/lib/jvm/bellsoft-java8-full.x86_64/jre/lib/amd64/libnet.so
7f3672a17000-7f3672a18000 r--p 00017000 00:22 57113917                   /usr/lib/jvm/bellsoft-java8-full.x86_64/jre/lib/amd64/libnet.so
7f3672a18000-7f3672a19000 rw-p 00018000 00:22 57113917                   /usr/lib/jvm/bellsoft-java8-full.x86_64/jre/lib/amd64/libnet.so
7f3672a1a000-7f3672a1b000 r--p 00000000 00:22 54805925                   /etc/dconf/db/distro
7f3672a1b000-7f3672a22000 r--s 00096000 00:22 57638703                   /home/fam/NetBeansProjects/ChromisKitchenScreen-master/dist/lib/postgresql-9.4-1201.jdbc4.jar
7f3672a22000-7f3672a2c000 r--s 000a5000 00:22 57638695                   /home/fam/NetBeansProjects/ChromisKitchenScreen-master/dist/lib/javassist-3.18.1-GA.jar
7f3672a2c000-7f3672a3a000 r--s 0015a000 00:22 57638693                   /home/fam/NetBeansProjects/ChromisKitchenScreen-master/dist/lib/hsqldb.jar
7f3672a3a000-7f3672a3f000 r--s 00017000 00:22 57638692                   /home/fam/NetBeansProjects/ChromisKitchenScreen-master/dist/lib/hibernate-jpa-2.1-api-1.0.0.Final.jar
7f3672a3f000-7f3672a44000 r--s 00048000 00:22 57638688                   /home/fam/NetBeansProjects/ChromisKitchenScreen-master/dist/lib/dom4j-1.6.1.jar
7f3672a44000-7f3672a4a000 r--s 0007e000 00:22 57638687                   /home/fam/NetBeansProjects/ChromisKitchenScreen-master/dist/lib/derbyclient.jar
7f3672a4a000-7f3672a58000 r--s 00080000 00:22 57638700                   /home/fam/NetBeansProjects/ChromisKitchenScreen-master/dist/lib/mchange-commons-java-0.2.3.4.jar
7f3672a58000-7f3672a5f000 r--s 00061000 00:22 57638686                   /home/fam/NetBeansProjects/ChromisKitchenScreen-master/dist/lib/c3p0-0.9.2.1.jar
7f3672a5f000-7f3672a64000 r--s 00068000 00:22 57638685                   /home/fam/NetBeansProjects/ChromisKitchenScreen-master/dist/lib/antlr-2.7.7.jar
7f3672a64000-7f3672af6000 r--s 01406000 00:22 57638684                   /home/fam/NetBeansProjects/ChromisKitchenScreen-master/dist/lib/jfxrt.jar
7f3672af6000-7f3672afa000 rw-s 11adef000 00:11 1055                      anon_inode:i915.gem
7f3672afa000-7f3672b00000 rw-s 169c2f000 00:11 1055                      anon_inode:i915.gem
7f3672b00000-7f3672b03000 ---p 00000000 00:00 0 
7f3672b03000-7f3672c00000 rw-p 00000000 00:00 0 
7f3672c00000-7f3672c11000 r-xp 00000000 00:22 57113918                   /usr/lib/jvm/bellsoft-java8-full.x86_64/jre/lib/amd64/libnio.so
7f3672c11000-7f3672e11000 ---p 00011000 00:22 57113918                   /usr/lib/jvm/bellsoft-java8-full.x86_64/jre/lib/amd64/libnio.so
7f3672e11000-7f3672e12000 r--p 00011000 00:22 57113918                   /usr/lib/jvm/bellsoft-java8-full.x86_64/jre/lib/amd64/libnio.so
7f3672e12000-7f3672e13000 rw-p 00012000 00:22 57113918                   /usr/lib/jvm/bellsoft-java8-full.x86_64/jre/lib/amd64/libnio.so
7f3672e13000-7f3672e17000 rw-s 100e18000 00:11 1055                      anon_inode:i915.gem
7f3672e17000-7f3672e38000 r--p 00000000 00:22 57529786                   /usr/share/locale/es/LC_MESSAGES/libc.mo
7f3672e38000-7f3672e5d000 r-xp 00000000 00:22 52911808                   /usr/lib64/liblzma.so.5.8.2
7f3672e5d000-7f3672e6c000 r--p 00025000 00:22 52911808                   /usr/lib64/liblzma.so.5.8.2
7f3672e6c000-7f3672e6d000 r--p 00033000 00:22 52911808                   /usr/lib64/liblzma.so.5.8.2
7f3672e6d000-7f3672e6e000 rw-p 00034000 00:22 52911808                   /usr/lib64/liblzma.so.5.8.2
7f3672e6e000-7f3672e83000 r-xp 00000000 00:22 52911220                   /usr/lib64/libtinfo.so.6.6
7f3672e83000-7f3672e96000 r--p 00015000 00:22 52911220                   /usr/lib64/libtinfo.so.6.6
7f3672e96000-7f3672e9a000 r--p 00028000 00:22 52911220                   /usr/lib64/libtinfo.so.6.6
7f3672e9a000-7f3672e9b000 rw-p 0002c000 00:22 52911220                   /usr/lib64/libtinfo.so.6.6
7f3672e9b000-7f3672ea1000 r-xp 00000000 00:22 52919049                   /usr/lib64/libpciaccess.so.0.11.1
7f3672ea1000-7f3672ea4000 r--p 00006000 00:22 52919049                   /usr/lib64/libpciaccess.so.0.11.1
7f3672ea4000-7f3672ea5000 r--p 00009000 00:22 52919049                   /usr/lib64/libpciaccess.so.0.11.1
7f3672ea5000-7f3672ea6000 rw-p 00000000 00:00 0 
7f3672ea6000-7f3672ec9000 r-xp 00000000 00:22 52915268                   /usr/lib64/libedit.so.0.0.78
7f3672ec9000-7f3672edc000 r--p 00023000 00:22 52915268                   /usr/lib64/libedit.so.0.0.78
7f3672edc000-7f3672edf000 r--p 00035000 00:22 52915268                   /usr/lib64/libedit.so.0.0.78
7f3672edf000-7f3672ee0000 rw-p 00038000 00:22 52915268                   /usr/lib64/libedit.so.0.0.78
7f3672ee0000-7f3672ee3000 rw-p 00000000 00:00 0 
7f3672ee3000-7f3672eee000 r-xp 00000000 00:22 52914192                   /usr/lib64/libffi.so.8.2.0
7f3672eee000-7f3672ef1000 r--p 0000b000 00:22 52914192                   /usr/lib64/libffi.so.8.2.0
7f3672ef1000-7f3672ef2000 r--p 0000e000 00:22 52914192                   /usr/lib64/libffi.so.8.2.0
7f3672ef2000-7f3672ef3000 rw-p 0000f000 00:22 52914192                   /usr/lib64/libffi.so.8.2.0
7f3672ef3000-7f3672ff4000 rw-p 00000000 00:00 0 
7f3672ff4000-7f3672ff7000 ---p 00000000 00:00 0 
7f3672ff7000-7f36730f5000 rw-p 00000000 00:00 0 
7f36730f5000-7f36730f8000 ---p 00000000 00:00 0 
7f36730f8000-7f36731f6000 rw-p 00000000 00:00 0 
7f36731f6000-7f36731f9000 ---p 00000000 00:00 0 
7f36731f9000-7f36732f7000 rw-p 00000000 00:00 0 
7f36732f7000-7f36732fa000 ---p 00000000 00:00 0 
7f36732fa000-7f36733f7000 rw-p 00000000 00:00 0 
7f36733f7000-7f36733fa000 ---p 00000000 00:00 0 
7f36733fa000-7f36734f7000 rw-p 00000000 00:00 0 
7f36734f7000-7f36734fa000 ---p 00000000 00:00 0 
7f36734fa000-7f36735f7000 rw-p 00000000 00:00 0 
7f36735f7000-7f36735fa000 ---p 00000000 00:00 0 
7f36735fa000-7f36737f8000 rw-p 00000000 00:00 0 
7f36737f8000-7f3674021000 rw-p 00000000 00:00 0 
7f3674021000-7f3678000000 ---p 00000000 00:00 0 
7f3678000000-7f3678001000 r--p 00000000 00:22 54805929                   /etc/dconf/db/site
7f3678001000-7f3678002000 r--p 00000000 00:22 54805928                   /etc/dconf/db/local
7f3678002000-7f3678003000 r--s 00000000 00:4f 543                        /run/user/1000/dconf/user
7f3678003000-7f367801b000 r-xp 00000000 00:22 53567575                   /usr/lib64/libdrm_intel.so.1.134.0
7f367801b000-7f3678027000 r--p 00018000 00:22 53567575                   /usr/lib64/libdrm_intel.so.1.134.0
7f3678027000-7f3678028000 r--p 00023000 00:22 53567575                   /usr/lib64/libdrm_intel.so.1.134.0
7f3678028000-7f3678029000 rw-p 00024000 00:22 53567575                   /usr/lib64/libdrm_intel.so.1.134.0
7f3678029000-7f367803d000 r-xp 00000000 00:22 56035704                   /usr/lib64/libelf-0.196.so
7f367803d000-7f3678044000 r--p 00014000 00:22 56035704                   /usr/lib64/libelf-0.196.so
7f3678044000-7f3678045000 r--p 0001b000 00:22 56035704                   /usr/lib64/libelf-0.196.so
7f3678045000-7f3678046000 rw-p 00000000 00:00 0 
7f3678046000-7f3678063000 r-xp 00000000 00:22 52911739                   /usr/lib64/libz.so.1.3.1.zlib-ng
7f3678063000-7f367806e000 r--p 0001d000 00:22 52911739                   /usr/lib64/libz.so.1.3.1.zlib-ng
7f367806e000-7f367806f000 r--p 00027000 00:22 52911739                   /usr/lib64/libz.so.1.3.1.zlib-ng
7f367806f000-7f3678070000 rw-p 00028000 00:22 52911739                   /usr/lib64/libz.so.1.3.1.zlib-ng
7f3678070000-7f3678094000 r-xp 00000000 00:22 56034481                   /usr/lib64/libgcc_s-16-20260819.so.1
7f3678094000-7f367809b000 r--p 00024000 00:22 56034481                   /usr/lib64/libgcc_s-16-20260819.so.1
7f367809b000-7f367809c000 r--p 0002b000 00:22 56034481                   /usr/lib64/libgcc_s-16-20260819.so.1
7f367809c000-7f367809d000 rw-p 00000000 00:00 0 
7f367809d000-7f36780df000 r-xp 00000000 00:22 56759246                   /usr/lib64/libGLX_mesa.so.0.0.0
7f36780df000-7f36780f4000 r--p 00042000 00:22 56759246                   /usr/lib64/libGLX_mesa.so.0.0.0
7f36780f4000-7f36780f8000 r--p 00056000 00:22 56759246                   /usr/lib64/libGLX_mesa.so.0.0.0
7f36780f8000-7f36780f9000 rw-p 0005a000 00:22 56759246                   /usr/lib64/libGLX_mesa.so.0.0.0
7f36780f9000-7f3678d40000 rw-p 00000000 00:00 0 
7f3678d40000-7f3679000000 ---p 00000000 00:00 0 
7f3679000000-7f3679270000 rwxp 00000000 00:00 0 
7f3679270000-7f3688000000 ---p 00000000 00:00 0 
7f3688000000-7f3688773000 rw-p 00000000 00:00 0 
7f3688773000-7f368c000000 ---p 00000000 00:00 0 
7f368c000000-7f368c006000 rw-s 100e4e000 00:11 1055                      anon_inode:i915.gem
7f368c006000-7f368c00d000 r-xp 00000000 00:22 53567573                   /usr/lib64/libdrm_amdgpu.so.1.134.0
7f368c00d000-7f368c012000 r--p 00007000 00:22 53567573                   /usr/lib64/libdrm_amdgpu.so.1.134.0
7f368c012000-7f368c013000 r--p 0000b000 00:22 53567573                   /usr/lib64/libdrm_amdgpu.so.1.134.0
7f368c013000-7f368c014000 rw-p 00000000 00:00 0 
7f368c014000-7f368c015000 r-xp 00000000 00:22 52919074                   /usr/lib64/libxshmfence.so.1.0.0
7f368c015000-7f368c016000 r--p 00001000 00:22 52919074                   /usr/lib64/libxshmfence.so.1.0.0
7f368c016000-7f368c017000 r--p 00001000 00:22 52919074                   /usr/lib64/libxshmfence.so.1.0.0
7f368c017000-7f368c018000 rw-p 00002000 00:22 52919074                   /usr/lib64/libxshmfence.so.1.0.0
7f368c018000-7f368c01b000 r-xp 00000000 00:22 52914916                   /usr/lib64/libxcb-sync.so.1.0.0
7f368c01b000-7f368c01e000 r--p 00003000 00:22 52914916                   /usr/lib64/libxcb-sync.so.1.0.0
7f368c01e000-7f368c01f000 r--p 00006000 00:22 52914916                   /usr/lib64/libxcb-sync.so.1.0.0
7f368c01f000-7f368c020000 rw-p 00007000 00:22 52914916                   /usr/lib64/libxcb-sync.so.1.0.0
7f368c020000-7f368c041000 r-xp 00000000 00:22 56034555                   /usr/lib64/libexpat.so.1.12.3
7f368c041000-7f368c04b000 r--p 00021000 00:22 56034555                   /usr/lib64/libexpat.so.1.12.3
7f368c04b000-7f368c04d000 r--p 0002b000 00:22 56034555                   /usr/lib64/libexpat.so.1.12.3
7f368c04d000-7f368c04e000 rw-p 00000000 00:00 0 
7f368c04e000-7f368c08d000 r-xp 00000000 00:22 52919041                   /usr/lib64/libGLdispatch.so.0.0.0
7f368c08d000-7f368c0a1000 r--p 0003f000 00:22 52919041                   /usr/lib64/libGLdispatch.so.0.0.0
7f368c0a1000-7f368c0bd000 r--p 00053000 00:22 52919041                   /usr/lib64/libGLdispatch.so.0.0.0
7f368c0bd000-7f368c0be000 rw-p 0006f000 00:22 52919041                   /usr/lib64/libGLdispatch.so.0.0.0
7f368c0be000-7f368c0c6000 rw-p 00000000 00:00 0 
7f368c0c6000-7f368c298000 r--s 03cde000 00:22 57114002                   /usr/lib/jvm/bellsoft-java8-full.x86_64/jre/lib/rt.jar
7f368c298000-7f368ca56000 rw-p 00000000 00:00 0 
7f368ca56000-7f368cb57000 rw-p 00000000 00:00 0 
7f368cb57000-7f368cbaa000 rw-p 00000000 00:00 0 
7f368cbaa000-7f368d081000 ---p 00000000 00:00 0 
7f368d081000-7f368d0d4000 rw-p 00000000 00:00 0 
7f368d0d4000-7f368d5aa000 ---p 00000000 00:00 0 
7f368d5aa000-7f368d5d4000 rw-p 00000000 00:00 0 
7f368d5d4000-7f368d83f000 ---p 00000000 00:00 0 
7f368d83f000-7f368d84a000 rw-p 00000000 00:00 0 
7f368d84a000-7f368dc00000 ---p 00000000 00:00 0 
7f368dc00000-7f368dc1b000 r-xp 00000000 00:22 57113929                   /usr/lib/jvm/bellsoft-java8-full.x86_64/jre/lib/amd64/libzip.so
7f368dc1b000-7f368de1b000 ---p 0001b000 00:22 57113929                   /usr/lib/jvm/bellsoft-java8-full.x86_64/jre/lib/amd64/libzip.so
7f368de1b000-7f368de1c000 r--p 0001b000 00:22 57113929                   /usr/lib/jvm/bellsoft-java8-full.x86_64/jre/lib/amd64/libzip.so
7f368de1c000-7f368de1d000 rw-p 0001c000 00:22 57113929                   /usr/lib/jvm/bellsoft-java8-full.x86_64/jre/lib/amd64/libzip.so
7f368de1d000-7f368de1e000 r--s 00006000 00:22 57638698                   /home/fam/NetBeansProjects/ChromisKitchenScreen-master/dist/lib/jboss-transaction-api_1.2_spec-1.0.0.Final.jar
7f368de1e000-7f368de24000 r-xp 00000000 00:22 52914902                   /usr/lib64/libxcb-randr.so.0.1.0
7f368de24000-7f368de2e000 r--p 00006000 00:22 52914902                   /usr/lib64/libxcb-randr.so.0.1.0
7f368de2e000-7f368de2f000 r--p 00010000 00:22 52914902                   /usr/lib64/libxcb-randr.so.0.1.0
7f368de2f000-7f368de30000 rw-p 00011000 00:22 52914902                   /usr/lib64/libxcb-randr.so.0.1.0
7f368de30000-7f368de38000 r-xp 00000000 00:22 52928029                   /usr/lib64/libsensors.so.4.5.0
7f368de38000-7f368de3d000 r--p 00008000 00:22 52928029                   /usr/lib64/libsensors.so.4.5.0
7f368de3d000-7f368de3e000 r--p 0000d000 00:22 52928029                   /usr/lib64/libsensors.so.4.5.0
7f368de3e000-7f368de3f000 rw-p 0000e000 00:22 52928029                   /usr/lib64/libsensors.so.4.5.0
7f368de3f000-7f368de48000 r-xp 00000000 00:22 52914898                   /usr/lib64/libxcb-glx.so.0.0.0
7f368de48000-7f368de58000 r--p 00009000 00:22 52914898                   /usr/lib64/libxcb-glx.so.0.0.0
7f368de58000-7f368de5a000 r--p 00019000 00:22 52914898                   /usr/lib64/libxcb-glx.so.0.0.0
7f368de5a000-7f368de5b000 rw-p 0001b000 00:22 52914898                   /usr/lib64/libxcb-glx.so.0.0.0
7f368de5b000-7f368de76000 r-xp 00000000 00:22 52929019                   /usr/lib64/libGLX.so.0.0.0
7f368de76000-7f368de7a000 r--p 0001b000 00:22 52929019                   /usr/lib64/libGLX.so.0.0.0
7f368de7a000-7f368de7b000 r--p 0001f000 00:22 52929019                   /usr/lib64/libGLX.so.0.0.0
7f368de7b000-7f368de7c000 rw-p 00020000 00:22 52929019                   /usr/lib64/libGLX.so.0.0.0
7f368de7c000-7f368de8c000 rw-p 00000000 00:00 0 
7f368de8c000-7f368deac000 r-xp 00000000 00:22 52929017                   /usr/lib64/libGL.so.1.7.0
7f368deac000-7f368deef000 r--p 00020000 00:22 52929017                   /usr/lib64/libGL.so.1.7.0
7f368deef000-7f368defd000 r--p 00063000 00:22 52929017                   /usr/lib64/libGL.so.1.7.0
7f368defd000-7f368defe000 rw-p 00071000 00:22 52929017                   /usr/lib64/libGL.so.1.7.0
7f368defe000-7f368deff000 rw-p 00000000 00:00 0 
7f368deff000-7f368e000000 rw-p 00000000 00:00 0 
7f368e000000-7f368e02a000 r-xp 00000000 00:22 57113898                   /usr/lib/jvm/bellsoft-java8-full.x86_64/jre/lib/amd64/libjava.so
7f368e02a000-7f368e229000 ---p 0002a000 00:22 57113898                   /usr/lib/jvm/bellsoft-java8-full.x86_64/jre/lib/amd64/libjava.so
7f368e229000-7f368e22a000 r--p 00029000 00:22 57113898                   /usr/lib/jvm/bellsoft-java8-full.x86_64/jre/lib/amd64/libjava.so
7f368e22a000-7f368e22c000 rw-p 0002a000 00:22 57113898                   /usr/lib/jvm/bellsoft-java8-full.x86_64/jre/lib/amd64/libjava.so
7f368e22c000-7f368e22d000 r--s 00002000 00:22 57638697                   /home/fam/NetBeansProjects/ChromisKitchenScreen-master/dist/lib/jboss-logging-annotations-1.2.0.Beta1.jar
7f368e22d000-7f368e22f000 r--s 0000c000 00:22 57638696                   /home/fam/NetBeansProjects/ChromisKitchenScreen-master/dist/lib/jboss-logging-3.1.3.GA.jar
7f368e22f000-7f368e232000 r-xp 00000000 00:22 52914920                   /usr/lib64/libxcb-xfixes.so.0.0.0
7f368e232000-7f368e236000 r--p 00003000 00:22 52914920                   /usr/lib64/libxcb-xfixes.so.0.0.0
7f368e236000-7f368e237000 r--p 00007000 00:22 52914920                   /usr/lib64/libxcb-xfixes.so.0.0.0
7f368e237000-7f368e238000 rw-p 00008000 00:22 52914920                   /usr/lib64/libxcb-xfixes.so.0.0.0
7f368e238000-7f368e239000 r-xp 00000000 00:22 52914900                   /usr/lib64/libxcb-present.so.0.0.0
7f368e239000-7f368e23b000 r--p 00001000 00:22 52914900                   /usr/lib64/libxcb-present.so.0.0.0
7f368e23b000-7f368e23c000 r--p 00002000 00:22 52914900                   /usr/lib64/libxcb-present.so.0.0.0
7f368e23c000-7f368e23d000 rw-p 00003000 00:22 52914900                   /usr/lib64/libxcb-present.so.0.0.0
7f368e23d000-7f368e23f000 r-xp 00000000 00:22 52914896                   /usr/lib64/libxcb-dri3.so.0.1.0
7f368e23f000-7f368e241000 r--p 00002000 00:22 52914896                   /usr/lib64/libxcb-dri3.so.0.1.0
7f368e241000-7f368e242000 r--p 00004000 00:22 52914896                   /usr/lib64/libxcb-dri3.so.0.1.0
7f368e242000-7f368e243000 rw-p 00005000 00:22 52914896                   /usr/lib64/libxcb-dri3.so.0.1.0
7f368e243000-7f368e24f000 r-xp 00000000 00:22 53567571                   /usr/lib64/libdrm.so.2.134.0
7f368e24f000-7f368e257000 r--p 0000c000 00:22 53567571                   /usr/lib64/libdrm.so.2.134.0
7f368e257000-7f368e258000 r--p 00014000 00:22 53567571                   /usr/lib64/libdrm.so.2.134.0
7f368e258000-7f368e259000 rw-p 00000000 00:00 0 
7f368e259000-7f368e265000 r-xp 00000000 00:22 52914945                   /usr/lib64/libXext.so.6.4.0
7f368e265000-7f368e26b000 r--p 0000c000 00:22 52914945                   /usr/lib64/libXext.so.6.4.0
7f368e26b000-7f368e26c000 r--p 00011000 00:22 52914945                   /usr/lib64/libXext.so.6.4.0
7f368e26c000-7f368e26d000 rw-p 00012000 00:22 52914945                   /usr/lib64/libXext.so.6.4.0
7f368e26d000-7f368e2ff000 r--s 01406000 00:22 57113950                   /usr/lib/jvm/bellsoft-java8-full.x86_64/jre/lib/ext/jfxrt.jar
7f368e2ff000-7f368e400000 rw-p 00000000 00:00 0 
7f368e400000-7f368e40d000 r-xp 00000000 00:22 57113928                   /usr/lib/jvm/bellsoft-java8-full.x86_64/jre/lib/amd64/libverify.so
7f368e40d000-7f368e60c000 ---p 0000d000 00:22 57113928                   /usr/lib/jvm/bellsoft-java8-full.x86_64/jre/lib/amd64/libverify.so
7f368e60c000-7f368e60e000 r--p 0000c000 00:22 57113928                   /usr/lib/jvm/bellsoft-java8-full.x86_64/jre/lib/amd64/libverify.so
7f368e60e000-7f368e60f000 rw-p 0000e000 00:22 57113928                   /usr/lib/jvm/bellsoft-java8-full.x86_64/jre/lib/amd64/libverify.so
7f368e60f000-7f368e611000 r--s 00011000 00:22 57638694                   /home/fam/NetBeansProjects/ChromisKitchenScreen-master/dist/lib/jandex-1.1.0.Final.jar
7f368e611000-7f368e625000 r-xp 00000000 00:22 52914936                   /usr/lib64/libxcb.so.1.1.0
7f368e625000-7f368e639000 r--p 00014000 00:22 52914936                   /usr/lib64/libxcb.so.1.1.0
7f368e639000-7f368e63a000 r--p 00028000 00:22 52914936                   /usr/lib64/libxcb.so.1.1.0
7f368e63a000-7f368e63b000 rw-p 00029000 00:22 52914936                   /usr/lib64/libxcb.so.1.1.0
7f368e63b000-7f368e6ff000 rw-p 00000000 00:00 0 
7f368e6ff000-7f368e800000 rw-p 00000000 00:00 0 
7f368e800000-7f368f563000 r-xp 00000000 00:22 57113933                   /usr/lib/jvm/bellsoft-java8-full.x86_64/jre/lib/amd64/server/libjvm.so
7f368f563000-7f368f763000 ---p 00d63000 00:22 57113933                   /usr/lib/jvm/bellsoft-java8-full.x86_64/jre/lib/amd64/server/libjvm.so
7f368f763000-7f368f7fa000 r--p 00d63000 00:22 57113933                   /usr/lib/jvm/bellsoft-java8-full.x86_64/jre/lib/amd64/server/libjvm.so
7f368f7fa000-7f368f823000 rw-p 00dfa000 00:22 57113933                   /usr/lib/jvm/bellsoft-java8-full.x86_64/jre/lib/amd64/server/libjvm.so
7f368f823000-7f368f856000 rw-p 00000000 00:00 0 
7f368f856000-7f368f859000 r--s 00010000 00:22 57638690                   /home/fam/NetBeansProjects/ChromisKitchenScreen-master/dist/lib/hibernate-commons-annotations-4.0.5.Final.jar
7f368f859000-7f368f85a000 r-xp 00000000 00:22 52914914                   /usr/lib64/libxcb-shm.so.0.0.0
7f368f85a000-7f368f85b000 r--p 00001000 00:22 52914914                   /usr/lib64/libxcb-shm.so.0.0.0
7f368f85b000-7f368f85c000 r--p 00002000 00:22 52914914                   /usr/lib64/libxcb-shm.so.0.0.0
7f368f85c000-7f368f85d000 rw-p 00003000 00:22 52914914                   /usr/lib64/libxcb-shm.so.0.0.0
7f368f85d000-7f368f906000 rw-p 00000000 00:00 0 
7f368f906000-7f368f907000 rw-p 00000000 00:00 0 
7f368f907000-7f368f90a000 ---p 00000000 00:00 0 
7f368f90a000-7f368fa07000 rw-p 00000000 00:00 0 
7f368fa07000-7f368fb79000 r-xp 00000000 00:22 57529714                   /usr/lib64/libc.so.6
7f368fb79000-7f368fbf2000 r--p 00172000 00:22 57529714                   /usr/lib64/libc.so.6
7f368fbf2000-7f368fbf6000 r--p 001eb000 00:22 57529714                   /usr/lib64/libc.so.6
7f368fbf6000-7f368fbf8000 rw-p 001ef000 00:22 57529714                   /usr/lib64/libc.so.6
7f368fbf8000-7f368fc00000 rw-p 00000000 00:00 0 
7f368fc00000-7f368fc18000 r-xp 00000000 00:22 57114020                   /usr/lib/jvm/bellsoft-java8-full.x86_64/lib/amd64/jli/libjli.so
7f368fc18000-7f368fe17000 ---p 00018000 00:22 57114020                   /usr/lib/jvm/bellsoft-java8-full.x86_64/lib/amd64/jli/libjli.so
7f368fe17000-7f368fe18000 r--p 00017000 00:22 57114020                   /usr/lib/jvm/bellsoft-java8-full.x86_64/lib/amd64/jli/libjli.so
7f368fe18000-7f368fe19000 rw-p 00018000 00:22 57114020                   /usr/lib/jvm/bellsoft-java8-full.x86_64/lib/amd64/jli/libjli.so
7f368fe19000-7f368fe1b000 rw-s 10847f000 00:11 1055                      anon_inode:i915.gem
7f368fe1b000-7f368fe1c000 r-xp 00000000 00:22 57537022                   /usr/lib64/libX11-xcb.so.1.0.0
7f368fe1c000-7f368fe1d000 r--p 00001000 00:22 57537022                   /usr/lib64/libX11-xcb.so.1.0.0
7f368fe1d000-7f368fe1e000 r--p 00001000 00:22 57537022                   /usr/lib64/libX11-xcb.so.1.0.0
7f368fe1e000-7f368fe1f000 rw-p 00000000 00:00 0 
7f368fe1f000-7f368fe20000 r--s 00009000 00:22 57638689                   /home/fam/NetBeansProjects/ChromisKitchenScreen-master/dist/lib/hibernate-c3p0-4.3.10.Final.jar
7f368fe20000-7f368fe24000 rw-s 11ae44000 00:11 1055                      anon_inode:i915.gem
7f368fe24000-7f368fe2a000 rw-s 1637d7000 00:11 1055                      anon_inode:i915.gem
7f368fe2a000-7f368fe2b000 rw-s 106725000 00:11 1055                      anon_inode:i915.gem
7f368fe2b000-7f368fe2f000 rw-s 108996000 00:11 1055                      anon_inode:i915.gem
7f368fe2f000-7f368fe35000 rw-s 10ff53000 00:11 1055                      anon_inode:i915.gem
7f368fe35000-7f368fe36000 rw-s 10757f000 00:11 1055                      anon_inode:i915.gem
7f368fe36000-7f368fe3a000 rw-s 111de7000 00:11 1055                      anon_inode:i915.gem
7f368fe3a000-7f368fe41000 r--s 00000000 00:22 57579369                   /usr/lib64/gconv/gconv-modules.cache
7f368fe41000-7f368fe42000 r-xp 00000000 00:22 57529724                   /usr/lib64/librt.so.1
7f368fe42000-7f368fe43000 r--p 00001000 00:22 57529724                   /usr/lib64/librt.so.1
7f368fe43000-7f368fe44000 r--p 00001000 00:22 57529724                   /usr/lib64/librt.so.1
7f368fe44000-7f368fe45000 rw-p 00000000 00:00 0 
7f368fe45000-7f368fed4000 r-xp 00000000 00:22 57529716                   /usr/lib64/libm.so.6
7f368fed4000-7f368ff5a000 r--p 0008f000 00:22 57529716                   /usr/lib64/libm.so.6
7f368ff5a000-7f368ff5b000 r--p 00114000 00:22 57529716                   /usr/lib64/libm.so.6
7f368ff5b000-7f368ff5c000 rw-p 00115000 00:22 57529716                   /usr/lib64/libm.so.6
7f368ff5c000-7f368ff5e000 rw-p 00000000 00:00 0 
7f368ff5e000-7f368ff5f000 r-xp 00000000 00:22 57529715                   /usr/lib64/libdl.so.2
7f368ff5f000-7f368ff60000 r--p 00001000 00:22 57529715                   /usr/lib64/libdl.so.2
7f368ff60000-7f368ff61000 r--p 00001000 00:22 57529715                   /usr/lib64/libdl.so.2
7f368ff61000-7f368ff62000 rw-p 00000000 00:00 0 
7f368ff62000-7f368ff63000 r-xp 00000000 00:22 57529722                   /usr/lib64/libpthread.so.0
7f368ff63000-7f368ff64000 r--p 00001000 00:22 57529722                   /usr/lib64/libpthread.so.0
7f368ff64000-7f368ff65000 r--p 00001000 00:22 57529722                   /usr/lib64/libpthread.so.0
7f368ff65000-7f368ff66000 rw-p 00000000 00:00 0 
7f368ff66000-7f368ff67000 rw-s 103d81000 00:11 1055                      anon_inode:i915.gem
7f368ff67000-7f368ff68000 rw-p 00000000 00:00 0 
7f368ff68000-7f368ff69000 rw-p 00000000 00:00 0 
7f368ff69000-7f368ff6b000 r-xp 00000000 00:22 52914853                   /usr/lib64/libXau.so.6.0.0
7f368ff6b000-7f368ff6c000 r--p 00002000 00:22 52914853                   /usr/lib64/libXau.so.6.0.0
7f368ff6c000-7f368ff6d000 r--p 00003000 00:22 52914853                   /usr/lib64/libXau.so.6.0.0
7f368ff6d000-7f368ff6e000 rw-p 00000000 00:00 0 
7f368ff6e000-7f368ff71000 r-xp 00000000 00:22 52924629                   /usr/lib64/libXxf86vm.so.1.0.0
7f368ff71000-7f368ff73000 r--p 00003000 00:22 52924629                   /usr/lib64/libXxf86vm.so.1.0.0
7f368ff73000-7f368ff74000 r--p 00004000 00:22 52924629                   /usr/lib64/libXxf86vm.so.1.0.0
7f368ff74000-7f368ff75000 rw-p 00005000 00:22 52924629                   /usr/lib64/libXxf86vm.so.1.0.0
7f368ff75000-7f368ff77000 r--s 00029000 00:22 57638704                   /home/fam/NetBeansProjects/ChromisKitchenScreen-master/dist/Chromis_Kitchen_Scr.jar
7f368ff77000-7f368ff7e000 r--s 000d3000 00:22 57113984                   /usr/lib/jvm/bellsoft-java8-full.x86_64/jre/lib/jfr.jar
7f368ff7e000-7f368ff86000 rw-s 00000000 00:25 34415                      /tmp/hsperfdata_fam/123380
7f368ff86000-7f368ff87000 rw-p 00000000 00:00 0 
7f368ff87000-7f368ff88000 r--p 00000000 00:00 0 
7f368ff88000-7f368ff8a000 rw-p 00000000 00:00 0 
7f368ff8a000-7f368ff8e000 r--p 00000000 00:00 0                          [vvar]
7f368ff8e000-7f368ff90000 r--p 00000000 00:00 0                          [vvar_vclock]
7f368ff90000-7f368ff92000 r-xp 00000000 00:00 0                          [vdso]
7f368ff92000-7f368ffbd000 r-xp 00000000 00:22 57529711                   /usr/lib64/ld-linux-x86-64.so.2
7f368ffbd000-7f368ffc9000 r--p 0002b000 00:22 57529711                   /usr/lib64/ld-linux-x86-64.so.2
7f368ffc9000-7f368ffcb000 r--p 00037000 00:22 57529711                   /usr/lib64/ld-linux-x86-64.so.2
7f368ffcb000-7f368ffcc000 rw-p 00039000 00:22 57529711                   /usr/lib64/ld-linux-x86-64.so.2
7f368ffcc000-7f368ffcd000 rw-p 00000000 00:00 0 
7ffcf5be2000-7ffcf5c03000 rw-p 00000000 00:00 0                          [stack]
ffffffffff600000-ffffffffff601000 --xp 00000000 00:00 0                  [vsyscall]

VM Arguments:
java_command: dist/Chromis_Kitchen_Scr.jar
java_class_path (initial): dist/Chromis_Kitchen_Scr.jar
Launcher Type: SUN_STANDARD

Environment Variables:
JAVA_HOME=/usr/lib/jvm/bellsoft-java8-full.x86_64
PATH=/home/fam/.local/bin:/home/fam/bin:/usr/local/sbin:/usr/local/bin:/usr/sbin:/usr/bin
USERNAME=fam
SHELL=/bin/bash
DISPLAY=:0

Signal Handlers:
SIGSEGV: [libjvm.so+0xb41ce0], sa_mask[0]=11111111011111111101111111111110, sa_flags=SA_RESTART|SA_SIGINFO
SIGBUS: [libjvm.so+0xb41ce0], sa_mask[0]=11111111011111111101111111111110, sa_flags=SA_RESTART|SA_SIGINFO
SIGFPE: [libjvm.so+0x969ed0], sa_mask[0]=11111111011111111101111111111110, sa_flags=SA_RESTART|SA_SIGINFO
SIGPIPE: SIG_IGN, sa_mask[0]=00000000000010000000000000000000, sa_flags=SA_RESTART
SIGXFSZ: [libjvm.so+0x969ed0], sa_mask[0]=11111111011111111101111111111110, sa_flags=SA_RESTART|SA_SIGINFO
SIGILL: [libjvm.so+0x969ed0], sa_mask[0]=11111111011111111101111111111110, sa_flags=SA_RESTART|SA_SIGINFO
SIGUSR1: SIG_DFL, sa_mask[0]=00000000000000000000000000000000, sa_flags=none
SIGUSR2: [libjvm.so+0x96a580], sa_mask[0]=00000000000000000000000000000000, sa_flags=SA_RESTART|SA_SIGINFO
SIGHUP: [libjvm.so+0x96a4c0], sa_mask[0]=11111111011111111101111111111110, sa_flags=SA_RESTART|SA_SIGINFO
SIGINT: [libjvm.so+0x96a4c0], sa_mask[0]=11111111011111111101111111111110, sa_flags=SA_RESTART|SA_SIGINFO
SIGTERM: [libjvm.so+0x96a4c0], sa_mask[0]=11111111011111111101111111111110, sa_flags=SA_RESTART|SA_SIGINFO
SIGQUIT: [libjvm.so+0x96a4c0], sa_mask[0]=11111111011111111101111111111110, sa_flags=SA_RESTART|SA_SIGINFO


---------------  S Y S T E M  ---------------

OS:Fedora release 44 (Forty Four)

uname:Linux 7.2.8-200.fc44.x86_64 #1 SMP PREEMPT_DYNAMIC Fri Sep 25 21:05:44 UTC 2026 x86_64
libc:glibc 2.43 NPTL 2.43 
rlimit: STACK 8192k, CORE infinity, NPROC 63167, NOFILE 1048576, AS infinity
load average:1.80 1.93 1.94

/proc/meminfo:
MemTotal:       16233576 kB
MemFree:          166940 kB
MemAvailable:    4069348 kB
Buffers:           81868 kB
Cached:          6630868 kB
SwapCached:         6052 kB
Active:          5385684 kB
Inactive:        9140740 kB
Active(anon):    4757024 kB
Inactive(anon):  5829412 kB
Active(file):     628660 kB
Inactive(file):  3311328 kB
Unevictable:      425000 kB
Mlocked:            6168 kB
SwapTotal:       8388604 kB
SwapFree:        7366668 kB
Zswap:                 0 kB
Zswapped:              0 kB
Dirty:              1576 kB
Writeback:             0 kB
AnonPages:       8236432 kB
Mapped:           933340 kB
Shmem:           2767244 kB
KReclaimable:     310304 kB
Slab:             541420 kB
SReclaimable:     310304 kB
SUnreclaim:       231116 kB
KernelStack:       24496 kB
PageTables:       107912 kB
SecPageTables:         0 kB
NFS_Unstable:          0 kB
Bounce:                0 kB
WritebackTmp:          0 kB
CommitLimit:    16505392 kB
Committed_AS:   40124432 kB
VmallocTotal:   34359738367 kB
VmallocUsed:       81696 kB
VmallocChunk:          0 kB
Percpu:             4528 kB
HardwareCorrupted:     0 kB
AnonHugePages:         0 kB
ShmemHugePages:        0 kB
ShmemPmdMapped:        0 kB
FileHugePages:         0 kB
FilePmdMapped:         0 kB
CmaTotal:              0 kB
CmaFree:               0 kB
Unaccepted:            0 kB
Balloon:               0 kB
GPUActive:             0 kB
GPUReclaim:            0 kB
HugePages_Total:       0
HugePages_Free:        0
HugePages_Rsvd:        0
HugePages_Surp:        0
Hugepagesize:       2048 kB
Hugetlb:               0 kB
DirectMap4k:      182088 kB
DirectMap2M:    16465920 kB


CPU:total 4 (initial active 4) (2 cores per cpu, 2 threads per core) family 6 model 58 stepping 9, cmov, cx8, fxsr, mmx, sse, sse2, sse3, ssse3, sse4.1, sse4.2, popcnt, avx, clmul, erms, ht, tsc, tscinvbit, tscinv

/proc/cpuinfo:
processor	: 0
vendor_id	: GenuineIntel
cpu family	: 6
model		: 58
model name	: Intel(R) Core(TM) i3-3220 CPU @ 3.30GHz
stepping	: 9
microcode	: 0x21
cpu MHz		: 3292.423
cache size	: 3072 KB
physical id	: 0
siblings	: 4
core id		: 0
cpu cores	: 2
apicid		: 0
initial apicid	: 0
fpu		: yes
fpu_exception	: yes
cpuid level	: 13
wp		: yes
flags		: fpu vme de pse tsc msr pae mce cx8 apic sep mtrr pge mca cmov pat pse36 clflush dts acpi mmx fxsr sse sse2 ss ht tm pbe syscall nx rdtscp lm constant_tsc arch_perfmon pebs bts rep_good nopl xtopology nonstop_tsc cpuid aperfmperf pni pclmulqdq dtes64 monitor ds_cpl vmx est tm2 ssse3 cx16 xtpr pdcm pcid sse4_1 sse4_2 popcnt tsc_deadline_timer xsave avx f16c lahf_lm cpuid_fault epb pti ssbd ibrs ibpb stibp tpr_shadow flexpriority ept vpid fsgsbase smep erms xsaveopt dtherm arat pln pts vnmi md_clear flush_l1d
vmx flags	: vnmi preemption_timer invvpid ept_x_only flexpriority tsc_offset vtpr mtf vapic ept vpid unrestricted_guest
bugs		: cpu_meltdown spectre_v1 spectre_v2 spec_store_bypass l1tf mds swapgs itlb_multihit spectre_v2_user vmscape
bogomips	: 6584.86
clflush size	: 64
cache_alignment	: 64
address sizes	: 36 bits physical, 48 bits virtual
power management:

processor	: 1
vendor_id	: GenuineIntel
cpu family	: 6
model		: 58
model name	: Intel(R) Core(TM) i3-3220 CPU @ 3.30GHz
stepping	: 9
microcode	: 0x21
cpu MHz		: 3292.425
cache size	: 3072 KB
physical id	: 0
siblings	: 4
core id		: 1
cpu cores	: 2
apicid		: 2
initial apicid	: 2
fpu		: yes
fpu_exception	: yes
cpuid level	: 13
wp		: yes
flags		: fpu vme de pse tsc msr pae mce cx8 apic sep mtrr pge mca cmov pat pse36 clflush dts acpi mmx fxsr sse sse2 ss ht tm pbe syscall nx rdtscp lm constant_tsc arch_perfmon pebs bts rep_good nopl xtopology nonstop_tsc cpuid aperfmperf pni pclmulqdq dtes64 monitor ds_cpl vmx est tm2 ssse3 cx16 xtpr pdcm pcid sse4_1 sse4_2 popcnt tsc_deadline_timer xsave avx f16c lahf_lm cpuid_fault epb pti ssbd ibrs ibpb stibp tpr_shadow flexpriority ept vpid fsgsbase smep erms xsaveopt dtherm arat pln pts vnmi md_clear flush_l1d
vmx flags	: vnmi preemption_timer invvpid ept_x_only flexpriority tsc_offset vtpr mtf vapic ept vpid unrestricted_guest
bugs		: cpu_meltdown spectre_v1 spectre_v2 spec_store_bypass l1tf mds swapgs itlb_multihit spectre_v2_user vmscape
bogomips	: 6584.86
clflush size	: 64
cache_alignment	: 64
address sizes	: 36 bits physical, 48 bits virtual
power management:

processor	: 2
vendor_id	: GenuineIntel
cpu family	: 6
model		: 58
model name	: Intel(R) Core(TM) i3-3220 CPU @ 3.30GHz
stepping	: 9
microcode	: 0x21
cpu MHz		: 3292.489
cache size	: 3072 KB
physical id	: 0
siblings	: 4
core id		: 0
cpu cores	: 2
apicid		: 1
initial apicid	: 1
fpu		: yes
fpu_exception	: yes
cpuid level	: 13
wp		: yes
flags		: fpu vme de pse tsc msr pae mce cx8 apic sep mtrr pge mca cmov pat pse36 clflush dts acpi mmx fxsr sse sse2 ss ht tm pbe syscall nx rdtscp lm constant_tsc arch_perfmon pebs bts rep_good nopl xtopology nonstop_tsc cpuid aperfmperf pni pclmulqdq dtes64 monitor ds_cpl vmx est tm2 ssse3 cx16 xtpr pdcm pcid sse4_1 sse4_2 popcnt tsc_deadline_timer xsave avx f16c lahf_lm cpuid_fault epb pti ssbd ibrs ibpb stibp tpr_shadow flexpriority ept vpid fsgsbase smep erms xsaveopt dtherm arat pln pts vnmi md_clear flush_l1d
vmx flags	: vnmi preemption_timer invvpid ept_x_only flexpriority tsc_offset vtpr mtf vapic ept vpid unrestricted_guest
bugs		: cpu_meltdown spectre_v1 spectre_v2 spec_store_bypass l1tf mds swapgs itlb_multihit spectre_v2_user vmscape
bogomips	: 6584.86
clflush size	: 64
cache_alignment	: 64
address sizes	: 36 bits physical, 48 bits virtual
power management:

processor	: 3
vendor_id	: GenuineIntel
cpu family	: 6
model		: 58
model name	: Intel(R) Core(TM) i3-3220 CPU @ 3.30GHz
stepping	: 9
microcode	: 0x21
cpu MHz		: 3292.398
cache size	: 3072 KB
physical id	: 0
siblings	: 4
core id		: 1
cpu cores	: 2
apicid		: 3
initial apicid	: 3
fpu		: yes
fpu_exception	: yes
cpuid level	: 13
wp		: yes
flags		: fpu vme de pse tsc msr pae mce cx8 apic sep mtrr pge mca cmov pat pse36 clflush dts acpi mmx fxsr sse sse2 ss ht tm pbe syscall nx rdtscp lm constant_tsc arch_perfmon pebs bts rep_good nopl xtopology nonstop_tsc cpuid aperfmperf pni pclmulqdq dtes64 monitor ds_cpl vmx est tm2 ssse3 cx16 xtpr pdcm pcid sse4_1 sse4_2 popcnt tsc_deadline_timer xsave avx f16c lahf_lm cpuid_fault epb pti ssbd ibrs ibpb stibp tpr_shadow flexpriority ept vpid fsgsbase smep erms xsaveopt dtherm arat pln pts vnmi md_clear flush_l1d
vmx flags	: vnmi preemption_timer invvpid ept_x_only flexpriority tsc_offset vtpr mtf vapic ept vpid unrestricted_guest
bugs		: cpu_meltdown spectre_v1 spectre_v2 spec_store_bypass l1tf mds swapgs itlb_multihit spectre_v2_user vmscape
bogomips	: 6584.86
clflush size	: 64
cache_alignment	: 64
address sizes	: 36 bits physical, 48 bits virtual
power management:



Memory: 4k page, physical 16233576k(166940k free), swap 8388604k(7366668k free)

vm_info: OpenJDK 64-Bit Server VM (25.504-b01) for linux-amd64 JRE (1.8.0_504-b01), built on Aug 13 2026 15:22:00 by "re" with gcc 7.3.1 20180303 (Red Hat 7.3.1-5)

time: Sat Oct  3 21:10:47 2026
timezone: CST
elapsed time: 0.636266 seconds (0d 0h 0m 0s)

