#
# A fatal error has been detected by the Java Runtime Environment:
#
#  SIGSEGV (0xb) at pc=0x00007fcbcfec49b2, pid=205433, tid=0x00007fcb82efd6c0
#
# JRE version: OpenJDK Runtime Environment (8.0_504-b01) (build 1.8.0_504-b01)
# Java VM: OpenJDK 64-Bit Server VM (25.504-b01 mixed mode linux-amd64 compressed oops)
# Problematic frame:
# C  [libX11.so.6+0x1a9b2]  XInternAtom+0x42
#
# Core dump written. Default location: /home/fam/NetBeansProjects/ChromisKitchenScreen-master/core or core.205433
#
# If you would like to submit a bug report, please visit:
#   https://bell-sw.com/support
# The crash happened outside the Java Virtual Machine in native code.
# See problematic frame for where to report the bug.
#

---------------  T H R E A D  ---------------

Current thread (0x00007fcc08644000):  JavaThread "GtkNativeMainLoopThread" [_thread_in_native, id=205476, stack(0x00007fcb82dfe000,0x00007fcb82efe000)]

siginfo: si_signo: 11 (SIGSEGV), si_code: 1 (SEGV_MAPERR), si_addr: 0x0000000000000075

Registers:
RAX=0x0000000000000075, RBX=0x00007fcc0845a140, RCX=0x0000000000000001, RDX=0x0000000000000001
RSP=0x00007fcb82efbfc0, RBP=0x00007fcb82efc020, RSI=0x00007fcb99a54234, RDI=0x00007fcc0845a140
R8 =0x0000000000000000, R9 =0x0000000000000001, R10=0x0000000000000000, R11=0x00007fcbcfec4970
R12=0x00007fcb99a54234, R13=0x00007fcc0845a140, R14=0x00007fcc0845a140, R15=0x00007fcc0845a140
RIP=0x00007fcbcfec49b2, EFLAGS=0x0000000000010202, CSGSFS=0x002b000000000033, ERR=0x0000000000000004
  TRAPNO=0x000000000000000e

Top of Stack: (sp=0x00007fcb82efbfc0)
0x00007fcb82efbfc0:   0000000000000000 0000000700000001
0x00007fcb82efbfd0:   00007fcc08644000 0000000000000001
0x00007fcb82efbfe0:   00000007c0098d38 00007fcc0845a140
0x00007fcb82efbff0:   00007fcc08459f70 00007fcc0fc57caf
0x00007fcb82efc000:   00007fcb82efc020 84c5d3b6ce850d00
0x00007fcb82efc010:   00007fcc08644260 0000000000000500
0x00007fcb82efc020:   00007fcb82efc0f0 00007fcb99a36b4d
0x00007fcb82efc030:   00000000000003d8 0000000000000000
0x00007fcb82efc040:   0000000000000000 00007fcc08644000
0x00007fcb82efc050:   00007fcc08644260 0000000000000400
0x00007fcb82efc060:   00000007c00a2eb0 00007fcc08644000
0x00007fcb82efc070:   00007fcb82efc0f0 00007fcc0fd1753a
0x00007fcb82efc080:   0000000000000000 0000000000000000
0x00007fcb82efc090:   0000000000000000 000000076dfc2768
0x00007fcb82efc0a0:   00007fcc08644000 00007fcc08644000
0x00007fcb82efc0b0:   00007fcc08644260 0000000000000001
0x00007fcb82efc0c0:   00007fcb6c000f00 00007fcc08644260
0x00007fcb82efc0d0:   0000000000000000 0000000000000001
0x00007fcb82efc0e0:   00007fcb6c000f00 00007fcc0845a140
0x00007fcb82efc0f0:   00007fcb82efc130 00007fcb99a37036
0x00007fcb82efc100:   00007fcc0ccf6618 00007fcc0ccf6618
0x00007fcb82efc110:   0000000000000000 00007fcc0ccf6618
0x00007fcb82efc120:   00007fcb82efc1c0 00007fcc08644000
0x00007fcb82efc130:   00007fcb82efc140 00007fcb99a2add9
0x00007fcb82efc140:   00007fcb82efc1a0 00007fcbf9018427
0x00007fcb82efc150:   0000000600000001 00007fcbf9018142
0x00007fcb82efc160:   00007fcb82efc160 00007fcc0ccf6618
0x00007fcb82efc170:   00007fcb82efc1c0 00007fcc0cd143e8
0x00007fcb82efc180:   0000000000000000 00007fcc0ccf6618
0x00007fcb82efc190:   0000000000000000 00007fcb82efc1c0
0x00007fcb82efc1a0:   00007fcb82efc208 00007fcbf9007d80
0x00007fcb82efc1b0:   0000000000000000 00007fcbf9011a5b 

Instructions: (pc=0x00007fcbcfec49b2)
0x00007fcbcfec4992:   48 89 5d e8 48 89 fb 48 0f 45 c6 49 89 c4 48 8b
0x00007fcbcfec49a2:   87 68 09 00 00 48 85 c0 74 0b 89 55 a8 48 89 df
0x00007fcbcfec49b2:   ff 10 8b 55 a8 48 8d 4d b8 4c 8d 4d b0 4c 89 e6
0x00007fcbcfec49c2:   48 89 df 4c 8d 45 b4 e8 e2 fc ff ff 48 89 c2 48 

Register to memory mapping:

RAX=0x0000000000000075 is an unknown value
RBX=0x00007fcc0845a140 is an unknown value
RCX=0x0000000000000001 is an unknown value
RDX=0x0000000000000001 is an unknown value
RSP=0x00007fcb82efbfc0 is pointing into the stack for thread: 0x00007fcc08644000
RBP=0x00007fcb82efc020 is pointing into the stack for thread: 0x00007fcc08644000
RSI=0x00007fcb99a54234: <offset 0x54234> in /usr/lib/jvm/bellsoft-java8-full.x86_64/jre/lib/amd64/libglassgtk3.so at 0x00007fcb99a00000
RDI=0x00007fcc0845a140 is an unknown value
R8 =0x0000000000000000 is an unknown value
R9 =0x0000000000000001 is an unknown value
R10=0x0000000000000000 is an unknown value
R11=0x00007fcbcfec4970: XInternAtom+0 in /lib64/libX11.so.6 at 0x00007fcbcfeaa000
R12=0x00007fcb99a54234: <offset 0x54234> in /usr/lib/jvm/bellsoft-java8-full.x86_64/jre/lib/amd64/libglassgtk3.so at 0x00007fcb99a00000
R13=0x00007fcc0845a140 is an unknown value
R14=0x00007fcc0845a140 is an unknown value
R15=0x00007fcc0845a140 is an unknown value


Stack: [0x00007fcb82dfe000,0x00007fcb82efe000],  sp=0x00007fcb82efbfc0,  free space=1015k
Native frames: (J=compiled Java code, j=interpreted, Vv=VM code, C=native code)
C  [libX11.so.6+0x1a9b2]  XInternAtom+0x42
C  [libglassgtk3.so+0x36b4d]  createJavaScreen(JNIEnv_*, _GdkScreen*, int)+0x5d
C  [libglassgtk3.so+0x37036]  rebuild_screens(JNIEnv_*)+0x76
C  [libglassgtk3.so+0x2add9]  Java_com_sun_glass_ui_gtk_GtkApplication_staticScreen_1getScreens+0x9
j  com.sun.glass.ui.gtk.GtkApplication.staticScreen_getScreens()[Lcom/sun/glass/ui/Screen;+0
j  com.sun.glass.ui.Screen.initScreens()V+6
j  com.sun.glass.ui.Application.lambda$run$1(Ljava/lang/Runnable;)V+0
j  com.sun.glass.ui.Application$$Lambda$41.run()V+4
v  ~StubRoutines::call_stub
V  [libjvm.so+0x6a2fb2]  JavaCalls::call_helper(JavaValue*, methodHandle*, JavaCallArguments*, Thread*)+0xe32
V  [libjvm.so+0x7206bc]  jni_invoke_nonstatic(JNIEnv_*, JavaValue*, _jobject*, JNICallType, _jmethodID*, JNI_ArgumentPusher*, Thread*) [clone .constprop.117]+0x29c
V  [libjvm.so+0x72302c]  jni_CallVoidMethodV+0xec
C  [libglassgtk3.so+0x28561]  JNIEnv_::CallVoidMethod(_jobject*, _jmethodID*, ...)+0x81
C  [libglassgtk3.so+0x2acd1]  Java_com_sun_glass_ui_gtk_GtkApplication__1runLoop+0x21
j  com.sun.glass.ui.gtk.GtkApplication._runLoop(Ljava/lang/Runnable;Z)V+0
j  com.sun.glass.ui.gtk.GtkApplication.lambda$null$10(Ljava/lang/Runnable;Z)V+7
j  com.sun.glass.ui.gtk.GtkApplication$$Lambda$45.run()V+12
j  java.lang.Thread.run()V+11
v  ~StubRoutines::call_stub
V  [libjvm.so+0x6a2fb2]  JavaCalls::call_helper(JavaValue*, methodHandle*, JavaCallArguments*, Thread*)+0xe32
V  [libjvm.so+0x6a05c3]  JavaCalls::call_virtual(JavaValue*, KlassHandle, Symbol*, Symbol*, JavaCallArguments*, Thread*)+0x263
V  [libjvm.so+0x6a0bc7]  JavaCalls::call_virtual(JavaValue*, Handle, KlassHandle, Symbol*, Symbol*, Thread*)+0x57
V  [libjvm.so+0x74431c]  thread_entry(JavaThread*, Thread*)+0x6c
V  [libjvm.so+0xadf413]  JavaThread::thread_main_inner()+0x1f3
V  [libjvm.so+0xae077c]  JavaThread::run()+0x2dc
V  [libjvm.so+0x96c122]  java_start(Thread*)+0x102
C  [libc.so.6+0x72c19]  start_thread+0x399
C  [libc.so.6+0xf65cc]  __clone3+0x2c

Java frames: (J=compiled Java code, j=interpreted, Vv=VM code)
j  com.sun.glass.ui.gtk.GtkApplication.staticScreen_getScreens()[Lcom/sun/glass/ui/Screen;+0
j  com.sun.glass.ui.Screen.initScreens()V+6
j  com.sun.glass.ui.Application.lambda$run$1(Ljava/lang/Runnable;)V+0
j  com.sun.glass.ui.Application$$Lambda$41.run()V+4
v  ~StubRoutines::call_stub
j  com.sun.glass.ui.gtk.GtkApplication._runLoop(Ljava/lang/Runnable;Z)V+0
j  com.sun.glass.ui.gtk.GtkApplication.lambda$null$10(Ljava/lang/Runnable;Z)V+7
j  com.sun.glass.ui.gtk.GtkApplication$$Lambda$45.run()V+12
j  java.lang.Thread.run()V+11
v  ~StubRoutines::call_stub

---------------  P R O C E S S  ---------------

Java Threads: ( => current thread )
=>0x00007fcc08644000 JavaThread "GtkNativeMainLoopThread" [_thread_in_native, id=205476, stack(0x00007fcb82dfe000,0x00007fcb82efe000)]
  0x00007fcc08650000 JavaThread "Thread-1" daemon [_thread_blocked, id=205475, stack(0x00007fcb82efe000,0x00007fcb82ffe000)]
  0x00007fcc08325800 JavaThread "QuantumRenderer-0" daemon [_thread_blocked, id=205464, stack(0x00007fcbe401e000,0x00007fcbe411e000)]
  0x00007fcc0818e800 JavaThread "Service Thread" daemon [_thread_blocked, id=205446, stack(0x00007fcbe421f000,0x00007fcbe431f000)]
  0x00007fcc08189000 JavaThread "C1 CompilerThread2" daemon [_thread_blocked, id=205445, stack(0x00007fcbe4320000,0x00007fcbe4420000)]
  0x00007fcc08187800 JavaThread "C2 CompilerThread1" daemon [_thread_blocked, id=205444, stack(0x00007fcbf80f5000,0x00007fcbf81f5000)]
  0x00007fcc08184800 JavaThread "C2 CompilerThread0" daemon [_thread_blocked, id=205443, stack(0x00007fcbf81f6000,0x00007fcbf82f6000)]
  0x00007fcc08181800 JavaThread "Signal Dispatcher" daemon [_thread_blocked, id=205442, stack(0x00007fcbf82f6000,0x00007fcbf83f6000)]
  0x00007fcc0814e800 JavaThread "Finalizer" daemon [_thread_blocked, id=205441, stack(0x00007fcbf83f6000,0x00007fcbf84f6000)]
  0x00007fcc0814a000 JavaThread "Reference Handler" daemon [_thread_blocked, id=205440, stack(0x00007fcbf84f6000,0x00007fcbf85f6000)]
  0x00007fcc0800a000 JavaThread "main" [_thread_blocked, id=205434, stack(0x00007fcc10707000,0x00007fcc10807000)]

Other Threads:
  0x00007fcc08140800 VMThread [stack: 0x00007fcbf85f7000,0x00007fcbf86f7000] [id=205439]
  0x00007fcc08191000 WatcherThread [stack: 0x00007fcbe411f000,0x00007fcbe421f000] [id=205447]

VM state:not at safepoint (normal execution)

VM Mutex/Monitor currently owned by a thread: None

heap address: 0x00000006c8400000, size: 3964 MB, Compressed Oops mode: Zero based, Oop shift amount: 3
Narrow klass base: 0x0000000000000000, Narrow klass shift: 3
Compressed class space size: 1073741824 Address: 0x00000007c0000000

Heap:
 PSYoungGen      total 74240K, used 10240K [0x000000076d700000, 0x0000000772980000, 0x00000007c0000000)
  eden space 64000K, 16% used [0x000000076d700000,0x000000076e1001d0,0x0000000771580000)
  from space 10240K, 0% used [0x0000000771f80000,0x0000000771f80000,0x0000000772980000)
  to   space 10240K, 0% used [0x0000000771580000,0x0000000771580000,0x0000000771f80000)
 ParOldGen       total 169472K, used 0K [0x00000006c8400000, 0x00000006d2980000, 0x000000076d700000)
  object space 169472K, 0% used [0x00000006c8400000,0x00000006c8400000,0x00000006d2980000)
 Metaspace       used 5627K, capacity 6034K, committed 6144K, reserved 1056768K
  class space    used 624K, capacity 726K, committed 768K, reserved 1048576K

Card table byte_map: [0x00007fcc0de81000,0x00007fcc0e640000] byte_map_base: 0x00007fcc0a83f000

Marking Bits: (ParMarkBitMap*) 0x00007fcc10639760
 Begin Bits: [0x00007fcbe4420000, 0x00007fcbe8210000)
 End Bits:   [0x00007fcbe8210000, 0x00007fcbec000000)

Polling page: 0x00007fcc10e31000

CodeCache: size=245760Kb used=1889Kb max_used=1889Kb free=243870Kb
 bounds [0x00007fcbf9000000, 0x00007fcbf9270000, 0x00007fcc08000000]
 total_blobs=729 nmethods=386 adapters=257
 compilation: enabled

Compilation events (10 events):
Event: 0.427 Thread 0x00007fcc08189000 nmethod 380 0x00007fcbf91d4750 code [0x00007fcbf91d48c0, 0x00007fcbf91d4a50]
Event: 0.427 Thread 0x00007fcc08189000  381       3       jdk.internal.org.objectweb.asm.Type::getArgumentTypes (131 bytes)
Event: 0.428 Thread 0x00007fcc08189000 nmethod 381 0x00007fcbf91d5c50 code [0x00007fcbf91d5e20, 0x00007fcbf91d66f8]
Event: 0.428 Thread 0x00007fcc08189000  383       3       java.lang.invoke.MemberName$Factory::resolveOrFail (52 bytes)
Event: 0.429 Thread 0x00007fcc08189000 nmethod 383 0x00007fcbf91d6a90 code [0x00007fcbf91d6c60, 0x00007fcbf91d7558]
Event: 0.429 Thread 0x00007fcc08189000  382       3       jdk.internal.org.objectweb.asm.MethodVisitor::<init> (35 bytes)
Event: 0.429 Thread 0x00007fcc08189000 nmethod 382 0x00007fcbf91d4010 code [0x00007fcbf91d41a0, 0x00007fcbf91d44a8]
Event: 0.429 Thread 0x00007fcc08189000  385       3       java.lang.invoke.LambdaForm::parameterType (9 bytes)
Event: 0.429 Thread 0x00007fcc08189000 nmethod 385 0x00007fcbf91d7850 code [0x00007fcbf91d79c0, 0x00007fcbf91d7b68]
Event: 0.430 Thread 0x00007fcc08189000  386       3       java.lang.invoke.MemberName::getInvocationType (56 bytes)

GC Heap History (0 events):
No events

Deoptimization events (2 events):
Event: 0.064 Thread 0x00007fcc0800a000 Uncommon trap: reason=loop_limit_check action=maybe_recompile pc=0x00007fcbf910b9b0 method=java.lang.String.equals(Ljava/lang/Object;)Z @ 56
Event: 0.327 Thread 0x00007fcc0800a000 Uncommon trap: reason=unstable_if action=reinterpret pc=0x00007fcbf91aab10 method=java.lang.String.replace(CC)Ljava/lang/String; @ 2

Classes redefined (0 events):
No events

Internal exceptions (10 events):
Event: 0.329 Thread 0x00007fcc0800a000 Exception <a 'java/security/PrivilegedActionException'> (0x000000076dcb5dc8) thrown at [/ws/workspace/8u504/jdk/CT/std/label/linux-x86_64/type/b8-26/b/hotspot/src/share/vm/prims/jvm.cpp, line 1514]
Event: 0.329 Thread 0x00007fcc0800a000 Exception <a 'java/security/PrivilegedActionException'> (0x000000076dcb61c0) thrown at [/ws/workspace/8u504/jdk/CT/std/label/linux-x86_64/type/b8-26/b/hotspot/src/share/vm/prims/jvm.cpp, line 1514]
Event: 0.329 Thread 0x00007fcc0800a000 Exception <a 'java/security/PrivilegedActionException'> (0x000000076dcb7188) thrown at [/ws/workspace/8u504/jdk/CT/std/label/linux-x86_64/type/b8-26/b/hotspot/src/share/vm/prims/jvm.cpp, line 1514]
Event: 0.329 Thread 0x00007fcc0800a000 Exception <a 'java/security/PrivilegedActionException'> (0x000000076dcb7580) thrown at [/ws/workspace/8u504/jdk/CT/std/label/linux-x86_64/type/b8-26/b/hotspot/src/share/vm/prims/jvm.cpp, line 1514]
Event: 0.329 Thread 0x00007fcc0800a000 Exception <a 'java/security/PrivilegedActionException'> (0x000000076dcb8580) thrown at [/ws/workspace/8u504/jdk/CT/std/label/linux-x86_64/type/b8-26/b/hotspot/src/share/vm/prims/jvm.cpp, line 1514]
Event: 0.329 Thread 0x00007fcc0800a000 Exception <a 'java/security/PrivilegedActionException'> (0x000000076dcb8978) thrown at [/ws/workspace/8u504/jdk/CT/std/label/linux-x86_64/type/b8-26/b/hotspot/src/share/vm/prims/jvm.cpp, line 1514]
Event: 0.329 Thread 0x00007fcc0800a000 Exception <a 'java/security/PrivilegedActionException'> (0x000000076dcb9978) thrown at [/ws/workspace/8u504/jdk/CT/std/label/linux-x86_64/type/b8-26/b/hotspot/src/share/vm/prims/jvm.cpp, line 1514]
Event: 0.329 Thread 0x00007fcc0800a000 Exception <a 'java/security/PrivilegedActionException'> (0x000000076dcb9d70) thrown at [/ws/workspace/8u504/jdk/CT/std/label/linux-x86_64/type/b8-26/b/hotspot/src/share/vm/prims/jvm.cpp, line 1514]
Event: 0.338 Thread 0x00007fcc0800a000 Exception <a 'java/security/PrivilegedActionException'> (0x000000076dd2d860) thrown at [/ws/workspace/8u504/jdk/CT/std/label/linux-x86_64/type/b8-26/b/hotspot/src/share/vm/prims/jvm.cpp, line 1514]
Event: 0.338 Thread 0x00007fcc0800a000 Exception <a 'java/security/PrivilegedActionException'> (0x000000076dd2dc58) thrown at [/ws/workspace/8u504/jdk/CT/std/label/linux-x86_64/type/b8-26/b/hotspot/src/share/vm/prims/jvm.cpp, line 1514]

Events (10 events):
Event: 0.423 loading class java/util/concurrent/BlockingDeque
Event: 0.423 loading class java/util/concurrent/BlockingDeque done
Event: 0.424 loading class java/util/concurrent/LinkedBlockingDeque
Event: 0.424 loading class java/util/concurrent/LinkedBlockingDeque done
Event: 0.424 Thread 0x00007fcc08650000 Thread added: 0x00007fcc08650000
Event: 0.426 loading class com/sun/glass/ui/gtk/GtkApplication
Event: 0.426 loading class com/sun/glass/ui/gtk/GtkApplication done
Event: 0.428 loading class com/sun/glass/ui/gtk/GtkApplication
Event: 0.428 loading class com/sun/glass/ui/gtk/GtkApplication done
Event: 0.429 Thread 0x00007fcc08644000 Thread added: 0x00007fcc08644000


Dynamic libraries:
6c8400000-6d2980000 rw-p 00000000 00:00 0 
6d2980000-76d700000 ---p 00000000 00:00 0 
76d700000-772980000 rw-p 00000000 00:00 0 
772980000-7c0000000 ---p 00000000 00:00 0 
7c0000000-7c00c0000 rw-p 00000000 00:00 0 
7c00c0000-800000000 ---p 00000000 00:00 0 
55e86b800000-55e86b801000 r-xp 00000000 00:22 57113445                   /usr/lib/jvm/bellsoft-java8-full.x86_64/bin/java
55e86ba00000-55e86ba01000 r--p 00000000 00:22 57113445                   /usr/lib/jvm/bellsoft-java8-full.x86_64/bin/java
55e86ba01000-55e86ba02000 rw-p 00001000 00:22 57113445                   /usr/lib/jvm/bellsoft-java8-full.x86_64/bin/java
55e896440000-55e896461000 rw-p 00000000 00:00 0                          [heap]
7fcb6c000000-7fcb6c33c000 rw-p 00000000 00:00 0 
7fcb6c33c000-7fcb70000000 ---p 00000000 00:00 0 
7fcb74000000-7fcb74021000 rw-p 00000000 00:00 0 
7fcb74021000-7fcb78000000 ---p 00000000 00:00 0 
7fcb78000000-7fcb78021000 rw-p 00000000 00:00 0 
7fcb78021000-7fcb7c000000 ---p 00000000 00:00 0 
7fcb7c000000-7fcb7c021000 rw-p 00000000 00:00 0 
7fcb7c021000-7fcb80000000 ---p 00000000 00:00 0 
7fcb82dfe000-7fcb82e01000 ---p 00000000 00:00 0 
7fcb82e01000-7fcb82efe000 rw-p 00000000 00:00 0 
7fcb82efe000-7fcb82f01000 ---p 00000000 00:00 0 
7fcb82f01000-7fcb84000000 rw-p 00000000 00:00 0 
7fcb84000000-7fcb84021000 rw-p 00000000 00:00 0 
7fcb84021000-7fcb88000000 ---p 00000000 00:00 0 
7fcb88000000-7fcb88021000 rw-p 00000000 00:00 0 
7fcb88021000-7fcb8c000000 ---p 00000000 00:00 0 
7fcb8c000000-7fcb8c0a3000 rw-p 00000000 00:00 0 
7fcb8c0a3000-7fcb90000000 ---p 00000000 00:00 0 
7fcb90000000-7fcb90021000 rw-p 00000000 00:00 0 
7fcb90021000-7fcb94000000 ---p 00000000 00:00 0 
7fcb94000000-7fcb94021000 rw-p 00000000 00:00 0 
7fcb94021000-7fcb98000000 ---p 00000000 00:00 0 
7fcb9809a000-7fcb980b7000 r-xp 00000000 00:22 56693625                   /usr/lib64/gvfs/libgvfscommon.so
7fcb980b7000-7fcb980d0000 r--p 0001d000 00:22 56693625                   /usr/lib64/gvfs/libgvfscommon.so
7fcb980d0000-7fcb980d6000 r--p 00036000 00:22 56693625                   /usr/lib64/gvfs/libgvfscommon.so
7fcb980d6000-7fcb980d7000 rw-p 00000000 00:00 0 
7fcb980d7000-7fcb980f6000 r-xp 00000000 00:22 56693624                   /usr/lib64/gio/modules/libgvfsdbus.so
7fcb980f6000-7fcb98108000 r--p 0001f000 00:22 56693624                   /usr/lib64/gio/modules/libgvfsdbus.so
7fcb98108000-7fcb9810a000 r--p 00031000 00:22 56693624                   /usr/lib64/gio/modules/libgvfsdbus.so
7fcb9810a000-7fcb9810b000 rw-p 00033000 00:22 56693624                   /usr/lib64/gio/modules/libgvfsdbus.so
7fcb9810b000-7fcb9811b000 r--s 00000000 00:22 56799400                   /home/fam/.cache/fontconfig/123d59b33ddb0e7c76bb24004bd5cfac-le64.cache-12
7fcb9811b000-7fcb98145000 r--s 00000000 00:22 56799280                   /home/fam/.cache/fontconfig/d63f98f14a274bd69a5425fc33aaac6b-le64.cache-12
7fcb98149000-7fcb9816d000 r--p 00000000 00:22 55206986                   /usr/share/locale/es/LC_MESSAGES/glib20.mo
7fcb9816d000-7fcb981fd000 rw-s 00000000 00:01 686465                     /memfd:wayland-cursor (deleted)
7fcb981fd000-7fcb99a00000 rw-p 00000000 00:00 0 
7fcb99a00000-7fcb99a66000 r-xp 00000000 00:22 57113890                   /usr/lib/jvm/bellsoft-java8-full.x86_64/jre/lib/amd64/libglassgtk3.so
7fcb99a66000-7fcb99c65000 ---p 00066000 00:22 57113890                   /usr/lib/jvm/bellsoft-java8-full.x86_64/jre/lib/amd64/libglassgtk3.so
7fcb99c65000-7fcb99c68000 r--p 00065000 00:22 57113890                   /usr/lib/jvm/bellsoft-java8-full.x86_64/jre/lib/amd64/libglassgtk3.so
7fcb99c68000-7fcb99c6a000 rw-p 00068000 00:22 57113890                   /usr/lib/jvm/bellsoft-java8-full.x86_64/jre/lib/amd64/libglassgtk3.so
7fcb99c6e000-7fcb99c73000 r--s 00000000 00:22 56799405                   /home/fam/.cache/fontconfig/cc8b894d3abbdf0310c48629c0737d80-le64.cache-12
7fcb99c73000-7fcb99c78000 r--s 00000000 00:22 56799395                   /home/fam/.cache/fontconfig/131ab5cc1583381c4f7ce0194912c56d-le64.cache-12
7fcb99c7a000-7fcb99c7d000 r--p 00000000 00:22 56694058                   /usr/share/locale/es/LC_MESSAGES/at-spi2-core.mo
7fcb99c7d000-7fcb99c82000 r--s 00000000 00:22 56799360                   /home/fam/.cache/fontconfig/29c8f5b6bf15d25ebb2e963855ab41be-le64.cache-12
7fcb99c82000-7fcb99c8e000 r--s 00000000 00:22 56799275                   /home/fam/.cache/fontconfig/efcfae1a52990961975415036867654f-le64.cache-12
7fcb99c8e000-7fcb99ca3000 r--s 00000000 00:22 56799270                   /home/fam/.cache/fontconfig/c4be257954870c0bf6972134c1de66d5-le64.cache-12
7fcb99ca4000-7fcb99ca5000 r--s 00000000 00:22 56799390                   /home/fam/.cache/fontconfig/b2307de753f1224d9542f27e8b3975ae-le64.cache-12
7fcb99ca5000-7fcb99ca6000 r--s 00000000 00:22 56799385                   /home/fam/.cache/fontconfig/226d8b81908fffe4270cbbf5698029d4-le64.cache-12
7fcb99ca6000-7fcb99ca8000 r--s 00000000 00:22 56799370                   /home/fam/.cache/fontconfig/9d9e7a658cb1f50f02561d1ed3ca8bca-le64.cache-12
7fcb99ca8000-7fcb99ca9000 r--s 00000000 00:22 56799380                   /home/fam/.cache/fontconfig/0122acdcf386a94f53a6370d356e58f1-le64.cache-12
7fcb99ca9000-7fcb99caa000 r--s 00000000 00:22 56799375                   /home/fam/.cache/fontconfig/39377a11d38956c26ecfe23db50b3cd3-le64.cache-12
7fcb99caa000-7fcb99cad000 r--s 00000000 00:22 56799310                   /home/fam/.cache/fontconfig/71fe2b50576cdbc5f931776365d4a6ea-le64.cache-12
7fcb99cad000-7fcb99cb6000 r--s 00000000 00:22 56799290                   /home/fam/.cache/fontconfig/2a3658b432e68423dcec456e1667e977-le64.cache-12
7fcb99cb6000-7fcb99cbf000 r--s 00000000 00:22 56799250                   /home/fam/.cache/fontconfig/6ee3103884cce7b2fe6f32eba9089175-le64.cache-12
7fcb99cbf000-7fcb99cc6000 r--s 00000000 00:22 56799235                   /home/fam/.cache/fontconfig/614d1caaa4d7914789410f6367de37ca-le64.cache-12
7fcb99cc6000-7fcb99d96000 r-xp 00000000 00:22 56693443                   /usr/lib64/libsystemd.so.0.42.0
7fcb99d96000-7fcb99df4000 r--p 000d0000 00:22 56693443                   /usr/lib64/libsystemd.so.0.42.0
7fcb99df4000-7fcb99dfe000 r--p 0012d000 00:22 56693443                   /usr/lib64/libsystemd.so.0.42.0
7fcb99dfe000-7fcb99dff000 rw-p 00137000 00:22 56693443                   /usr/lib64/libsystemd.so.0.42.0
7fcb99dff000-7fcb99e00000 rw-p 00000000 00:00 0 
7fcb99e00000-7fcb9a150000 r-xp 00000000 00:22 54045238                   /usr/lib64/libglycin-2.so.0
7fcb9a150000-7fcb9a20b000 r--p 00350000 00:22 54045238                   /usr/lib64/libglycin-2.so.0
7fcb9a20b000-7fcb9a224000 r--p 0040a000 00:22 54045238                   /usr/lib64/libglycin-2.so.0
7fcb9a224000-7fcb9a227000 rw-p 00423000 00:22 54045238                   /usr/lib64/libglycin-2.so.0
7fcb9a227000-7fcb9a228000 r--s 00000000 00:22 56799365                   /home/fam/.cache/fontconfig/6fcb01a03a016cc71057b587cdea6709-le64.cache-12
7fcb9a228000-7fcb9a229000 r--s 00000000 00:22 56799355                   /home/fam/.cache/fontconfig/b4f045e65949203a75c31ff635d51c65-le64.cache-12
7fcb9a229000-7fcb9a274000 r--p 00000000 00:22 56798991                   /usr/share/glib-2.0/schemas/gschemas.compiled
7fcb9a274000-7fcb9a3b8000 r-xp 00000000 00:22 55607278                   /usr/lib64/libsqlite3.so.3.51.2
7fcb9a3b8000-7fcb9a3f7000 r--p 00144000 00:22 55607278                   /usr/lib64/libsqlite3.so.3.51.2
7fcb9a3f7000-7fcb9a3fb000 r--p 00182000 00:22 55607278                   /usr/lib64/libsqlite3.so.3.51.2
7fcb9a3fb000-7fcb9a3ff000 rw-p 00186000 00:22 55607278                   /usr/lib64/libsqlite3.so.3.51.2
7fcb9a3ff000-7fcb9a400000 rw-p 00000000 00:00 0 
7fcb9a400000-7fcb9a7d8000 r-xp 00000000 00:22 55207762                   /usr/lib64/libgtk-3.so.0.2420.32
7fcb9a7d8000-7fcb9ab27000 r--p 003d8000 00:22 55207762                   /usr/lib64/libgtk-3.so.0.2420.32
7fcb9ab27000-7fcb9ab3a000 r--p 00726000 00:22 55207762                   /usr/lib64/libgtk-3.so.0.2420.32
7fcb9ab3a000-7fcb9ab3c000 rw-p 00739000 00:22 55207762                   /usr/lib64/libgtk-3.so.0.2420.32
7fcb9ab3c000-7fcb9ab41000 rw-p 00000000 00:00 0 
7fcb9ab41000-7fcb9ab42000 r--s 00000000 00:22 56799350                   /home/fam/.cache/fontconfig/e0f2bc8bc07ae0c1ba150523b3d9cc08-le64.cache-12
7fcb9ab42000-7fcb9ab43000 r--s 00000000 00:22 56799345                   /home/fam/.cache/fontconfig/1a1ba44c74c12a4f665bc9ecb54a2833-le64.cache-12
7fcb9ab43000-7fcb9ab44000 r--s 00000000 00:22 56799340                   /home/fam/.cache/fontconfig/5fc8be8228cd16d5eb09a5afe41bcfd2-le64.cache-12
7fcb9ab44000-7fcb9ab45000 r--s 00000000 00:22 56799335                   /home/fam/.cache/fontconfig/105244de58915863162e6a0329d90ab7-le64.cache-12
7fcb9ab45000-7fcb9ab46000 r--s 00000000 00:22 56799330                   /home/fam/.cache/fontconfig/3181d3e48367f3dee824a69a5e9ec5f4-le64.cache-12
7fcb9ab46000-7fcb9ab48000 r--s 00000000 00:22 56799305                   /home/fam/.cache/fontconfig/e5da922122f90e18ce9aab86d5c2b324-le64.cache-12
7fcb9ab48000-7fcb9ab4a000 r--s 00000000 00:22 56799300                   /home/fam/.cache/fontconfig/de3fc716275e870cc68457cf08da2de7-le64.cache-12
7fcb9ab4a000-7fcb9ab50000 r--s 00000000 00:22 56799215                   /home/fam/.cache/fontconfig/221930ae9526a9cb8049af2916f03412-le64.cache-12
7fcb9ab50000-7fcb9ab5a000 r--s 00000000 00:22 56799210                   /home/fam/.cache/fontconfig/6cdba951d5a16891afaaf2fee13e80e7-le64.cache-12
7fcb9ab5a000-7fcb9ab5d000 r--s 00000000 00:22 56799295                   /home/fam/.cache/fontconfig/9162ae45def2e036f06e4d1913f17ba7-le64.cache-12
7fcb9ab5d000-7fcb9ab63000 r--s 00000000 00:22 56799225                   /home/fam/.cache/fontconfig/7bbebb41f246c24642924bd8585d5345-le64.cache-12
7fcb9ab63000-7fcb9ab6a000 r--s 00000000 00:22 56799200                   /home/fam/.cache/fontconfig/d4fe5728f86380c2e3b1e4e9a34fabd8-le64.cache-12
7fcb9ab6a000-7fcb9ab6b000 r--s 00000000 00:22 56799325                   /home/fam/.cache/fontconfig/d84ebaa74cfdbfe1ee61d6ccaa1ec99d-le64.cache-12
7fcb9ab6b000-7fcb9ab6e000 r--s 00000000 00:22 56799220                   /home/fam/.cache/fontconfig/427eb62078a821f08aa6ed364f2467bf-le64.cache-12
7fcb9ab6e000-7fcb9ab71000 r--s 00000000 00:22 56799205                   /home/fam/.cache/fontconfig/feeafda3627faad7596d025cfacea73f-le64.cache-12
7fcb9ab71000-7fcb9ab72000 r-xp 00000000 00:22 52914217                   /usr/lib64/libbrotlicommon.so.1.2.0
7fcb9ab72000-7fcb9ab92000 r--p 00001000 00:22 52914217                   /usr/lib64/libbrotlicommon.so.1.2.0
7fcb9ab92000-7fcb9ab93000 r--p 00020000 00:22 52914217                   /usr/lib64/libbrotlicommon.so.1.2.0
7fcb9ab93000-7fcb9ab94000 rw-p 00000000 00:00 0 
7fcb9ab94000-7fcb9abdc000 r-xp 00000000 00:22 52912003                   /usr/lib64/liblcms2.so.2.0.16
7fcb9abdc000-7fcb9abf8000 r--p 00048000 00:22 52912003                   /usr/lib64/liblcms2.so.2.0.16
7fcb9abf8000-7fcb9abfb000 r--p 00063000 00:22 52912003                   /usr/lib64/liblcms2.so.2.0.16
7fcb9abfb000-7fcb9abfe000 rw-p 00066000 00:22 52912003                   /usr/lib64/liblcms2.so.2.0.16
7fcb9abfe000-7fcb9abff000 rw-p 00000000 00:00 0 
7fcb9abff000-7fcb9b400000 rw-p 00000000 00:00 0 
7fcb9b400000-7fcb9f7a1000 r--p 00000000 00:22 54795156                   /usr/lib64/libLLVM.so.22.1
7fcb9f7a1000-7fcba3c7d000 r-xp 043a0000 00:22 54795156                   /usr/lib64/libLLVM.so.22.1
7fcba3c7d000-7fcba3e9e000 r--p 0887b000 00:22 54795156                   /usr/lib64/libLLVM.so.22.1
7fcba3e9e000-7fcba3ea8000 rw-p 08a9b000 00:22 54795156                   /usr/lib64/libLLVM.so.22.1
7fcba3ea8000-7fcba3f54000 rw-p 00000000 00:00 0 
7fcba3f54000-7fcba3f55000 r--s 00000000 00:22 56799320                   /home/fam/.cache/fontconfig/2d6dd0b8817a1ff6b7f6ca6f073bfbb1-le64.cache-12
7fcba3f55000-7fcba3f56000 r--s 00000000 00:22 56799315                   /home/fam/.cache/fontconfig/94d8fcc0b92ee9fd9900ae8f2843d4cd-le64.cache-12
7fcba3f56000-7fcba3f64000 r--p 00000000 00:22 57508325                   /home/fam/.config/dconf/user
7fcba3f64000-7fcba3f6c000 r-xp 00000000 00:22 52924420                   /usr/lib64/gio/modules/libdconfsettings.so
7fcba3f6c000-7fcba3f72000 r--p 00008000 00:22 52924420                   /usr/lib64/gio/modules/libdconfsettings.so
7fcba3f72000-7fcba3f73000 r--p 0000d000 00:22 52924420                   /usr/lib64/gio/modules/libdconfsettings.so
7fcba3f73000-7fcba3f74000 rw-p 0000e000 00:22 52924420                   /usr/lib64/gio/modules/libdconfsettings.so
7fcba3f74000-7fcba3f83000 r-xp 00000000 00:22 54801599                   /usr/lib64/libseccomp.so.2.6.1
7fcba3f83000-7fcba3f9e000 r--p 0000f000 00:22 54801599                   /usr/lib64/libseccomp.so.2.6.1
7fcba3f9e000-7fcba3f9f000 r--p 00029000 00:22 54801599                   /usr/lib64/libseccomp.so.2.6.1
7fcba3f9f000-7fcba3fa0000 rw-p 0002a000 00:22 54801599                   /usr/lib64/libseccomp.so.2.6.1
7fcba3fa0000-7fcba3fa9000 r-xp 00000000 00:22 52914219                   /usr/lib64/libbrotlidec.so.1.2.0
7fcba3fa9000-7fcba3fad000 r--p 00009000 00:22 52914219                   /usr/lib64/libbrotlidec.so.1.2.0
7fcba3fad000-7fcba3fae000 r--p 0000c000 00:22 52914219                   /usr/lib64/libbrotlidec.so.1.2.0
7fcba3fae000-7fcba3faf000 rw-p 00000000 00:00 0 
7fcba3faf000-7fcba3fbe000 r-xp 00000000 00:22 52911983                   /usr/lib64/libbz2.so.1.0.8
7fcba3fbe000-7fcba3fc1000 r--p 0000f000 00:22 52911983                   /usr/lib64/libbz2.so.1.0.8
7fcba3fc1000-7fcba3fc2000 r--p 00011000 00:22 52911983                   /usr/lib64/libbz2.so.1.0.8
7fcba3fc2000-7fcba3fc3000 rw-p 00012000 00:22 52911983                   /usr/lib64/libbz2.so.1.0.8
7fcba3fc3000-7fcba3feb000 r-xp 00000000 00:22 54044690                   /usr/lib64/libblkid.so.1.1.0
7fcba3feb000-7fcba3ff9000 r--p 00028000 00:22 54044690                   /usr/lib64/libblkid.so.1.1.0
7fcba3ff9000-7fcba3fff000 r--p 00036000 00:22 54044690                   /usr/lib64/libblkid.so.1.1.0
7fcba3fff000-7fcba4000000 rw-p 0003c000 00:22 54044690                   /usr/lib64/libblkid.so.1.1.0
7fcba4000000-7fcba4303000 rw-p 00000000 00:00 0 
7fcba4303000-7fcba8000000 ---p 00000000 00:00 0 
7fcba8000000-7fcba8003000 r--s 00000000 00:22 56799195                   /home/fam/.cache/fontconfig/18f520a508f13854f77176faf7889ae9-le64.cache-12
7fcba8003000-7fcba8007000 r-xp 00000000 00:22 52914984                   /usr/lib64/libXtst.so.6.1.0
7fcba8007000-7fcba8009000 r--p 00004000 00:22 52914984                   /usr/lib64/libXtst.so.6.1.0
7fcba8009000-7fcba800a000 r--p 00005000 00:22 52914984                   /usr/lib64/libXtst.so.6.1.0
7fcba800a000-7fcba800b000 rw-p 00006000 00:22 52914984                   /usr/lib64/libXtst.so.6.1.0
7fcba800b000-7fcba8010000 r-xp 00000000 00:22 52977084                   /usr/lib64/libdatrie.so.1.4.1
7fcba8010000-7fcba8012000 r--p 00005000 00:22 52977084                   /usr/lib64/libdatrie.so.1.4.1
7fcba8012000-7fcba8013000 r--p 00007000 00:22 52977084                   /usr/lib64/libdatrie.so.1.4.1
7fcba8013000-7fcba8014000 rw-p 00000000 00:00 0 
7fcba8014000-7fcba802d000 r-xp 00000000 00:22 52916021                   /usr/lib64/libjson-glib-1.0.so.0.1000.8
7fcba802d000-7fcba803e000 r--p 00019000 00:22 52916021                   /usr/lib64/libjson-glib-1.0.so.0.1000.8
7fcba803e000-7fcba803f000 r--p 0002a000 00:22 52916021                   /usr/lib64/libjson-glib-1.0.so.0.1000.8
7fcba803f000-7fcba8040000 rw-p 00000000 00:00 0 
7fcba8040000-7fcba8076000 r-xp 00000000 00:22 52911759                   /usr/lib64/libdbus-1.so.3.38.3
7fcba8076000-7fcba8095000 r--p 00036000 00:22 52911759                   /usr/lib64/libdbus-1.so.3.38.3
7fcba8095000-7fcba8097000 r--p 00054000 00:22 52911759                   /usr/lib64/libdbus-1.so.3.38.3
7fcba8097000-7fcba8098000 rw-p 00056000 00:22 52911759                   /usr/lib64/libdbus-1.so.3.38.3
7fcba8098000-7fcba80b6000 r-xp 00000000 00:22 56694021                   /usr/lib64/libatspi.so.0.0.1
7fcba80b6000-7fcba80d2000 r--p 0001e000 00:22 56694021                   /usr/lib64/libatspi.so.0.0.1
7fcba80d2000-7fcba80d6000 r--p 00039000 00:22 56694021                   /usr/lib64/libatspi.so.0.0.1
7fcba80d6000-7fcba80d7000 rw-p 0003d000 00:22 56694021                   /usr/lib64/libatspi.so.0.0.1
7fcba80d7000-7fcba80ef000 r-xp 00000000 00:22 52925338                   /usr/lib64/libgraphite2.so.3.2.1
7fcba80ef000-7fcba80f4000 r--p 00018000 00:22 52925338                   /usr/lib64/libgraphite2.so.3.2.1
7fcba80f4000-7fcba80f6000 r--p 0001c000 00:22 52925338                   /usr/lib64/libgraphite2.so.3.2.1
7fcba80f6000-7fcba80f7000 rw-p 00000000 00:00 0 
7fcba80f7000-7fcba818a000 r-xp 00000000 00:22 52914078                   /usr/lib64/libpixman-1.so.0.46.2
7fcba818a000-7fcba819f000 r--p 00093000 00:22 52914078                   /usr/lib64/libpixman-1.so.0.46.2
7fcba819f000-7fcba81a7000 r--p 000a8000 00:22 52914078                   /usr/lib64/libpixman-1.so.0.46.2
7fcba81a7000-7fcba81a8000 rw-p 000b0000 00:22 52914078                   /usr/lib64/libpixman-1.so.0.46.2
7fcba81a8000-7fcba824a000 r-xp 00000000 00:22 52925361                   /usr/lib64/libfreetype.so.6.20.6
7fcba824a000-7fcba827b000 r--p 000a2000 00:22 52925361                   /usr/lib64/libfreetype.so.6.20.6
7fcba827b000-7fcba8283000 r--p 000d2000 00:22 52925361                   /usr/lib64/libfreetype.so.6.20.6
7fcba8283000-7fcba8284000 rw-p 00000000 00:00 0 
7fcba8284000-7fcba82b0000 r-xp 00000000 00:22 52911802                   /usr/lib64/libpng16.so.16.58.0
7fcba82b0000-7fcba82bf000 r--p 0002c000 00:22 52911802                   /usr/lib64/libpng16.so.16.58.0
7fcba82bf000-7fcba82c0000 r--p 0003a000 00:22 52911802                   /usr/lib64/libpng16.so.16.58.0
7fcba82c0000-7fcba82c1000 rw-p 00000000 00:00 0 
7fcba82c1000-7fcba82e3000 r-xp 00000000 00:22 56693716                   /usr/lib64/libselinux.so.1
7fcba82e3000-7fcba82f1000 r--p 00022000 00:22 56693716                   /usr/lib64/libselinux.so.1
7fcba82f1000-7fcba82f2000 r--p 00030000 00:22 56693716                   /usr/lib64/libselinux.so.1
7fcba82f2000-7fcba82f3000 rw-p 00031000 00:22 56693716                   /usr/lib64/libselinux.so.1
7fcba82f3000-7fcba82f5000 rw-p 00000000 00:00 0 
7fcba82f5000-7fcba8333000 r-xp 00000000 00:22 54044695                   /usr/lib64/libmount.so.1.1.0
7fcba8333000-7fcba834c000 r--p 0003e000 00:22 54044695                   /usr/lib64/libmount.so.1.1.0
7fcba834c000-7fcba834e000 r--p 00057000 00:22 54044695                   /usr/lib64/libmount.so.1.1.0
7fcba834e000-7fcba834f000 rw-p 00059000 00:22 54044695                   /usr/lib64/libmount.so.1.1.0
7fcba834f000-7fcba83d0000 r-xp 00000000 00:22 52912119                   /usr/lib64/libpcre2-8.so.0.15.0
7fcba83d0000-7fcba83fe000 r--p 00081000 00:22 52912119                   /usr/lib64/libpcre2-8.so.0.15.0
7fcba83fe000-7fcba83ff000 r--p 000ae000 00:22 52912119                   /usr/lib64/libpcre2-8.so.0.15.0
7fcba83ff000-7fcba8400000 rw-p 000af000 00:22 52912119                   /usr/lib64/libpcre2-8.so.0.15.0
7fcba8400000-7fcba8401000 r-xp 00000000 00:22 57113888                   /usr/lib/jvm/bellsoft-java8-full.x86_64/jre/lib/amd64/libglass.so
7fcba8401000-7fcba8601000 ---p 00001000 00:22 57113888                   /usr/lib/jvm/bellsoft-java8-full.x86_64/jre/lib/amd64/libglass.so
7fcba8601000-7fcba8602000 r--p 00001000 00:22 57113888                   /usr/lib/jvm/bellsoft-java8-full.x86_64/jre/lib/amd64/libglass.so
7fcba8602000-7fcba8603000 rw-p 00002000 00:22 57113888                   /usr/lib/jvm/bellsoft-java8-full.x86_64/jre/lib/amd64/libglass.so
7fcba8603000-7fcba8604000 r--s 00000000 00:22 56799285                   /home/fam/.cache/fontconfig/22f06f3be2d16d058da85b73ae1dc5b1-le64.cache-12
7fcba8604000-7fcba8607000 r--s 00000000 00:22 56799190                   /home/fam/.cache/fontconfig/3196f05a030874ca00722cbf1e991434-le64.cache-12
7fcba8607000-7fcba860d000 r-xp 00000000 00:22 52914906                   /usr/lib64/libxcb-render.so.0.0.0
7fcba860d000-7fcba8614000 r--p 00006000 00:22 52914906                   /usr/lib64/libxcb-render.so.0.0.0
7fcba8614000-7fcba8615000 r--p 0000d000 00:22 52914906                   /usr/lib64/libxcb-render.so.0.0.0
7fcba8615000-7fcba8616000 rw-p 0000e000 00:22 52914906                   /usr/lib64/libxcb-render.so.0.0.0
7fcba8616000-7fcba869c000 r-xp 00000000 00:22 52928004                   /usr/lib64/libtinysparql-3.0.so.0.1101.0
7fcba869c000-7fcba86e3000 r--p 00086000 00:22 52928004                   /usr/lib64/libtinysparql-3.0.so.0.1101.0
7fcba86e3000-7fcba86f2000 r--p 000cc000 00:22 52928004                   /usr/lib64/libtinysparql-3.0.so.0.1101.0
7fcba86f2000-7fcba86f3000 rw-p 000db000 00:22 52928004                   /usr/lib64/libtinysparql-3.0.so.0.1101.0
7fcba86f3000-7fcba8761000 r-xp 00000000 00:22 52913977                   /usr/lib64/libepoxy.so.0.0.0
7fcba8761000-7fcba87f1000 r--p 0006e000 00:22 52913977                   /usr/lib64/libepoxy.so.0.0.0
7fcba87f1000-7fcba87f9000 r--p 000fe000 00:22 52913977                   /usr/lib64/libepoxy.so.0.0.0
7fcba87f9000-7fcba8800000 rw-p 00106000 00:22 52913977                   /usr/lib64/libepoxy.so.0.0.0
7fcba8800000-7fcbaa810000 r-xp 00000000 00:22 56699266                   /usr/lib64/libgallium-26.2.3.so
7fcbaa810000-7fcbabaa2000 r--p 02010000 00:22 56699266                   /usr/lib64/libgallium-26.2.3.so
7fcbabaa2000-7fcbabc1f000 r--p 032a2000 00:22 56699266                   /usr/lib64/libgallium-26.2.3.so
7fcbabc1f000-7fcbabc5d000 rw-p 0341f000 00:22 56699266                   /usr/lib64/libgallium-26.2.3.so
7fcbabc5d000-7fcbabe2a000 rw-p 00000000 00:00 0 
7fcbabe2a000-7fcbabe2b000 r-xp 00000000 00:22 55206951                   /usr/lib64/libgthread-2.0.so.0.8800.3
7fcbabe2b000-7fcbabe2c000 r--p 00001000 00:22 55206951                   /usr/lib64/libgthread-2.0.so.0.8800.3
7fcbabe2c000-7fcbabe2d000 r--p 00001000 00:22 55206951                   /usr/lib64/libgthread-2.0.so.0.8800.3
7fcbabe2d000-7fcbabe2e000 rw-p 00000000 00:00 0 
7fcbabe2e000-7fcbabe36000 r-xp 00000000 00:22 52914972                   /usr/lib64/libXrender.so.1.3.0
7fcbabe36000-7fcbabe39000 r--p 00008000 00:22 52914972                   /usr/lib64/libXrender.so.1.3.0
7fcbabe39000-7fcbabe3a000 r--p 0000a000 00:22 52914972                   /usr/lib64/libXrender.so.1.3.0
7fcbabe3a000-7fcbabe3b000 rw-p 0000b000 00:22 52914972                   /usr/lib64/libXrender.so.1.3.0
7fcbabe3b000-7fcbabe40000 r-xp 00000000 00:22 52977088                   /usr/lib64/libthai.so.0.3.2
7fcbabe40000-7fcbabe45000 r--p 00005000 00:22 52977088                   /usr/lib64/libthai.so.0.3.2
7fcbabe45000-7fcbabe46000 r--p 00009000 00:22 52977088                   /usr/lib64/libthai.so.0.3.2
7fcbabe46000-7fcbabe47000 rw-p 0000a000 00:22 52977088                   /usr/lib64/libthai.so.0.3.2
7fcbabe47000-7fcbabe48000 r-xp 00000000 00:22 52914968                   /usr/lib64/libXinerama.so.1.0.0
7fcbabe48000-7fcbabe49000 r--p 00001000 00:22 52914968                   /usr/lib64/libXinerama.so.1.0.0
7fcbabe49000-7fcbabe4a000 r--p 00001000 00:22 52914968                   /usr/lib64/libXinerama.so.1.0.0
7fcbabe4a000-7fcbabe4b000 rw-p 00002000 00:22 52914968                   /usr/lib64/libXinerama.so.1.0.0
7fcbabe4b000-7fcbabe53000 r-xp 00000000 00:22 52914978                   /usr/lib64/libXrandr.so.2.2.0
7fcbabe53000-7fcbabe56000 r--p 00008000 00:22 52914978                   /usr/lib64/libXrandr.so.2.2.0
7fcbabe56000-7fcbabe57000 r--p 0000b000 00:22 52914978                   /usr/lib64/libXrandr.so.2.2.0
7fcbabe57000-7fcbabe58000 rw-p 0000c000 00:22 52914978                   /usr/lib64/libXrandr.so.2.2.0
7fcbabe58000-7fcbabe5f000 r-xp 00000000 00:22 52915418                   /usr/lib64/libXcursor.so.1.0.2
7fcbabe5f000-7fcbabe63000 r--p 00007000 00:22 52915418                   /usr/lib64/libXcursor.so.1.0.2
7fcbabe63000-7fcbabe64000 r--p 0000b000 00:22 52915418                   /usr/lib64/libXcursor.so.1.0.2
7fcbabe64000-7fcbabe65000 rw-p 00000000 00:00 0 
7fcbabe65000-7fcbabe95000 r-xp 00000000 00:22 52913998                   /usr/lib64/libxkbcommon.so.0.13.1
7fcbabe95000-7fcbabec1000 r--p 00030000 00:22 52913998                   /usr/lib64/libxkbcommon.so.0.13.1
7fcbabec1000-7fcbabec3000 r--p 0005b000 00:22 52913998                   /usr/lib64/libxkbcommon.so.0.13.1
7fcbabec3000-7fcbabec4000 rw-p 0005d000 00:22 52913998                   /usr/lib64/libxkbcommon.so.0.13.1
7fcbabec4000-7fcbabfbd000 r-xp 00000000 00:22 52925353                   /usr/lib64/libharfbuzz.so.0.61410.0
7fcbabfbd000-7fcbabffd000 r--p 000f9000 00:22 52925353                   /usr/lib64/libharfbuzz.so.0.61410.0
7fcbabffd000-7fcbabfff000 r--p 00138000 00:22 52925353                   /usr/lib64/libharfbuzz.so.0.61410.0
7fcbabfff000-7fcbac000000 rw-p 0013a000 00:22 52925353                   /usr/lib64/libharfbuzz.so.0.61410.0
7fcbac000000-7fcbac021000 rw-p 00000000 00:00 0 
7fcbac021000-7fcbb0000000 ---p 00000000 00:00 0 
7fcbb0000000-7fcbb0021000 rw-p 00000000 00:00 0 
7fcbb0021000-7fcbb4000000 ---p 00000000 00:00 0 
7fcbb4000000-7fcbb4027000 rw-p 00000000 00:00 0 
7fcbb4027000-7fcbb8000000 ---p 00000000 00:00 0 
7fcbb8000000-7fcbb819b000 rw-p 00000000 00:00 0 
7fcbb819b000-7fcbbc000000 ---p 00000000 00:00 0 
7fcbbc000000-7fcbbc0be000 rw-p 00000000 00:00 0 
7fcbbc0be000-7fcbc0000000 ---p 00000000 00:00 0 
7fcbc0000000-7fcbc0001000 r-xp 00000000 00:22 52914988                   /usr/lib64/libXcomposite.so.1.0.0
7fcbc0001000-7fcbc0002000 r--p 00001000 00:22 52914988                   /usr/lib64/libXcomposite.so.1.0.0
7fcbc0002000-7fcbc0003000 r--p 00001000 00:22 52914988                   /usr/lib64/libXcomposite.so.1.0.0
7fcbc0003000-7fcbc0004000 rw-p 00000000 00:00 0 
7fcbc0004000-7fcbc000c000 r-xp 00000000 00:22 56693586                   /usr/lib64/libwayland-client.so.0.26.0
7fcbc000c000-7fcbc0011000 r--p 00008000 00:22 56693586                   /usr/lib64/libwayland-client.so.0.26.0
7fcbc0011000-7fcbc0013000 r--p 0000d000 00:22 56693586                   /usr/lib64/libwayland-client.so.0.26.0
7fcbc0013000-7fcbc0014000 rw-p 0000f000 00:22 56693586                   /usr/lib64/libwayland-client.so.0.26.0
7fcbc0014000-7fcbc0030000 r-xp 00000000 00:22 56694301                   /usr/lib64/libatk-bridge-2.0.so.0.0.0
7fcbc0030000-7fcbc004e000 r--p 0001c000 00:22 56694301                   /usr/lib64/libatk-bridge-2.0.so.0.0.0
7fcbc004e000-7fcbc0050000 r--p 00039000 00:22 56694301                   /usr/lib64/libatk-bridge-2.0.so.0.0.0
7fcbc0050000-7fcbc0052000 rw-p 0003b000 00:22 56694301                   /usr/lib64/libatk-bridge-2.0.so.0.0.0
7fcbc0052000-7fcbc006f000 r-xp 00000000 00:22 56035438                   /usr/lib64/libgdk_pixbuf-2.0.so.0.4400.4
7fcbc006f000-7fcbc007f000 r--p 0001d000 00:22 56035438                   /usr/lib64/libgdk_pixbuf-2.0.so.0.4400.4
7fcbc007f000-7fcbc0081000 r--p 0002c000 00:22 56035438                   /usr/lib64/libgdk_pixbuf-2.0.so.0.4400.4
7fcbc0081000-7fcbc0082000 rw-p 0002e000 00:22 56035438                   /usr/lib64/libgdk_pixbuf-2.0.so.0.4400.4
7fcbc0082000-7fcbc00b5000 r-xp 00000000 00:22 52925389                   /usr/lib64/libfontconfig.so.1.16.0
7fcbc00b5000-7fcbc00d2000 r--p 00033000 00:22 52925389                   /usr/lib64/libfontconfig.so.1.16.0
7fcbc00d2000-7fcbc00d4000 r--p 00050000 00:22 52925389                   /usr/lib64/libfontconfig.so.1.16.0
7fcbc00d4000-7fcbc00d5000 rw-p 00052000 00:22 52925389                   /usr/lib64/libfontconfig.so.1.16.0
7fcbc00d5000-7fcbc01d2000 r-xp 00000000 00:22 52925714                   /usr/lib64/libcairo.so.2.11804.4
7fcbc01d2000-7fcbc0218000 r--p 000fd000 00:22 52925714                   /usr/lib64/libcairo.so.2.11804.4
7fcbc0218000-7fcbc021c000 r--p 00143000 00:22 52925714                   /usr/lib64/libcairo.so.2.11804.4
7fcbc021c000-7fcbc021e000 rw-p 00147000 00:22 52925714                   /usr/lib64/libcairo.so.2.11804.4
7fcbc021e000-7fcbc021f000 rw-p 00000000 00:00 0 
7fcbc021f000-7fcbc0346000 r-xp 00000000 00:22 55206941                   /usr/lib64/libgio-2.0.so.0.8800.3
7fcbc0346000-7fcbc03f3000 r--p 00127000 00:22 55206941                   /usr/lib64/libgio-2.0.so.0.8800.3
7fcbc03f3000-7fcbc03fc000 r--p 001d3000 00:22 55206941                   /usr/lib64/libgio-2.0.so.0.8800.3
7fcbc03fc000-7fcbc03fd000 rw-p 001dc000 00:22 55206941                   /usr/lib64/libgio-2.0.so.0.8800.3
7fcbc03fd000-7fcbc03ff000 rw-p 00000000 00:00 0 
7fcbc03ff000-7fcbc0c00000 rw-p 00000000 00:00 0 
7fcbc0c00000-7fcbc0e01000 rw-s 00000000 00:22 46129766                   /home/fam/.cache/mesa_shader_cache/index
7fcbc0e01000-7fcbc0e03000 r--s 00000000 00:22 56799245                   /home/fam/.cache/fontconfig/383aa4c3ea81d46e4a1459cd427fba23-le64.cache-12
7fcbc0e03000-7fcbc0e0f000 r-xp 00000000 00:22 56069151                   /usr/lib64/libcloudproviders.so.0.4.1
7fcbc0e0f000-7fcbc0e1a000 r--p 0000c000 00:22 56069151                   /usr/lib64/libcloudproviders.so.0.4.1
7fcbc0e1a000-7fcbc0e1b000 r--p 00017000 00:22 56069151                   /usr/lib64/libcloudproviders.so.0.4.1
7fcbc0e1b000-7fcbc0e1c000 rw-p 00018000 00:22 56069151                   /usr/lib64/libcloudproviders.so.0.4.1
7fcbc0e1c000-7fcbc0e29000 r-xp 00000000 00:22 52914957                   /usr/lib64/libXi.so.6.1.0
7fcbc0e29000-7fcbc0e2d000 r--p 0000d000 00:22 52914957                   /usr/lib64/libXi.so.6.1.0
7fcbc0e2d000-7fcbc0e2e000 r--p 00011000 00:22 52914957                   /usr/lib64/libXi.so.6.1.0
7fcbc0e2e000-7fcbc0e2f000 rw-p 00012000 00:22 52914957                   /usr/lib64/libXi.so.6.1.0
7fcbc0e2f000-7fcbc0e71000 r-xp 00000000 00:22 52977112                   /usr/lib64/libpango-1.0.so.0.5701.0
7fcbc0e71000-7fcbc0e99000 r--p 00042000 00:22 52977112                   /usr/lib64/libpango-1.0.so.0.5701.0
7fcbc0e99000-7fcbc0e9d000 r--p 00069000 00:22 52977112                   /usr/lib64/libpango-1.0.so.0.5701.0
7fcbc0e9d000-7fcbc0e9e000 rw-p 0006d000 00:22 52977112                   /usr/lib64/libpango-1.0.so.0.5701.0
7fcbc0e9e000-7fcbc0f4b000 r-xp 00000000 00:22 55206945                   /usr/lib64/libglib-2.0.so.0.8800.3
7fcbc0f4b000-7fcbc0ffd000 r--p 000ad000 00:22 55206945                   /usr/lib64/libglib-2.0.so.0.8800.3
7fcbc0ffd000-7fcbc0ffe000 r--p 0015f000 00:22 55206945                   /usr/lib64/libglib-2.0.so.0.8800.3
7fcbc0ffe000-7fcbc0fff000 rw-p 00160000 00:22 55206945                   /usr/lib64/libglib-2.0.so.0.8800.3
7fcbc0fff000-7fcbc1000000 rw-p 00000000 00:00 0 
7fcbc1000000-7fcbc1171000 r-xp 00000000 00:22 56034492                   /usr/lib64/libstdc++.so.6.0.36
7fcbc1171000-7fcbc129c000 r--p 00171000 00:22 56034492                   /usr/lib64/libstdc++.so.6.0.36
7fcbc129c000-7fcbc12ad000 r--p 0029c000 00:22 56034492                   /usr/lib64/libstdc++.so.6.0.36
7fcbc12ad000-7fcbc12ae000 rw-p 002ad000 00:22 56034492                   /usr/lib64/libstdc++.so.6.0.36
7fcbc12ae000-7fcbc12b2000 rw-p 00000000 00:00 0 
7fcbc12b2000-7fcbc12b4000 r--s 00000000 00:22 56799240                   /home/fam/.cache/fontconfig/cc4435afd06e20625c417ffcddec4f51-le64.cache-12
7fcbc12b4000-7fcbc12b5000 r-xp 00000000 00:22 52914961                   /usr/lib64/libXdamage.so.1.1.0
7fcbc12b5000-7fcbc12b6000 r--p 00001000 00:22 52914961                   /usr/lib64/libXdamage.so.1.1.0
7fcbc12b6000-7fcbc12b7000 r--p 00001000 00:22 52914961                   /usr/lib64/libXdamage.so.1.1.0
7fcbc12b7000-7fcbc12b8000 rw-p 00000000 00:00 0 
7fcbc12b8000-7fcbc12c9000 r-xp 00000000 00:22 56694141                   /usr/lib64/libatk-1.0.so.0.26016.1
7fcbc12c9000-7fcbc12db000 r--p 00011000 00:22 56694141                   /usr/lib64/libatk-1.0.so.0.26016.1
7fcbc12db000-7fcbc12de000 r--p 00022000 00:22 56694141                   /usr/lib64/libatk-1.0.so.0.26016.1
7fcbc12de000-7fcbc12df000 rw-p 00025000 00:22 56694141                   /usr/lib64/libatk-1.0.so.0.26016.1
7fcbc12df000-7fcbc12e5000 r-xp 00000000 00:22 52914181                   /usr/lib64/libfribidi.so.0.4.0
7fcbc12e5000-7fcbc12fd000 r--p 00006000 00:22 52914181                   /usr/lib64/libfribidi.so.0.4.0
7fcbc12fd000-7fcbc12fe000 r--p 0001d000 00:22 52914181                   /usr/lib64/libfribidi.so.0.4.0
7fcbc12fe000-7fcbc12ff000 rw-p 0001e000 00:22 52914181                   /usr/lib64/libfribidi.so.0.4.0
7fcbc12ff000-7fcbc1390000 r-xp 00000000 00:22 55207760                   /usr/lib64/libgdk-3.so.0.2420.32
7fcbc1390000-7fcbc13f4000 r--p 00091000 00:22 55207760                   /usr/lib64/libgdk-3.so.0.2420.32
7fcbc13f4000-7fcbc13fe000 r--p 000f5000 00:22 55207760                   /usr/lib64/libgdk-3.so.0.2420.32
7fcbc13fe000-7fcbc1400000 rw-p 000ff000 00:22 55207760                   /usr/lib64/libgdk-3.so.0.2420.32
7fcbc1400000-7fcbc140c000 r-xp 00000000 00:22 57113921                   /usr/lib/jvm/bellsoft-java8-full.x86_64/jre/lib/amd64/libprism_es2.so
7fcbc140c000-7fcbc160b000 ---p 0000c000 00:22 57113921                   /usr/lib/jvm/bellsoft-java8-full.x86_64/jre/lib/amd64/libprism_es2.so
7fcbc160b000-7fcbc160c000 r--p 0000b000 00:22 57113921                   /usr/lib/jvm/bellsoft-java8-full.x86_64/jre/lib/amd64/libprism_es2.so
7fcbc160c000-7fcbc160d000 rw-p 0000c000 00:22 57113921                   /usr/lib/jvm/bellsoft-java8-full.x86_64/jre/lib/amd64/libprism_es2.so
7fcbc160d000-7fcbc1610000 r--s 00000000 00:22 56799185                   /home/fam/.cache/fontconfig/a11fef9c6b59ddb48eba670bb9bf2c6a-le64.cache-12
7fcbc1610000-7fcbc1611000 r-xp 00000000 00:22 56699288                   /usr/lib64/libwayland-egl.so.1.26.0
7fcbc1611000-7fcbc1612000 r--p 00001000 00:22 56699288                   /usr/lib64/libwayland-egl.so.1.26.0
7fcbc1612000-7fcbc1613000 r--p 00001000 00:22 56699288                   /usr/lib64/libwayland-egl.so.1.26.0
7fcbc1613000-7fcbc1614000 rw-p 00000000 00:00 0 
7fcbc1614000-7fcbc1623000 r-xp 00000000 00:22 52977116                   /usr/lib64/libpangoft2-1.0.so.0.5701.0
7fcbc1623000-7fcbc162e000 r--p 0000f000 00:22 52977116                   /usr/lib64/libpangoft2-1.0.so.0.5701.0
7fcbc162e000-7fcbc162f000 r--p 0001a000 00:22 52977116                   /usr/lib64/libpangoft2-1.0.so.0.5701.0
7fcbc162f000-7fcbc1630000 rw-p 00000000 00:00 0 
7fcbc1630000-7fcbc1669000 r-xp 00000000 00:22 55206949                   /usr/lib64/libgobject-2.0.so.0.8800.3
7fcbc1669000-7fcbc168d000 r--p 00039000 00:22 55206949                   /usr/lib64/libgobject-2.0.so.0.8800.3
7fcbc168d000-7fcbc1690000 r--p 0005d000 00:22 55206949                   /usr/lib64/libgobject-2.0.so.0.8800.3
7fcbc1690000-7fcbc1691000 rw-p 00060000 00:22 55206949                   /usr/lib64/libgobject-2.0.so.0.8800.3
7fcbc1691000-7fcbc178d000 r-xp 00000000 00:22 52911816                   /usr/lib64/libxml2.so.2.12.10
7fcbc178d000-7fcbc17f3000 r--p 000fc000 00:22 52911816                   /usr/lib64/libxml2.so.2.12.10
7fcbc17f3000-7fcbc17fe000 r--p 00161000 00:22 52911816                   /usr/lib64/libxml2.so.2.12.10
7fcbc17fe000-7fcbc17ff000 rw-p 0016c000 00:22 52911816                   /usr/lib64/libxml2.so.2.12.10
7fcbc17ff000-7fcbc1800000 rw-p 00000000 00:00 0 
7fcbc1800000-7fcbc1818000 r-xp 00000000 00:22 57113917                   /usr/lib/jvm/bellsoft-java8-full.x86_64/jre/lib/amd64/libnet.so
7fcbc1818000-7fcbc1a17000 ---p 00018000 00:22 57113917                   /usr/lib/jvm/bellsoft-java8-full.x86_64/jre/lib/amd64/libnet.so
7fcbc1a17000-7fcbc1a18000 r--p 00017000 00:22 57113917                   /usr/lib/jvm/bellsoft-java8-full.x86_64/jre/lib/amd64/libnet.so
7fcbc1a18000-7fcbc1a19000 rw-p 00018000 00:22 57113917                   /usr/lib/jvm/bellsoft-java8-full.x86_64/jre/lib/amd64/libnet.so
7fcbc1a19000-7fcbc1a1c000 r-xp 00000000 00:22 56694306                   /usr/lib64/libwayland-cursor.so.0.26.0
7fcbc1a1c000-7fcbc1a1e000 r--p 00003000 00:22 56694306                   /usr/lib64/libwayland-cursor.so.0.26.0
7fcbc1a1e000-7fcbc1a1f000 r--p 00004000 00:22 56694306                   /usr/lib64/libwayland-cursor.so.0.26.0
7fcbc1a1f000-7fcbc1a23000 rw-p 00005000 00:22 56694306                   /usr/lib64/libwayland-cursor.so.0.26.0
7fcbc1a23000-7fcbc1a25000 r-xp 00000000 00:22 52925725                   /usr/lib64/libcairo-gobject.so.2.11804.4
7fcbc1a25000-7fcbc1a29000 r--p 00002000 00:22 52925725                   /usr/lib64/libcairo-gobject.so.2.11804.4
7fcbc1a29000-7fcbc1a2b000 r--p 00005000 00:22 52925725                   /usr/lib64/libcairo-gobject.so.2.11804.4
7fcbc1a2b000-7fcbc1a2c000 rw-p 00000000 00:00 0 
7fcbc1a2c000-7fcbc1a36000 r-xp 00000000 00:22 52977114                   /usr/lib64/libpangocairo-1.0.so.0.5701.0
7fcbc1a36000-7fcbc1a3d000 r--p 0000a000 00:22 52977114                   /usr/lib64/libpangocairo-1.0.so.0.5701.0
7fcbc1a3d000-7fcbc1a3e000 r--p 00010000 00:22 52977114                   /usr/lib64/libpangocairo-1.0.so.0.5701.0
7fcbc1a3e000-7fcbc1a3f000 rw-p 00011000 00:22 52977114                   /usr/lib64/libpangocairo-1.0.so.0.5701.0
7fcbc1a3f000-7fcbc1a40000 r--s 00000000 00:22 56799265                   /home/fam/.cache/fontconfig/a1059391c956b3cbc42a78cac70f430a-le64.cache-12
7fcbc1a40000-7fcbc1a41000 r--s 00000000 00:22 56799260                   /home/fam/.cache/fontconfig/aa02322cc1375fea2382deabf4339973-le64.cache-12
7fcbc1a41000-7fcbc1a42000 r--s 00000000 00:22 56799255                   /home/fam/.cache/fontconfig/7ee6df7a8311986241317a58487e0145-le64.cache-12
7fcbc1a42000-7fcbc1a43000 r--s 00000000 00:22 56799230                   /home/fam/.cache/fontconfig/0f80fa86029ae75a63f21d682b864529-le64.cache-12
7fcbc1a44000-7fcbc1a45000 r--p 00000000 00:22 54805925                   /etc/dconf/db/distro
7fcbc1a45000-7fcbc1a61000 r--p 00000000 00:22 55207826                   /usr/share/locale/es/LC_MESSAGES/gtk30.mo
7fcbc1a61000-7fcbc1b69000 r-xp 00000000 00:22 52919591                   /usr/lib64/libSPIRV-Tools.so
7fcbc1b69000-7fcbc1bfc000 r--p 00108000 00:22 52919591                   /usr/lib64/libSPIRV-Tools.so
7fcbc1bfc000-7fcbc1bff000 r--p 0019b000 00:22 52919591                   /usr/lib64/libSPIRV-Tools.so
7fcbc1bff000-7fcbc1c00000 rw-p 0019e000 00:22 52919591                   /usr/lib64/libSPIRV-Tools.so
7fcbc1c00000-7fcbc1c11000 r-xp 00000000 00:22 57113918                   /usr/lib/jvm/bellsoft-java8-full.x86_64/jre/lib/amd64/libnio.so
7fcbc1c11000-7fcbc1e11000 ---p 00011000 00:22 57113918                   /usr/lib/jvm/bellsoft-java8-full.x86_64/jre/lib/amd64/libnio.so
7fcbc1e11000-7fcbc1e12000 r--p 00011000 00:22 57113918                   /usr/lib/jvm/bellsoft-java8-full.x86_64/jre/lib/amd64/libnio.so
7fcbc1e12000-7fcbc1e13000 rw-p 00012000 00:22 57113918                   /usr/lib/jvm/bellsoft-java8-full.x86_64/jre/lib/amd64/libnio.so
7fcbc1e13000-7fcbc1e17000 r-xp 00000000 00:22 52914951                   /usr/lib64/libXfixes.so.3.1.0
7fcbc1e17000-7fcbc1e19000 r--p 00004000 00:22 52914951                   /usr/lib64/libXfixes.so.3.1.0
7fcbc1e19000-7fcbc1e1a000 r--p 00006000 00:22 52914951                   /usr/lib64/libXfixes.so.3.1.0
7fcbc1e1a000-7fcbc1e1b000 rw-p 00007000 00:22 52914951                   /usr/lib64/libXfixes.so.3.1.0
7fcbc1e1b000-7fcbc1e1d000 r-xp 00000000 00:22 55206947                   /usr/lib64/libgmodule-2.0.so.0.8800.3
7fcbc1e1d000-7fcbc1e1f000 r--p 00002000 00:22 55206947                   /usr/lib64/libgmodule-2.0.so.0.8800.3
7fcbc1e1f000-7fcbc1e20000 r--p 00003000 00:22 55206947                   /usr/lib64/libgmodule-2.0.so.0.8800.3
7fcbc1e20000-7fcbc1e21000 rw-p 00004000 00:22 55206947                   /usr/lib64/libgmodule-2.0.so.0.8800.3
7fcbc1e21000-7fcbc1e28000 r--s 00096000 00:22 57513174                   /home/fam/NetBeansProjects/ChromisKitchenScreen-master/dist/lib/postgresql-9.4-1201.jdbc4.jar
7fcbc1e28000-7fcbc1e3a000 r--s 001fc000 00:22 57513173                   /home/fam/NetBeansProjects/ChromisKitchenScreen-master/dist/lib/ojdbc6.jar
7fcbc1e3a000-7fcbc1e44000 r--s 000e8000 00:22 57513172                   /home/fam/NetBeansProjects/ChromisKitchenScreen-master/dist/lib/mysql-connector-java-5.1.26-bin.jar
7fcbc1e44000-7fcbc1e60000 r--s 001c2000 00:22 57513170                   /home/fam/NetBeansProjects/ChromisKitchenScreen-master/dist/lib/liquibase.jar
7fcbc1e60000-7fcbc1ebf000 r--s 004ab000 00:22 57513162                   /home/fam/NetBeansProjects/ChromisKitchenScreen-master/dist/lib/hibernate-core-4.3.10.Final.jar
7fcbc1ebf000-7fcbc1ee0000 r--p 00000000 00:22 55205944                   /usr/share/locale/es/LC_MESSAGES/libc.mo
7fcbc1ee0000-7fcbc1f05000 r-xp 00000000 00:22 52911808                   /usr/lib64/liblzma.so.5.8.2
7fcbc1f05000-7fcbc1f14000 r--p 00025000 00:22 52911808                   /usr/lib64/liblzma.so.5.8.2
7fcbc1f14000-7fcbc1f15000 r--p 00033000 00:22 52911808                   /usr/lib64/liblzma.so.5.8.2
7fcbc1f15000-7fcbc1f16000 rw-p 00034000 00:22 52911808                   /usr/lib64/liblzma.so.5.8.2
7fcbc1f16000-7fcbc1fdf000 r-xp 00000000 00:22 52911771                   /usr/lib64/libzstd.so.1.5.7
7fcbc1fdf000-7fcbc1ffd000 r--p 000c9000 00:22 52911771                   /usr/lib64/libzstd.so.1.5.7
7fcbc1ffd000-7fcbc1fff000 r--p 000e6000 00:22 52911771                   /usr/lib64/libzstd.so.1.5.7
7fcbc1fff000-7fcbc2000000 rw-p 00000000 00:00 0 
7fcbc2000000-7fcbcfe92000 r--p 00000000 00:22 55205974                   /usr/lib/locale/locale-archive
7fcbcfe92000-7fcbcfe9c000 r--s 000a5000 00:22 57513166                   /home/fam/NetBeansProjects/ChromisKitchenScreen-master/dist/lib/javassist-3.18.1-GA.jar
7fcbcfe9c000-7fcbcfeaa000 r--s 0015a000 00:22 57513164                   /home/fam/NetBeansProjects/ChromisKitchenScreen-master/dist/lib/hsqldb.jar
7fcbcfeaa000-7fcbcff50000 r-xp 00000000 00:22 52914941                   /usr/lib64/libX11.so.6.4.0
7fcbcff50000-7fcbcfff9000 r--p 000a6000 00:22 52914941                   /usr/lib64/libX11.so.6.4.0
7fcbcfff9000-7fcbcfffc000 r--p 0014e000 00:22 52914941                   /usr/lib64/libX11.so.6.4.0
7fcbcfffc000-7fcbd0000000 rw-p 00151000 00:22 52914941                   /usr/lib64/libX11.so.6.4.0
7fcbd0000000-7fcbd0021000 rw-p 00000000 00:00 0 
7fcbd0021000-7fcbd4000000 ---p 00000000 00:00 0 
7fcbd4000000-7fcbd4021000 rw-p 00000000 00:00 0 
7fcbd4021000-7fcbd8000000 ---p 00000000 00:00 0 
7fcbd8000000-7fcbd8021000 rw-p 00000000 00:00 0 
7fcbd8021000-7fcbdc000000 ---p 00000000 00:00 0 
7fcbdc000000-7fcbdc021000 rw-p 00000000 00:00 0 
7fcbdc021000-7fcbe0000000 ---p 00000000 00:00 0 
7fcbe0000000-7fcbe0021000 rw-p 00000000 00:00 0 
7fcbe0021000-7fcbe4000000 ---p 00000000 00:00 0 
7fcbe4000000-7fcbe4001000 r--p 00000000 00:22 54805929                   /etc/dconf/db/site
7fcbe4001000-7fcbe4002000 r--p 00000000 00:22 54805928                   /etc/dconf/db/local
7fcbe4002000-7fcbe4004000 r--s 0000c000 00:22 57513167                   /home/fam/NetBeansProjects/ChromisKitchenScreen-master/dist/lib/jboss-logging-3.1.3.GA.jar
7fcbe4004000-7fcbe4006000 r--s 00011000 00:22 57513165                   /home/fam/NetBeansProjects/ChromisKitchenScreen-master/dist/lib/jandex-1.1.0.Final.jar
7fcbe4006000-7fcbe400b000 r--s 00017000 00:22 57513163                   /home/fam/NetBeansProjects/ChromisKitchenScreen-master/dist/lib/hibernate-jpa-2.1-api-1.0.0.Final.jar
7fcbe400b000-7fcbe4010000 r--s 00048000 00:22 57513159                   /home/fam/NetBeansProjects/ChromisKitchenScreen-master/dist/lib/dom4j-1.6.1.jar
7fcbe4010000-7fcbe401e000 r--s 00080000 00:22 57513171                   /home/fam/NetBeansProjects/ChromisKitchenScreen-master/dist/lib/mchange-commons-java-0.2.3.4.jar
7fcbe401e000-7fcbe4021000 ---p 00000000 00:00 0 
7fcbe4021000-7fcbe421f000 rw-p 00000000 00:00 0 
7fcbe421f000-7fcbe4222000 ---p 00000000 00:00 0 
7fcbe4222000-7fcbe4320000 rw-p 00000000 00:00 0 
7fcbe4320000-7fcbe4323000 ---p 00000000 00:00 0 
7fcbe4323000-7fcbe4420000 rw-p 00000000 00:00 0 
7fcbe4420000-7fcbec021000 rw-p 00000000 00:00 0 
7fcbec021000-7fcbf0000000 ---p 00000000 00:00 0 
7fcbf0000000-7fcbf0021000 rw-p 00000000 00:00 0 
7fcbf0021000-7fcbf4000000 ---p 00000000 00:00 0 
7fcbf4000000-7fcbf4021000 rw-p 00000000 00:00 0 
7fcbf4021000-7fcbf8000000 ---p 00000000 00:00 0 
7fcbf8000000-7fcbf8006000 r--s 0007e000 00:22 57513158                   /home/fam/NetBeansProjects/ChromisKitchenScreen-master/dist/lib/derbyclient.jar
7fcbf8006000-7fcbf800d000 r--s 00061000 00:22 57513157                   /home/fam/NetBeansProjects/ChromisKitchenScreen-master/dist/lib/c3p0-0.9.2.1.jar
7fcbf800d000-7fcbf8012000 r--s 00068000 00:22 57513156                   /home/fam/NetBeansProjects/ChromisKitchenScreen-master/dist/lib/antlr-2.7.7.jar
7fcbf8012000-7fcbf8016000 rw-s 10dacb000 00:11 2072                      anon_inode:i915.gem
7fcbf8016000-7fcbf801c000 rw-s 10020f000 00:11 2072                      anon_inode:i915.gem
7fcbf801c000-7fcbf8031000 r-xp 00000000 00:22 52911220                   /usr/lib64/libtinfo.so.6.6
7fcbf8031000-7fcbf8044000 r--p 00015000 00:22 52911220                   /usr/lib64/libtinfo.so.6.6
7fcbf8044000-7fcbf8048000 r--p 00028000 00:22 52911220                   /usr/lib64/libtinfo.so.6.6
7fcbf8048000-7fcbf8049000 rw-p 0002c000 00:22 52911220                   /usr/lib64/libtinfo.so.6.6
7fcbf8049000-7fcbf806c000 r-xp 00000000 00:22 52915268                   /usr/lib64/libedit.so.0.0.78
7fcbf806c000-7fcbf807f000 r--p 00023000 00:22 52915268                   /usr/lib64/libedit.so.0.0.78
7fcbf807f000-7fcbf8082000 r--p 00035000 00:22 52915268                   /usr/lib64/libedit.so.0.0.78
7fcbf8082000-7fcbf8083000 rw-p 00038000 00:22 52915268                   /usr/lib64/libedit.so.0.0.78
7fcbf8083000-7fcbf8086000 rw-p 00000000 00:00 0 
7fcbf8086000-7fcbf8091000 r-xp 00000000 00:22 52914192                   /usr/lib64/libffi.so.8.2.0
7fcbf8091000-7fcbf8094000 r--p 0000b000 00:22 52914192                   /usr/lib64/libffi.so.8.2.0
7fcbf8094000-7fcbf8095000 r--p 0000e000 00:22 52914192                   /usr/lib64/libffi.so.8.2.0
7fcbf8095000-7fcbf8096000 rw-p 0000f000 00:22 52914192                   /usr/lib64/libffi.so.8.2.0
7fcbf8096000-7fcbf80ae000 r-xp 00000000 00:22 53567575                   /usr/lib64/libdrm_intel.so.1.134.0
7fcbf80ae000-7fcbf80ba000 r--p 00018000 00:22 53567575                   /usr/lib64/libdrm_intel.so.1.134.0
7fcbf80ba000-7fcbf80bb000 r--p 00023000 00:22 53567575                   /usr/lib64/libdrm_intel.so.1.134.0
7fcbf80bb000-7fcbf80bc000 rw-p 00024000 00:22 53567575                   /usr/lib64/libdrm_intel.so.1.134.0
7fcbf80bc000-7fcbf80c3000 r-xp 00000000 00:22 53567573                   /usr/lib64/libdrm_amdgpu.so.1.134.0
7fcbf80c3000-7fcbf80c8000 r--p 00007000 00:22 53567573                   /usr/lib64/libdrm_amdgpu.so.1.134.0
7fcbf80c8000-7fcbf80c9000 r--p 0000b000 00:22 53567573                   /usr/lib64/libdrm_amdgpu.so.1.134.0
7fcbf80c9000-7fcbf80ca000 rw-p 00000000 00:00 0 
7fcbf80ca000-7fcbf80e7000 r-xp 00000000 00:22 52911739                   /usr/lib64/libz.so.1.3.1.zlib-ng
7fcbf80e7000-7fcbf80f2000 r--p 0001d000 00:22 52911739                   /usr/lib64/libz.so.1.3.1.zlib-ng
7fcbf80f2000-7fcbf80f3000 r--p 00027000 00:22 52911739                   /usr/lib64/libz.so.1.3.1.zlib-ng
7fcbf80f3000-7fcbf80f4000 rw-p 00028000 00:22 52911739                   /usr/lib64/libz.so.1.3.1.zlib-ng
7fcbf80f4000-7fcbf80f5000 rw-p 00000000 00:00 0 
7fcbf80f5000-7fcbf80f8000 ---p 00000000 00:00 0 
7fcbf80f8000-7fcbf81f6000 rw-p 00000000 00:00 0 
7fcbf81f6000-7fcbf81f9000 ---p 00000000 00:00 0 
7fcbf81f9000-7fcbf82f6000 rw-p 00000000 00:00 0 
7fcbf82f6000-7fcbf82f9000 ---p 00000000 00:00 0 
7fcbf82f9000-7fcbf83f6000 rw-p 00000000 00:00 0 
7fcbf83f6000-7fcbf83f9000 ---p 00000000 00:00 0 
7fcbf83f9000-7fcbf84f6000 rw-p 00000000 00:00 0 
7fcbf84f6000-7fcbf84f9000 ---p 00000000 00:00 0 
7fcbf84f9000-7fcbf86f7000 rw-p 00000000 00:00 0 
7fcbf86f7000-7fcbf9000000 rw-p 00000000 00:00 0 
7fcbf9000000-7fcbf9270000 rwxp 00000000 00:00 0 
7fcbf9270000-7fcc08000000 ---p 00000000 00:00 0 
7fcc08000000-7fcc08768000 rw-p 00000000 00:00 0 
7fcc08768000-7fcc0c000000 ---p 00000000 00:00 0 
7fcc0c000000-7fcc0c006000 r-xp 00000000 00:22 52919049                   /usr/lib64/libpciaccess.so.0.11.1
7fcc0c006000-7fcc0c009000 r--p 00006000 00:22 52919049                   /usr/lib64/libpciaccess.so.0.11.1
7fcc0c009000-7fcc0c00a000 r--p 00009000 00:22 52919049                   /usr/lib64/libpciaccess.so.0.11.1
7fcc0c00a000-7fcc0c00b000 rw-p 00000000 00:00 0 
7fcc0c00b000-7fcc0c01f000 r-xp 00000000 00:22 56035704                   /usr/lib64/libelf-0.196.so
7fcc0c01f000-7fcc0c026000 r--p 00014000 00:22 56035704                   /usr/lib64/libelf-0.196.so
7fcc0c026000-7fcc0c027000 r--p 0001b000 00:22 56035704                   /usr/lib64/libelf-0.196.so
7fcc0c027000-7fcc0c62e000 rw-p 00000000 00:00 0 
7fcc0c62e000-7fcc0c800000 r--s 03cde000 00:22 57114002                   /usr/lib/jvm/bellsoft-java8-full.x86_64/jre/lib/rt.jar
7fcc0c800000-7fcc0cd40000 rw-p 00000000 00:00 0 
7fcc0cd40000-7fcc0d000000 ---p 00000000 00:00 0 
7fcc0d000000-7fcc0d006000 r-xp 00000000 00:22 52914902                   /usr/lib64/libxcb-randr.so.0.1.0
7fcc0d006000-7fcc0d010000 r--p 00006000 00:22 52914902                   /usr/lib64/libxcb-randr.so.0.1.0
7fcc0d010000-7fcc0d011000 r--p 00010000 00:22 52914902                   /usr/lib64/libxcb-randr.so.0.1.0
7fcc0d011000-7fcc0d012000 rw-p 00011000 00:22 52914902                   /usr/lib64/libxcb-randr.so.0.1.0
7fcc0d012000-7fcc0d01a000 r-xp 00000000 00:22 52928029                   /usr/lib64/libsensors.so.4.5.0
7fcc0d01a000-7fcc0d01f000 r--p 00008000 00:22 52928029                   /usr/lib64/libsensors.so.4.5.0
7fcc0d01f000-7fcc0d020000 r--p 0000d000 00:22 52928029                   /usr/lib64/libsensors.so.4.5.0
7fcc0d020000-7fcc0d021000 rw-p 0000e000 00:22 52928029                   /usr/lib64/libsensors.so.4.5.0
7fcc0d021000-7fcc0d045000 r-xp 00000000 00:22 56034481                   /usr/lib64/libgcc_s-16-20260819.so.1
7fcc0d045000-7fcc0d04c000 r--p 00024000 00:22 56034481                   /usr/lib64/libgcc_s-16-20260819.so.1
7fcc0d04c000-7fcc0d04d000 r--p 0002b000 00:22 56034481                   /usr/lib64/libgcc_s-16-20260819.so.1
7fcc0d04d000-7fcc0d04e000 rw-p 00000000 00:00 0 
7fcc0d04e000-7fcc0d06f000 r-xp 00000000 00:22 56034555                   /usr/lib64/libexpat.so.1.12.3
7fcc0d06f000-7fcc0d079000 r--p 00021000 00:22 56034555                   /usr/lib64/libexpat.so.1.12.3
7fcc0d079000-7fcc0d07b000 r--p 0002b000 00:22 56034555                   /usr/lib64/libexpat.so.1.12.3
7fcc0d07b000-7fcc0d07c000 rw-p 00000000 00:00 0 
7fcc0d07c000-7fcc0d085000 r-xp 00000000 00:22 52914898                   /usr/lib64/libxcb-glx.so.0.0.0
7fcc0d085000-7fcc0d095000 r--p 00009000 00:22 52914898                   /usr/lib64/libxcb-glx.so.0.0.0
7fcc0d095000-7fcc0d097000 r--p 00019000 00:22 52914898                   /usr/lib64/libxcb-glx.so.0.0.0
7fcc0d097000-7fcc0d098000 rw-p 0001b000 00:22 52914898                   /usr/lib64/libxcb-glx.so.0.0.0
7fcc0d098000-7fcc0d856000 rw-p 00000000 00:00 0 
7fcc0d856000-7fcc0d957000 rw-p 00000000 00:00 0 
7fcc0d957000-7fcc0d9aa000 rw-p 00000000 00:00 0 
7fcc0d9aa000-7fcc0de81000 ---p 00000000 00:00 0 
7fcc0de81000-7fcc0ded4000 rw-p 00000000 00:00 0 
7fcc0ded4000-7fcc0e3aa000 ---p 00000000 00:00 0 
7fcc0e3aa000-7fcc0e3d4000 rw-p 00000000 00:00 0 
7fcc0e3d4000-7fcc0e63f000 ---p 00000000 00:00 0 
7fcc0e63f000-7fcc0e64a000 rw-p 00000000 00:00 0 
7fcc0e64a000-7fcc0ea00000 ---p 00000000 00:00 0 
7fcc0ea00000-7fcc0ea1b000 r-xp 00000000 00:22 57113929                   /usr/lib/jvm/bellsoft-java8-full.x86_64/jre/lib/amd64/libzip.so
7fcc0ea1b000-7fcc0ec1b000 ---p 0001b000 00:22 57113929                   /usr/lib/jvm/bellsoft-java8-full.x86_64/jre/lib/amd64/libzip.so
7fcc0ec1b000-7fcc0ec1c000 r--p 0001b000 00:22 57113929                   /usr/lib/jvm/bellsoft-java8-full.x86_64/jre/lib/amd64/libzip.so
7fcc0ec1c000-7fcc0ec1d000 rw-p 0001c000 00:22 57113929                   /usr/lib/jvm/bellsoft-java8-full.x86_64/jre/lib/amd64/libzip.so
7fcc0ec1d000-7fcc0ec23000 rw-s 106584000 00:11 2072                      anon_inode:i915.gem
7fcc0ec23000-7fcc0ec26000 r-xp 00000000 00:22 52914916                   /usr/lib64/libxcb-sync.so.1.0.0
7fcc0ec26000-7fcc0ec29000 r--p 00003000 00:22 52914916                   /usr/lib64/libxcb-sync.so.1.0.0
7fcc0ec29000-7fcc0ec2a000 r--p 00006000 00:22 52914916                   /usr/lib64/libxcb-sync.so.1.0.0
7fcc0ec2a000-7fcc0ec2b000 rw-p 00007000 00:22 52914916                   /usr/lib64/libxcb-sync.so.1.0.0
7fcc0ec2b000-7fcc0ec6d000 r-xp 00000000 00:22 56759246                   /usr/lib64/libGLX_mesa.so.0.0.0
7fcc0ec6d000-7fcc0ec82000 r--p 00042000 00:22 56759246                   /usr/lib64/libGLX_mesa.so.0.0.0
7fcc0ec82000-7fcc0ec86000 r--p 00056000 00:22 56759246                   /usr/lib64/libGLX_mesa.so.0.0.0
7fcc0ec86000-7fcc0ec87000 rw-p 0005a000 00:22 56759246                   /usr/lib64/libGLX_mesa.so.0.0.0
7fcc0ec87000-7fcc0ecc6000 r-xp 00000000 00:22 52919041                   /usr/lib64/libGLdispatch.so.0.0.0
7fcc0ecc6000-7fcc0ecda000 r--p 0003f000 00:22 52919041                   /usr/lib64/libGLdispatch.so.0.0.0
7fcc0ecda000-7fcc0ecf6000 r--p 00053000 00:22 52919041                   /usr/lib64/libGLdispatch.so.0.0.0
7fcc0ecf6000-7fcc0ecf7000 rw-p 0006f000 00:22 52919041                   /usr/lib64/libGLdispatch.so.0.0.0
7fcc0ecf7000-7fcc0ecff000 rw-p 00000000 00:00 0 
7fcc0ecff000-7fcc0ee00000 rw-p 00000000 00:00 0 
7fcc0ee00000-7fcc0ee2a000 r-xp 00000000 00:22 57113898                   /usr/lib/jvm/bellsoft-java8-full.x86_64/jre/lib/amd64/libjava.so
7fcc0ee2a000-7fcc0f029000 ---p 0002a000 00:22 57113898                   /usr/lib/jvm/bellsoft-java8-full.x86_64/jre/lib/amd64/libjava.so
7fcc0f029000-7fcc0f02a000 r--p 00029000 00:22 57113898                   /usr/lib/jvm/bellsoft-java8-full.x86_64/jre/lib/amd64/libjava.so
7fcc0f02a000-7fcc0f02c000 rw-p 0002a000 00:22 57113898                   /usr/lib/jvm/bellsoft-java8-full.x86_64/jre/lib/amd64/libjava.so
7fcc0f02c000-7fcc0f02d000 r--s 00000000 00:51 7307                       /run/user/1000/dconf/user
7fcc0f02d000-7fcc0f031000 rw-s 10b6f4000 00:11 2072                      anon_inode:i915.gem
7fcc0f031000-7fcc0f03d000 r-xp 00000000 00:22 53567571                   /usr/lib64/libdrm.so.2.134.0
7fcc0f03d000-7fcc0f045000 r--p 0000c000 00:22 53567571                   /usr/lib64/libdrm.so.2.134.0
7fcc0f045000-7fcc0f046000 r--p 00014000 00:22 53567571                   /usr/lib64/libdrm.so.2.134.0
7fcc0f046000-7fcc0f047000 rw-p 00000000 00:00 0 
7fcc0f047000-7fcc0f062000 r-xp 00000000 00:22 52929019                   /usr/lib64/libGLX.so.0.0.0
7fcc0f062000-7fcc0f066000 r--p 0001b000 00:22 52929019                   /usr/lib64/libGLX.so.0.0.0
7fcc0f066000-7fcc0f067000 r--p 0001f000 00:22 52929019                   /usr/lib64/libGLX.so.0.0.0
7fcc0f067000-7fcc0f068000 rw-p 00020000 00:22 52929019                   /usr/lib64/libGLX.so.0.0.0
7fcc0f068000-7fcc0f078000 rw-p 00000000 00:00 0 
7fcc0f078000-7fcc0f084000 r-xp 00000000 00:22 52914945                   /usr/lib64/libXext.so.6.4.0
7fcc0f084000-7fcc0f08a000 r--p 0000c000 00:22 52914945                   /usr/lib64/libXext.so.6.4.0
7fcc0f08a000-7fcc0f08b000 r--p 00011000 00:22 52914945                   /usr/lib64/libXext.so.6.4.0
7fcc0f08b000-7fcc0f08c000 rw-p 00012000 00:22 52914945                   /usr/lib64/libXext.so.6.4.0
7fcc0f08c000-7fcc0f0ac000 r-xp 00000000 00:22 52929017                   /usr/lib64/libGL.so.1.7.0
7fcc0f0ac000-7fcc0f0ef000 r--p 00020000 00:22 52929017                   /usr/lib64/libGL.so.1.7.0
7fcc0f0ef000-7fcc0f0fd000 r--p 00063000 00:22 52929017                   /usr/lib64/libGL.so.1.7.0
7fcc0f0fd000-7fcc0f0fe000 rw-p 00071000 00:22 52929017                   /usr/lib64/libGL.so.1.7.0
7fcc0f0fe000-7fcc0f0ff000 rw-p 00000000 00:00 0 
7fcc0f0ff000-7fcc0f200000 rw-p 00000000 00:00 0 
7fcc0f200000-7fcc0f20d000 r-xp 00000000 00:22 57113928                   /usr/lib/jvm/bellsoft-java8-full.x86_64/jre/lib/amd64/libverify.so
7fcc0f20d000-7fcc0f40c000 ---p 0000d000 00:22 57113928                   /usr/lib/jvm/bellsoft-java8-full.x86_64/jre/lib/amd64/libverify.so
7fcc0f40c000-7fcc0f40e000 r--p 0000c000 00:22 57113928                   /usr/lib/jvm/bellsoft-java8-full.x86_64/jre/lib/amd64/libverify.so
7fcc0f40e000-7fcc0f40f000 rw-p 0000e000 00:22 57113928                   /usr/lib/jvm/bellsoft-java8-full.x86_64/jre/lib/amd64/libverify.so
7fcc0f40f000-7fcc0f412000 r--s 00010000 00:22 57513161                   /home/fam/NetBeansProjects/ChromisKitchenScreen-master/dist/lib/hibernate-commons-annotations-4.0.5.Final.jar
7fcc0f412000-7fcc0f413000 r-xp 00000000 00:22 52919074                   /usr/lib64/libxshmfence.so.1.0.0
7fcc0f413000-7fcc0f414000 r--p 00001000 00:22 52919074                   /usr/lib64/libxshmfence.so.1.0.0
7fcc0f414000-7fcc0f415000 r--p 00001000 00:22 52919074                   /usr/lib64/libxshmfence.so.1.0.0
7fcc0f415000-7fcc0f416000 rw-p 00002000 00:22 52919074                   /usr/lib64/libxshmfence.so.1.0.0
7fcc0f416000-7fcc0f419000 r-xp 00000000 00:22 52914920                   /usr/lib64/libxcb-xfixes.so.0.0.0
7fcc0f419000-7fcc0f41d000 r--p 00003000 00:22 52914920                   /usr/lib64/libxcb-xfixes.so.0.0.0
7fcc0f41d000-7fcc0f41e000 r--p 00007000 00:22 52914920                   /usr/lib64/libxcb-xfixes.so.0.0.0
7fcc0f41e000-7fcc0f41f000 rw-p 00008000 00:22 52914920                   /usr/lib64/libxcb-xfixes.so.0.0.0
7fcc0f41f000-7fcc0f4b1000 r--s 01406000 00:22 57113950                   /usr/lib/jvm/bellsoft-java8-full.x86_64/jre/lib/ext/jfxrt.jar
7fcc0f4b1000-7fcc0f4ff000 rw-p 00000000 00:00 0 
7fcc0f4ff000-7fcc0f600000 rw-p 00000000 00:00 0 
7fcc0f600000-7fcc10363000 r-xp 00000000 00:22 57113933                   /usr/lib/jvm/bellsoft-java8-full.x86_64/jre/lib/amd64/server/libjvm.so
7fcc10363000-7fcc10563000 ---p 00d63000 00:22 57113933                   /usr/lib/jvm/bellsoft-java8-full.x86_64/jre/lib/amd64/server/libjvm.so
7fcc10563000-7fcc105fa000 r--p 00d63000 00:22 57113933                   /usr/lib/jvm/bellsoft-java8-full.x86_64/jre/lib/amd64/server/libjvm.so
7fcc105fa000-7fcc10623000 rw-p 00dfa000 00:22 57113933                   /usr/lib/jvm/bellsoft-java8-full.x86_64/jre/lib/amd64/server/libjvm.so
7fcc10623000-7fcc10656000 rw-p 00000000 00:00 0 
7fcc10656000-7fcc10657000 r--s 00006000 00:22 57513169                   /home/fam/NetBeansProjects/ChromisKitchenScreen-master/dist/lib/jboss-transaction-api_1.2_spec-1.0.0.Final.jar
7fcc10657000-7fcc10658000 r-xp 00000000 00:22 52914900                   /usr/lib64/libxcb-present.so.0.0.0
7fcc10658000-7fcc1065a000 r--p 00001000 00:22 52914900                   /usr/lib64/libxcb-present.so.0.0.0
7fcc1065a000-7fcc1065b000 r--p 00002000 00:22 52914900                   /usr/lib64/libxcb-present.so.0.0.0
7fcc1065b000-7fcc1065c000 rw-p 00003000 00:22 52914900                   /usr/lib64/libxcb-present.so.0.0.0
7fcc1065c000-7fcc1065e000 r-xp 00000000 00:22 52914896                   /usr/lib64/libxcb-dri3.so.0.1.0
7fcc1065e000-7fcc10660000 r--p 00002000 00:22 52914896                   /usr/lib64/libxcb-dri3.so.0.1.0
7fcc10660000-7fcc10661000 r--p 00004000 00:22 52914896                   /usr/lib64/libxcb-dri3.so.0.1.0
7fcc10661000-7fcc10662000 rw-p 00005000 00:22 52914896                   /usr/lib64/libxcb-dri3.so.0.1.0
7fcc10662000-7fcc10663000 r-xp 00000000 00:22 52914914                   /usr/lib64/libxcb-shm.so.0.0.0
7fcc10663000-7fcc10664000 r--p 00001000 00:22 52914914                   /usr/lib64/libxcb-shm.so.0.0.0
7fcc10664000-7fcc10665000 r--p 00002000 00:22 52914914                   /usr/lib64/libxcb-shm.so.0.0.0
7fcc10665000-7fcc10666000 rw-p 00003000 00:22 52914914                   /usr/lib64/libxcb-shm.so.0.0.0
7fcc10666000-7fcc1067a000 r-xp 00000000 00:22 52914936                   /usr/lib64/libxcb.so.1.1.0
7fcc1067a000-7fcc1068e000 r--p 00014000 00:22 52914936                   /usr/lib64/libxcb.so.1.1.0
7fcc1068e000-7fcc1068f000 r--p 00028000 00:22 52914936                   /usr/lib64/libxcb.so.1.1.0
7fcc1068f000-7fcc10690000 rw-p 00029000 00:22 52914936                   /usr/lib64/libxcb.so.1.1.0
7fcc10690000-7fcc10706000 rw-p 00000000 00:00 0 
7fcc10706000-7fcc10707000 rw-p 00000000 00:00 0 
7fcc10707000-7fcc1070a000 ---p 00000000 00:00 0 
7fcc1070a000-7fcc10807000 rw-p 00000000 00:00 0 
7fcc10807000-7fcc10979000 r-xp 00000000 00:22 55205378                   /usr/lib64/libc.so.6
7fcc10979000-7fcc109f2000 r--p 00172000 00:22 55205378                   /usr/lib64/libc.so.6
7fcc109f2000-7fcc109f6000 r--p 001eb000 00:22 55205378                   /usr/lib64/libc.so.6
7fcc109f6000-7fcc109f8000 rw-p 001ef000 00:22 55205378                   /usr/lib64/libc.so.6
7fcc109f8000-7fcc10a00000 rw-p 00000000 00:00 0 
7fcc10a00000-7fcc10a18000 r-xp 00000000 00:22 57114020                   /usr/lib/jvm/bellsoft-java8-full.x86_64/lib/amd64/jli/libjli.so
7fcc10a18000-7fcc10c17000 ---p 00018000 00:22 57114020                   /usr/lib/jvm/bellsoft-java8-full.x86_64/lib/amd64/jli/libjli.so
7fcc10c17000-7fcc10c18000 r--p 00017000 00:22 57114020                   /usr/lib/jvm/bellsoft-java8-full.x86_64/lib/amd64/jli/libjli.so
7fcc10c18000-7fcc10c19000 rw-p 00018000 00:22 57114020                   /usr/lib/jvm/bellsoft-java8-full.x86_64/lib/amd64/jli/libjli.so
7fcc10c19000-7fcc10c1a000 r--s 00002000 00:22 57513168                   /home/fam/NetBeansProjects/ChromisKitchenScreen-master/dist/lib/jboss-logging-annotations-1.2.0.Beta1.jar
7fcc10c1a000-7fcc10c1c000 rw-s 10f836000 00:11 2072                      anon_inode:i915.gem
7fcc10c1c000-7fcc10c1d000 r-xp 00000000 00:22 52914405                   /usr/lib64/libX11-xcb.so.1.0.0
7fcc10c1d000-7fcc10c1e000 r--p 00001000 00:22 52914405                   /usr/lib64/libX11-xcb.so.1.0.0
7fcc10c1e000-7fcc10c1f000 r--p 00001000 00:22 52914405                   /usr/lib64/libX11-xcb.so.1.0.0
7fcc10c1f000-7fcc10c20000 rw-p 00000000 00:00 0 
7fcc10c20000-7fcc10c21000 r--s 00009000 00:22 57513160                   /home/fam/NetBeansProjects/ChromisKitchenScreen-master/dist/lib/hibernate-c3p0-4.3.10.Final.jar
7fcc10c21000-7fcc10c25000 rw-s 102539000 00:11 2072                      anon_inode:i915.gem
7fcc10c25000-7fcc10c2b000 rw-s 10581a000 00:11 2072                      anon_inode:i915.gem
7fcc10c2b000-7fcc10c2c000 rw-s 1048ce000 00:11 2072                      anon_inode:i915.gem
7fcc10c2c000-7fcc10c30000 rw-s 1114b1000 00:11 2072                      anon_inode:i915.gem
7fcc10c30000-7fcc10c36000 rw-s 104a4d000 00:11 2072                      anon_inode:i915.gem
7fcc10c36000-7fcc10c37000 rw-s 107ab7000 00:11 2072                      anon_inode:i915.gem
7fcc10c37000-7fcc10c3b000 rw-s 138d55000 00:11 2072                      anon_inode:i915.gem
7fcc10c3b000-7fcc10c42000 r--s 00000000 00:22 55292810                   /usr/lib64/gconv/gconv-modules.cache
7fcc10c42000-7fcc10ceb000 rw-p 00000000 00:00 0 
7fcc10ceb000-7fcc10cec000 r-xp 00000000 00:22 55205388                   /usr/lib64/librt.so.1
7fcc10cec000-7fcc10ced000 r--p 00001000 00:22 55205388                   /usr/lib64/librt.so.1
7fcc10ced000-7fcc10cee000 r--p 00001000 00:22 55205388                   /usr/lib64/librt.so.1
7fcc10cee000-7fcc10cef000 rw-p 00000000 00:00 0 
7fcc10cef000-7fcc10d7e000 r-xp 00000000 00:22 55205380                   /usr/lib64/libm.so.6
7fcc10d7e000-7fcc10e04000 r--p 0008f000 00:22 55205380                   /usr/lib64/libm.so.6
7fcc10e04000-7fcc10e05000 r--p 00114000 00:22 55205380                   /usr/lib64/libm.so.6
7fcc10e05000-7fcc10e06000 rw-p 00115000 00:22 55205380                   /usr/lib64/libm.so.6
7fcc10e06000-7fcc10e08000 rw-p 00000000 00:00 0 
7fcc10e08000-7fcc10e09000 r-xp 00000000 00:22 55205379                   /usr/lib64/libdl.so.2
7fcc10e09000-7fcc10e0a000 r--p 00001000 00:22 55205379                   /usr/lib64/libdl.so.2
7fcc10e0a000-7fcc10e0b000 r--p 00001000 00:22 55205379                   /usr/lib64/libdl.so.2
7fcc10e0b000-7fcc10e0c000 rw-p 00000000 00:00 0 
7fcc10e0c000-7fcc10e0d000 r-xp 00000000 00:22 55205386                   /usr/lib64/libpthread.so.0
7fcc10e0d000-7fcc10e0e000 r--p 00001000 00:22 55205386                   /usr/lib64/libpthread.so.0
7fcc10e0e000-7fcc10e0f000 r--p 00001000 00:22 55205386                   /usr/lib64/libpthread.so.0
7fcc10e0f000-7fcc10e10000 rw-p 00000000 00:00 0 
7fcc10e10000-7fcc10e11000 rw-s 10a133000 00:11 2072                      anon_inode:i915.gem
7fcc10e11000-7fcc10e12000 rw-p 00000000 00:00 0 
7fcc10e12000-7fcc10e13000 rw-p 00000000 00:00 0 
7fcc10e13000-7fcc10e15000 r-xp 00000000 00:22 52914853                   /usr/lib64/libXau.so.6.0.0
7fcc10e15000-7fcc10e16000 r--p 00002000 00:22 52914853                   /usr/lib64/libXau.so.6.0.0
7fcc10e16000-7fcc10e17000 r--p 00003000 00:22 52914853                   /usr/lib64/libXau.so.6.0.0
7fcc10e17000-7fcc10e18000 rw-p 00000000 00:00 0 
7fcc10e18000-7fcc10e1b000 r-xp 00000000 00:22 52924629                   /usr/lib64/libXxf86vm.so.1.0.0
7fcc10e1b000-7fcc10e1d000 r--p 00003000 00:22 52924629                   /usr/lib64/libXxf86vm.so.1.0.0
7fcc10e1d000-7fcc10e1e000 r--p 00004000 00:22 52924629                   /usr/lib64/libXxf86vm.so.1.0.0
7fcc10e1e000-7fcc10e1f000 rw-p 00005000 00:22 52924629                   /usr/lib64/libXxf86vm.so.1.0.0
7fcc10e1f000-7fcc10e21000 r--s 00026000 00:22 57513153                   /home/fam/NetBeansProjects/ChromisKitchenScreen-master/dist/Chromis_Kitchen_Scr.jar
7fcc10e21000-7fcc10e28000 r--s 000d3000 00:22 57113984                   /usr/lib/jvm/bellsoft-java8-full.x86_64/jre/lib/jfr.jar
7fcc10e28000-7fcc10e30000 rw-s 00000000 00:32 36042                      /tmp/hsperfdata_fam/205433
7fcc10e30000-7fcc10e31000 rw-p 00000000 00:00 0 
7fcc10e31000-7fcc10e32000 r--p 00000000 00:00 0 
7fcc10e32000-7fcc10e34000 rw-p 00000000 00:00 0 
7fcc10e34000-7fcc10e38000 r--p 00000000 00:00 0                          [vvar]
7fcc10e38000-7fcc10e3a000 r--p 00000000 00:00 0                          [vvar_vclock]
7fcc10e3a000-7fcc10e3c000 r-xp 00000000 00:00 0                          [vdso]
7fcc10e3c000-7fcc10e67000 r-xp 00000000 00:22 55205375                   /usr/lib64/ld-linux-x86-64.so.2
7fcc10e67000-7fcc10e73000 r--p 0002b000 00:22 55205375                   /usr/lib64/ld-linux-x86-64.so.2
7fcc10e73000-7fcc10e75000 r--p 00037000 00:22 55205375                   /usr/lib64/ld-linux-x86-64.so.2
7fcc10e75000-7fcc10e76000 rw-p 00039000 00:22 55205375                   /usr/lib64/ld-linux-x86-64.so.2
7fcc10e76000-7fcc10e77000 rw-p 00000000 00:00 0 
7fffbd674000-7fffbd695000 rw-p 00000000 00:00 0                          [stack]
ffffffffff600000-ffffffffff601000 --xp 00000000 00:00 0                  [vsyscall]

VM Arguments:
jvm_args: -Dconfig.file=/home/fam/chromis.properties 
java_command: dist/Chromis_Kitchen_Scr.jar
java_class_path (initial): dist/Chromis_Kitchen_Scr.jar
Launcher Type: SUN_STANDARD

Environment Variables:
JAVA_HOME=/usr/lib/jvm/bellsoft-java8-full.x86_64
PATH=/home/fam/.local/bin:/home/fam/bin:/usr/local/sbin:/usr/local/bin:/usr/sbin:/usr/bin
USERNAME=fam
SHELL=/bin/bash
DISPLAY=:0

Signal Handlers:
SIGSEGV: [libjvm.so+0xb41ce0], sa_mask[0]=11111111011111111101111111111110, sa_flags=SA_RESTART|SA_SIGINFO
SIGBUS: [libjvm.so+0xb41ce0], sa_mask[0]=11111111011111111101111111111110, sa_flags=SA_RESTART|SA_SIGINFO
SIGFPE: [libjvm.so+0x969ed0], sa_mask[0]=11111111011111111101111111111110, sa_flags=SA_RESTART|SA_SIGINFO
SIGPIPE: SIG_IGN, sa_mask[0]=00000000000010000000000000000000, sa_flags=SA_RESTART
SIGXFSZ: [libjvm.so+0x969ed0], sa_mask[0]=11111111011111111101111111111110, sa_flags=SA_RESTART|SA_SIGINFO
SIGILL: [libjvm.so+0x969ed0], sa_mask[0]=11111111011111111101111111111110, sa_flags=SA_RESTART|SA_SIGINFO
SIGUSR1: SIG_DFL, sa_mask[0]=00000000000000000000000000000000, sa_flags=none
SIGUSR2: [libjvm.so+0x96a580], sa_mask[0]=00000000000000000000000000000000, sa_flags=SA_RESTART|SA_SIGINFO
SIGHUP: [libjvm.so+0x96a4c0], sa_mask[0]=11111111011111111101111111111110, sa_flags=SA_RESTART|SA_SIGINFO
SIGINT: [libjvm.so+0x96a4c0], sa_mask[0]=11111111011111111101111111111110, sa_flags=SA_RESTART|SA_SIGINFO
SIGTERM: [libjvm.so+0x96a4c0], sa_mask[0]=11111111011111111101111111111110, sa_flags=SA_RESTART|SA_SIGINFO
SIGQUIT: [libjvm.so+0x96a4c0], sa_mask[0]=11111111011111111101111111111110, sa_flags=SA_RESTART|SA_SIGINFO


---------------  S Y S T E M  ---------------

OS:Fedora release 44 (Forty Four)

uname:Linux 7.2.7-200.fc44.x86_64 #1 SMP PREEMPT_DYNAMIC Mon Sep 21 18:25:57 UTC 2026 x86_64
libc:glibc 2.43 NPTL 2.43 
rlimit: STACK 8192k, CORE infinity, NPROC 63160, NOFILE 1048576, AS infinity
load average:1.07 0.87 0.78

/proc/meminfo:
MemTotal:       16233576 kB
MemFree:         1483640 kB
MemAvailable:    8714932 kB
Buffers:           35096 kB
Cached:          7848312 kB
SwapCached:         1540 kB
Active:          3739988 kB
Inactive:        8247636 kB
Active(anon):    3183276 kB
Inactive(anon):  2474796 kB
Active(file):     556712 kB
Inactive(file):  5772840 kB
Unevictable:      416724 kB
Mlocked:            5952 kB
SwapTotal:       8388604 kB
SwapFree:        6609008 kB
Zswap:                 0 kB
Zswapped:              0 kB
Dirty:              2004 kB
Writeback:             0 kB
AnonPages:       4519272 kB
Mapped:           660376 kB
Shmem:           1548556 kB
KReclaimable:    1237336 kB
Slab:            1628932 kB
SReclaimable:    1237336 kB
SUnreclaim:       391596 kB
KernelStack:       17392 kB
PageTables:        80028 kB
SecPageTables:         0 kB
NFS_Unstable:          0 kB
Bounce:                0 kB
WritebackTmp:          0 kB
CommitLimit:    16505392 kB
Committed_AS:   26435328 kB
VmallocTotal:   34359738367 kB
VmallocUsed:       74592 kB
VmallocChunk:          0 kB
Percpu:             4544 kB
HardwareCorrupted:     0 kB
AnonHugePages:         0 kB
ShmemHugePages:        0 kB
ShmemPmdMapped:        0 kB
FileHugePages:         0 kB
FilePmdMapped:         0 kB
CmaTotal:              0 kB
CmaFree:               0 kB
Unaccepted:            0 kB
Balloon:               0 kB
GPUActive:             0 kB
GPUReclaim:            0 kB
HugePages_Total:       0
HugePages_Free:        0
HugePages_Rsvd:        0
HugePages_Surp:        0
Hugepagesize:       2048 kB
Hugetlb:               0 kB
DirectMap4k:      175944 kB
DirectMap2M:    16472064 kB


CPU:total 4 (initial active 4) (2 cores per cpu, 2 threads per core) family 6 model 58 stepping 9, cmov, cx8, fxsr, mmx, sse, sse2, sse3, ssse3, sse4.1, sse4.2, popcnt, avx, clmul, erms, ht, tsc, tscinvbit, tscinv

/proc/cpuinfo:
processor	: 0
vendor_id	: GenuineIntel
cpu family	: 6
model		: 58
model name	: Intel(R) Core(TM) i3-3220 CPU @ 3.30GHz
stepping	: 9
microcode	: 0x21
cpu MHz		: 3292.527
cache size	: 3072 KB
physical id	: 0
siblings	: 4
core id		: 0
cpu cores	: 2
apicid		: 0
initial apicid	: 0
fpu		: yes
fpu_exception	: yes
cpuid level	: 13
wp		: yes
flags		: fpu vme de pse tsc msr pae mce cx8 apic sep mtrr pge mca cmov pat pse36 clflush dts acpi mmx fxsr sse sse2 ss ht tm pbe syscall nx rdtscp lm constant_tsc arch_perfmon pebs bts rep_good nopl xtopology nonstop_tsc cpuid aperfmperf pni pclmulqdq dtes64 monitor ds_cpl vmx est tm2 ssse3 cx16 xtpr pdcm pcid sse4_1 sse4_2 popcnt tsc_deadline_timer xsave avx f16c lahf_lm cpuid_fault epb pti ssbd ibrs ibpb stibp tpr_shadow flexpriority ept vpid fsgsbase smep erms xsaveopt dtherm arat pln pts vnmi md_clear flush_l1d
vmx flags	: vnmi preemption_timer invvpid ept_x_only flexpriority tsc_offset vtpr mtf vapic ept vpid unrestricted_guest
bugs		: cpu_meltdown spectre_v1 spectre_v2 spec_store_bypass l1tf mds swapgs itlb_multihit spectre_v2_user vmscape
bogomips	: 6585.01
clflush size	: 64
cache_alignment	: 64
address sizes	: 36 bits physical, 48 bits virtual
power management:

processor	: 1
vendor_id	: GenuineIntel
cpu family	: 6
model		: 58
model name	: Intel(R) Core(TM) i3-3220 CPU @ 3.30GHz
stepping	: 9
microcode	: 0x21
cpu MHz		: 3292.517
cache size	: 3072 KB
physical id	: 0
siblings	: 4
core id		: 1
cpu cores	: 2
apicid		: 2
initial apicid	: 2
fpu		: yes
fpu_exception	: yes
cpuid level	: 13
wp		: yes
flags		: fpu vme de pse tsc msr pae mce cx8 apic sep mtrr pge mca cmov pat pse36 clflush dts acpi mmx fxsr sse sse2 ss ht tm pbe syscall nx rdtscp lm constant_tsc arch_perfmon pebs bts rep_good nopl xtopology nonstop_tsc cpuid aperfmperf pni pclmulqdq dtes64 monitor ds_cpl vmx est tm2 ssse3 cx16 xtpr pdcm pcid sse4_1 sse4_2 popcnt tsc_deadline_timer xsave avx f16c lahf_lm cpuid_fault epb pti ssbd ibrs ibpb stibp tpr_shadow flexpriority ept vpid fsgsbase smep erms xsaveopt dtherm arat pln pts vnmi md_clear flush_l1d
vmx flags	: vnmi preemption_timer invvpid ept_x_only flexpriority tsc_offset vtpr mtf vapic ept vpid unrestricted_guest
bugs		: cpu_meltdown spectre_v1 spectre_v2 spec_store_bypass l1tf mds swapgs itlb_multihit spectre_v2_user vmscape
bogomips	: 6585.01
clflush size	: 64
cache_alignment	: 64
address sizes	: 36 bits physical, 48 bits virtual
power management:

processor	: 2
vendor_id	: GenuineIntel
cpu family	: 6
model		: 58
model name	: Intel(R) Core(TM) i3-3220 CPU @ 3.30GHz
stepping	: 9
microcode	: 0x21
cpu MHz		: 3292.521
cache size	: 3072 KB
physical id	: 0
siblings	: 4
core id		: 0
cpu cores	: 2
apicid		: 1
initial apicid	: 1
fpu		: yes
fpu_exception	: yes
cpuid level	: 13
wp		: yes
flags		: fpu vme de pse tsc msr pae mce cx8 apic sep mtrr pge mca cmov pat pse36 clflush dts acpi mmx fxsr sse sse2 ss ht tm pbe syscall nx rdtscp lm constant_tsc arch_perfmon pebs bts rep_good nopl xtopology nonstop_tsc cpuid aperfmperf pni pclmulqdq dtes64 monitor ds_cpl vmx est tm2 ssse3 cx16 xtpr pdcm pcid sse4_1 sse4_2 popcnt tsc_deadline_timer xsave avx f16c lahf_lm cpuid_fault epb pti ssbd ibrs ibpb stibp tpr_shadow flexpriority ept vpid fsgsbase smep erms xsaveopt dtherm arat pln pts vnmi md_clear flush_l1d
vmx flags	: vnmi preemption_timer invvpid ept_x_only flexpriority tsc_offset vtpr mtf vapic ept vpid unrestricted_guest
bugs		: cpu_meltdown spectre_v1 spectre_v2 spec_store_bypass l1tf mds swapgs itlb_multihit spectre_v2_user vmscape
bogomips	: 6585.01
clflush size	: 64
cache_alignment	: 64
address sizes	: 36 bits physical, 48 bits virtual
power management:

processor	: 3
vendor_id	: GenuineIntel
cpu family	: 6
model		: 58
model name	: Intel(R) Core(TM) i3-3220 CPU @ 3.30GHz
stepping	: 9
microcode	: 0x21
cpu MHz		: 3292.519
cache size	: 3072 KB
physical id	: 0
siblings	: 4
core id		: 1
cpu cores	: 2
apicid		: 3
initial apicid	: 3
fpu		: yes
fpu_exception	: yes
cpuid level	: 13
wp		: yes
flags		: fpu vme de pse tsc msr pae mce cx8 apic sep mtrr pge mca cmov pat pse36 clflush dts acpi mmx fxsr sse sse2 ss ht tm pbe syscall nx rdtscp lm constant_tsc arch_perfmon pebs bts rep_good nopl xtopology nonstop_tsc cpuid aperfmperf pni pclmulqdq dtes64 monitor ds_cpl vmx est tm2 ssse3 cx16 xtpr pdcm pcid sse4_1 sse4_2 popcnt tsc_deadline_timer xsave avx f16c lahf_lm cpuid_fault epb pti ssbd ibrs ibpb stibp tpr_shadow flexpriority ept vpid fsgsbase smep erms xsaveopt dtherm arat pln pts vnmi md_clear flush_l1d
vmx flags	: vnmi preemption_timer invvpid ept_x_only flexpriority tsc_offset vtpr mtf vapic ept vpid unrestricted_guest
bugs		: cpu_meltdown spectre_v1 spectre_v2 spec_store_bypass l1tf mds swapgs itlb_multihit spectre_v2_user vmscape
bogomips	: 6585.01
clflush size	: 64
cache_alignment	: 64
address sizes	: 36 bits physical, 48 bits virtual
power management:



Memory: 4k page, physical 16233576k(1483640k free), swap 8388604k(6609008k free)

vm_info: OpenJDK 64-Bit Server VM (25.504-b01) for linux-amd64 JRE (1.8.0_504-b01), built on Aug 13 2026 15:22:00 by "re" with gcc 7.3.1 20180303 (Red Hat 7.3.1-5)

time: Sat Oct  3 04:41:01 2026
timezone: CST
elapsed time: 0.458545 seconds (0d 0h 0m 0s)

