#
# A fatal error has been detected by the Java Runtime Environment:
#
#  SIGSEGV (0xb) at pc=0x00007fd3870c59b2, pid=293835, tid=0x00007fd37ffff6c0
#
# JRE version: OpenJDK Runtime Environment (8.0_504-b01) (build 1.8.0_504-b01)
# Java VM: OpenJDK 64-Bit Server VM (25.504-b01 mixed mode linux-amd64 compressed oops)
# Problematic frame:
# C  [libX11.so.6+0x1a9b2]  XInternAtom+0x42
#
# Core dump written. Default location: /home/fam/NetBeansProjects/kylgis_Pos_Kitchen_Scr/core or core.293835
#
# If you would like to submit a bug report, please visit:
#   https://bell-sw.com/support
# The crash happened outside the Java Virtual Machine in native code.
# See problematic frame for where to report the bug.
#

---------------  T H R E A D  ---------------

Current thread (0x00007fd3b84e0800):  JavaThread "GtkNativeMainLoopThread" [_thread_in_native, id=293862, stack(0x00007fd37ff00000,0x00007fd380000000)]

siginfo: si_signo: 11 (SIGSEGV), si_code: 1 (SEGV_MAPERR), si_addr: 0x0000000000000065

Registers:
RAX=0x0000000000000065, RBX=0x00007fd3b82f6ff0, RCX=0x0000000000000001, RDX=0x0000000000000001
RSP=0x00007fd37fffdfc0, RBP=0x00007fd37fffe020, RSI=0x00007fd384c54234, RDI=0x00007fd3b82f6ff0
R8 =0x0000000000000000, R9 =0x0000000000000001, R10=0x0000000000000000, R11=0x00007fd3870c5970
R12=0x00007fd384c54234, R13=0x00007fd3b82f6ff0, R14=0x00007fd3b82f6ff0, R15=0x00007fd3b82f6ff0
RIP=0x00007fd3870c59b2, EFLAGS=0x0000000000010206, CSGSFS=0x002b000000000033, ERR=0x0000000000000004
  TRAPNO=0x000000000000000e

Top of Stack: (sp=0x00007fd37fffdfc0)
0x00007fd37fffdfc0:   0000000000000000 0000000700000001
0x00007fd37fffdfd0:   00007fd3b84e0800 0000000000000001
0x00007fd37fffdfe0:   00000007c0095618 00007fd3b82f6ff0
0x00007fd37fffdff0:   00007fd3b82f6e20 00007fd3bf457caf
0x00007fd37fffe000:   00007fd37fffe020 4563fd5984237800
0x00007fd37fffe010:   00007fd3b84e0a60 0000000000000500
0x00007fd37fffe020:   00007fd37fffe0f0 00007fd384c36b4d
0x00007fd37fffe030:   00000000000003d8 0000000000000000
0x00007fd37fffe040:   0000000000000000 00007fd3b84e0800
0x00007fd37fffe050:   00007fd3b84e0a60 0000000000000400
0x00007fd37fffe060:   00000007c009c548 00007fd3b84e0800
0x00007fd37fffe070:   00007fd37fffe0f0 00007fd3bf51753a
0x00007fd37fffe080:   0000000000000000 0000000000000000
0x00007fd37fffe090:   0000000000000000 000000076dfc3020
0x00007fd37fffe0a0:   00007fd3b84e0800 00007fd3b84e0800
0x00007fd37fffe0b0:   00007fd3b84e0a60 0000000000000001
0x00007fd37fffe0c0:   00007fd32c000f00 00007fd3b84e0a60
0x00007fd37fffe0d0:   0000000000000000 0000000000000001
0x00007fd37fffe0e0:   00007fd32c000f00 00007fd3b82f6ff0
0x00007fd37fffe0f0:   00007fd37fffe130 00007fd384c37036
0x00007fd37fffe100:   00007fd3a8cd80f8 00007fd3a8cd80f8
0x00007fd37fffe110:   0000000000000000 00007fd3a8cd80f8
0x00007fd37fffe120:   00007fd37fffe1c0 00007fd3b84e0800
0x00007fd37fffe130:   00007fd37fffe140 00007fd384c2add9
0x00007fd37fffe140:   00007fd37fffe1a0 00007fd3a9018427
0x00007fd37fffe150:   0000003c00000001 00007fd3a9018142
0x00007fd37fffe160:   00007fd37fffe160 00007fd3a8cd80f8
0x00007fd37fffe170:   00007fd37fffe1c0 00007fd3a8cfae08
0x00007fd37fffe180:   0000000000000000 00007fd3a8cd80f8
0x00007fd37fffe190:   0000000000000000 00007fd37fffe1c0
0x00007fd37fffe1a0:   00007fd37fffe208 00007fd3a9007d80
0x00007fd37fffe1b0:   0000000000000000 00007fd3a9011a5b 

Instructions: (pc=0x00007fd3870c59b2)
0x00007fd3870c5992:   48 89 5d e8 48 89 fb 48 0f 45 c6 49 89 c4 48 8b
0x00007fd3870c59a2:   87 68 09 00 00 48 85 c0 74 0b 89 55 a8 48 89 df
0x00007fd3870c59b2:   ff 10 8b 55 a8 48 8d 4d b8 4c 8d 4d b0 4c 89 e6
0x00007fd3870c59c2:   48 89 df 4c 8d 45 b4 e8 e2 fc ff ff 48 89 c2 48 

Register to memory mapping:

RAX=0x0000000000000065 is an unknown value
RBX=0x00007fd3b82f6ff0 is an unknown value
RCX=0x0000000000000001 is an unknown value
RDX=0x0000000000000001 is an unknown value
RSP=0x00007fd37fffdfc0 is pointing into the stack for thread: 0x00007fd3b84e0800
RBP=0x00007fd37fffe020 is pointing into the stack for thread: 0x00007fd3b84e0800
RSI=0x00007fd384c54234: <offset 0x54234> in /usr/lib/jvm/bellsoft-java8-full.x86_64/jre/lib/amd64/libglassgtk3.so at 0x00007fd384c00000
RDI=0x00007fd3b82f6ff0 is an unknown value
R8 =0x0000000000000000 is an unknown value
R9 =0x0000000000000001 is an unknown value
R10=0x0000000000000000 is an unknown value
R11=0x00007fd3870c5970: XInternAtom+0 in /lib64/libX11.so.6 at 0x00007fd3870ab000
R12=0x00007fd384c54234: <offset 0x54234> in /usr/lib/jvm/bellsoft-java8-full.x86_64/jre/lib/amd64/libglassgtk3.so at 0x00007fd384c00000
R13=0x00007fd3b82f6ff0 is an unknown value
R14=0x00007fd3b82f6ff0 is an unknown value
R15=0x00007fd3b82f6ff0 is an unknown value


Stack: [0x00007fd37ff00000,0x00007fd380000000],  sp=0x00007fd37fffdfc0,  free space=1015k
Native frames: (J=compiled Java code, j=interpreted, Vv=VM code, C=native code)
C  [libX11.so.6+0x1a9b2]  XInternAtom+0x42
C  [libglassgtk3.so+0x36b4d]  createJavaScreen(JNIEnv_*, _GdkScreen*, int)+0x5d
C  [libglassgtk3.so+0x37036]  rebuild_screens(JNIEnv_*)+0x76
C  [libglassgtk3.so+0x2add9]  Java_com_sun_glass_ui_gtk_GtkApplication_staticScreen_1getScreens+0x9
j  com.sun.glass.ui.gtk.GtkApplication.staticScreen_getScreens()[Lcom/sun/glass/ui/Screen;+0
j  com.sun.glass.ui.Screen.initScreens()V+6
j  com.sun.glass.ui.Application.lambda$run$1(Ljava/lang/Runnable;)V+0
j  com.sun.glass.ui.Application$$Lambda$40.run()V+4
v  ~StubRoutines::call_stub
V  [libjvm.so+0x6a2fb2]  JavaCalls::call_helper(JavaValue*, methodHandle*, JavaCallArguments*, Thread*)+0xe32
V  [libjvm.so+0x7206bc]  jni_invoke_nonstatic(JNIEnv_*, JavaValue*, _jobject*, JNICallType, _jmethodID*, JNI_ArgumentPusher*, Thread*) [clone .constprop.117]+0x29c
V  [libjvm.so+0x72302c]  jni_CallVoidMethodV+0xec
C  [libglassgtk3.so+0x28561]  JNIEnv_::CallVoidMethod(_jobject*, _jmethodID*, ...)+0x81
C  [libglassgtk3.so+0x2acd1]  Java_com_sun_glass_ui_gtk_GtkApplication__1runLoop+0x21
j  com.sun.glass.ui.gtk.GtkApplication._runLoop(Ljava/lang/Runnable;Z)V+0
j  com.sun.glass.ui.gtk.GtkApplication.lambda$null$10(Ljava/lang/Runnable;Z)V+7
j  com.sun.glass.ui.gtk.GtkApplication$$Lambda$44.run()V+12
j  java.lang.Thread.run()V+11
v  ~StubRoutines::call_stub
V  [libjvm.so+0x6a2fb2]  JavaCalls::call_helper(JavaValue*, methodHandle*, JavaCallArguments*, Thread*)+0xe32
V  [libjvm.so+0x6a05c3]  JavaCalls::call_virtual(JavaValue*, KlassHandle, Symbol*, Symbol*, JavaCallArguments*, Thread*)+0x263
V  [libjvm.so+0x6a0bc7]  JavaCalls::call_virtual(JavaValue*, Handle, KlassHandle, Symbol*, Symbol*, Thread*)+0x57
V  [libjvm.so+0x74431c]  thread_entry(JavaThread*, Thread*)+0x6c
V  [libjvm.so+0xadf413]  JavaThread::thread_main_inner()+0x1f3
V  [libjvm.so+0xae077c]  JavaThread::run()+0x2dc
V  [libjvm.so+0x96c122]  java_start(Thread*)+0x102
C  [libc.so.6+0x72c42]  start_thread+0x3a2
C  [libc.so.6+0xf65ac]  __clone3+0x2c

Java frames: (J=compiled Java code, j=interpreted, Vv=VM code)
j  com.sun.glass.ui.gtk.GtkApplication.staticScreen_getScreens()[Lcom/sun/glass/ui/Screen;+0
j  com.sun.glass.ui.Screen.initScreens()V+6
j  com.sun.glass.ui.Application.lambda$run$1(Ljava/lang/Runnable;)V+0
j  com.sun.glass.ui.Application$$Lambda$40.run()V+4
v  ~StubRoutines::call_stub
j  com.sun.glass.ui.gtk.GtkApplication._runLoop(Ljava/lang/Runnable;Z)V+0
j  com.sun.glass.ui.gtk.GtkApplication.lambda$null$10(Ljava/lang/Runnable;Z)V+7
j  com.sun.glass.ui.gtk.GtkApplication$$Lambda$44.run()V+12
j  java.lang.Thread.run()V+11
v  ~StubRoutines::call_stub

---------------  P R O C E S S  ---------------

Java Threads: ( => current thread )
=>0x00007fd3b84e0800 JavaThread "GtkNativeMainLoopThread" [_thread_in_native, id=293862, stack(0x00007fd37ff00000,0x00007fd380000000)]
  0x00007fd3b84ec000 JavaThread "Thread-1" daemon [_thread_blocked, id=293861, stack(0x00007fd3840e9000,0x00007fd3841e9000)]
  0x00007fd3b829d000 JavaThread "QuantumRenderer-0" daemon [_thread_blocked, id=293853, stack(0x00007fd387500000,0x00007fd387600000)]
  0x00007fd3b80d8000 JavaThread "Service Thread" daemon [_thread_blocked, id=293851, stack(0x00007fd3879fd000,0x00007fd387afd000)]
  0x00007fd3b80c3000 JavaThread "C1 CompilerThread2" daemon [_thread_blocked, id=293850, stack(0x00007fd387afe000,0x00007fd387bfe000)]
  0x00007fd3b80c1000 JavaThread "C2 CompilerThread1" daemon [_thread_blocked, id=293849, stack(0x00007fd387bff000,0x00007fd387cff000)]
  0x00007fd3b80be000 JavaThread "C2 CompilerThread0" daemon [_thread_blocked, id=293848, stack(0x00007fd387d00000,0x00007fd387e00000)]
  0x00007fd3b80bb000 JavaThread "Signal Dispatcher" daemon [_thread_blocked, id=293847, stack(0x00007fd387e00000,0x00007fd387f00000)]
  0x00007fd3b8088800 JavaThread "Finalizer" daemon [_thread_blocked, id=293846, stack(0x00007fd387f00000,0x00007fd388000000)]
  0x00007fd3b8084000 JavaThread "Reference Handler" daemon [_thread_blocked, id=293845, stack(0x00007fd39c01d000,0x00007fd39c11d000)]
  0x00007fd3b800a800 JavaThread "main" [_thread_blocked, id=293839, stack(0x00007fd3bff07000,0x00007fd3c0007000)]

Other Threads:
  0x00007fd3b807a000 VMThread [stack: 0x00007fd39c11e000,0x00007fd39c21e000] [id=293844]
  0x00007fd3b80da800 WatcherThread [stack: 0x00007fd3878fd000,0x00007fd3879fd000] [id=293852]

VM state:not at safepoint (normal execution)

VM Mutex/Monitor currently owned by a thread: None

heap address: 0x00000006c8400000, size: 3964 MB, Compressed Oops mode: Zero based, Oop shift amount: 3
Narrow klass base: 0x0000000000000000, Narrow klass shift: 3
Compressed class space size: 1073741824 Address: 0x00000007c0000000

Heap:
 PSYoungGen      total 74240K, used 10242K [0x000000076d700000, 0x0000000772980000, 0x00000007c0000000)
  eden space 64000K, 16% used [0x000000076d700000,0x000000076e1009d0,0x0000000771580000)
  from space 10240K, 0% used [0x0000000771f80000,0x0000000771f80000,0x0000000772980000)
  to   space 10240K, 0% used [0x0000000771580000,0x0000000771580000,0x0000000771f80000)
 ParOldGen       total 169472K, used 0K [0x00000006c8400000, 0x00000006d2980000, 0x000000076d700000)
  object space 169472K, 0% used [0x00000006c8400000,0x00000006c8400000,0x00000006d2980000)
 Metaspace       used 5506K, capacity 5940K, committed 6144K, reserved 1056768K
  class space    used 609K, capacity 693K, committed 768K, reserved 1048576K

Card table byte_map: [0x00007fd3bd681000,0x00007fd3bde40000] byte_map_base: 0x00007fd3ba03f000

Marking Bits: (ParMarkBitMap*) 0x00007fd3bfe39760
 Begin Bits: [0x00007fd39c420000, 0x00007fd3a0210000)
 End Bits:   [0x00007fd3a0210000, 0x00007fd3a4000000)

Polling page: 0x00007fd3c0619000

CodeCache: size=245760Kb used=1898Kb max_used=1909Kb free=243862Kb
 bounds [0x00007fd3a9000000, 0x00007fd3a9270000, 0x00007fd3b8000000]
 total_blobs=739 nmethods=396 adapters=257
 compilation: enabled

Compilation events (10 events):
Event: 0.288 Thread 0x00007fd3b80c3000  389       3       jdk.internal.org.objectweb.asm.MethodWriter::visitInsn (106 bytes)
Event: 0.288 Thread 0x00007fd3b80c3000 nmethod 389 0x00007fd3a91d6d50 code [0x00007fd3a91d6f00, 0x00007fd3a91d7388]
Event: 0.288 Thread 0x00007fd3b80c3000  394       3       java.lang.invoke.LambdaForm::parameterType (9 bytes)
Event: 0.288 Thread 0x00007fd3b80c3000 nmethod 394 0x00007fd3a91d7550 code [0x00007fd3a91d76c0, 0x00007fd3a91d7868]
Event: 0.288 Thread 0x00007fd3b80c3000  395       3       java.lang.invoke.MemberName::getInvocationType (56 bytes)
Event: 0.288 Thread 0x00007fd3b80be000  396       4       java.util.Arrays::copyOfRange (63 bytes)
Event: 0.289 Thread 0x00007fd3b80c3000 nmethod 395 0x00007fd3a91d7950 code [0x00007fd3a91d7b40, 0x00007fd3a91d8728]
Event: 0.289 Thread 0x00007fd3b80c3000  391       3       java.lang.invoke.MemberName$Factory::resolveOrFail (52 bytes)
Event: 0.289 Thread 0x00007fd3b80c3000 nmethod 391 0x00007fd3a91d8a50 code [0x00007fd3a91d8c20, 0x00007fd3a91d9518]
Event: 0.289 Thread 0x00007fd3b80c3000  392   !   3       java.lang.invoke.MemberName$Factory::resolve (145 bytes)

GC Heap History (0 events):
No events

Deoptimization events (3 events):
Event: 0.079 Thread 0x00007fd3b800a800 Uncommon trap: reason=unstable_if action=reinterpret pc=0x00007fd3a911905c method=java.lang.String.hashCode()I @ 14
Event: 0.083 Thread 0x00007fd3b800a800 Uncommon trap: reason=loop_limit_check action=maybe_recompile pc=0x00007fd3a9117070 method=java.lang.String.equals(Ljava/lang/Object;)Z @ 56
Event: 0.211 Thread 0x00007fd3b800a800 Uncommon trap: reason=unstable_if action=reinterpret pc=0x00007fd3a91b6ad0 method=java.lang.String.replace(CC)Ljava/lang/String; @ 2

Classes redefined (0 events):
No events

Internal exceptions (10 events):
Event: 0.070 Thread 0x00007fd3b800a800 Exception <a 'java/security/PrivilegedActionException'> (0x000000076d7b9828) thrown at [/ws/workspace/8u504/jdk/CT/std/label/linux-x86_64/type/b8-26/b/hotspot/src/share/vm/prims/jvm.cpp, line 1514]
Event: 0.077 Thread 0x00007fd3b800a800 Exception <a 'java/security/PrivilegedActionException'> (0x000000076d82c1d0) thrown at [/ws/workspace/8u504/jdk/CT/std/label/linux-x86_64/type/b8-26/b/hotspot/src/share/vm/prims/jvm.cpp, line 1514]
Event: 0.077 Thread 0x00007fd3b800a800 Exception <a 'java/security/PrivilegedActionException'> (0x000000076d82c3e0) thrown at [/ws/workspace/8u504/jdk/CT/std/label/linux-x86_64/type/b8-26/b/hotspot/src/share/vm/prims/jvm.cpp, line 1514]
Event: 0.126 Thread 0x00007fd3b800a800 Exception <a 'java/lang/NoSuchFieldError': method resolution failed> (0x000000076da7ff08) thrown at [/ws/workspace/8u504/jdk/CT/std/label/linux-x86_64/type/b8-26/b/hotspot/src/share/vm/prims/methodHandles.cpp, line 1194]
Event: 0.128 Thread 0x00007fd3b800a800 Exception <a 'java/lang/NoSuchFieldError': method resolution failed> (0x000000076da8d2b8) thrown at [/ws/workspace/8u504/jdk/CT/std/label/linux-x86_64/type/b8-26/b/hotspot/src/share/vm/prims/methodHandles.cpp, line 1194]
Event: 0.148 Thread 0x00007fd3b800a800 Exception <a 'java/security/PrivilegedActionException'> (0x000000076db18280) thrown at [/ws/workspace/8u504/jdk/CT/std/label/linux-x86_64/type/b8-26/b/hotspot/src/share/vm/prims/jvm.cpp, line 1514]
Event: 0.148 Thread 0x00007fd3b800a800 Exception <a 'java/security/PrivilegedActionException'> (0x000000076db18490) thrown at [/ws/workspace/8u504/jdk/CT/std/label/linux-x86_64/type/b8-26/b/hotspot/src/share/vm/prims/jvm.cpp, line 1514]
Event: 0.148 Thread 0x00007fd3b800a800 Exception <a 'java/security/PrivilegedActionException'> (0x000000076db1adf8) thrown at [/ws/workspace/8u504/jdk/CT/std/label/linux-x86_64/type/b8-26/b/hotspot/src/share/vm/prims/jvm.cpp, line 1514]
Event: 0.148 Thread 0x00007fd3b800a800 Exception <a 'java/security/PrivilegedActionException'> (0x000000076db1b008) thrown at [/ws/workspace/8u504/jdk/CT/std/label/linux-x86_64/type/b8-26/b/hotspot/src/share/vm/prims/jvm.cpp, line 1514]
Event: 0.148 Thread 0x00007fd3b800a800 Exception <a 'java/lang/NullPointerException'> (0x000000076db1b980) thrown at [/ws/workspace/8u504/jdk/CT/std/label/linux-x86_64/type/b8-26/b/hotspot/src/share/vm/interpreter/linkResolver.cpp, line 1185]

Events (10 events):
Event: 0.285 loading class java/util/concurrent/BlockingDeque
Event: 0.285 loading class java/util/concurrent/BlockingDeque done
Event: 0.285 loading class java/util/concurrent/LinkedBlockingDeque
Event: 0.285 loading class java/util/concurrent/LinkedBlockingDeque done
Event: 0.285 Thread 0x00007fd3b84ec000 Thread added: 0x00007fd3b84ec000
Event: 0.287 loading class com/sun/glass/ui/gtk/GtkApplication
Event: 0.287 loading class com/sun/glass/ui/gtk/GtkApplication done
Event: 0.288 loading class com/sun/glass/ui/gtk/GtkApplication
Event: 0.288 loading class com/sun/glass/ui/gtk/GtkApplication done
Event: 0.289 Thread 0x00007fd3b84e0800 Thread added: 0x00007fd3b84e0800


Dynamic libraries:
6c8400000-6d2980000 rw-p 00000000 00:00 0 
6d2980000-76d700000 ---p 00000000 00:00 0 
76d700000-772980000 rw-p 00000000 00:00 0 
772980000-7c0000000 ---p 00000000 00:00 0 
7c0000000-7c00c0000 rw-p 00000000 00:00 0 
7c00c0000-800000000 ---p 00000000 00:00 0 
55af32a00000-55af32a01000 r-xp 00000000 00:22 57113445                   /usr/lib/jvm/bellsoft-java8-full.x86_64/bin/java
55af32c00000-55af32c01000 r--p 00000000 00:22 57113445                   /usr/lib/jvm/bellsoft-java8-full.x86_64/bin/java
55af32c01000-55af32c02000 rw-p 00001000 00:22 57113445                   /usr/lib/jvm/bellsoft-java8-full.x86_64/bin/java
55af35f9d000-55af35fbe000 rw-p 00000000 00:00 0                          [heap]
7fd32c000000-7fd32c33c000 rw-p 00000000 00:00 0 
7fd32c33c000-7fd330000000 ---p 00000000 00:00 0 
7fd334000000-7fd334021000 rw-p 00000000 00:00 0 
7fd334021000-7fd338000000 ---p 00000000 00:00 0 
7fd338000000-7fd338021000 rw-p 00000000 00:00 0 
7fd338021000-7fd33c000000 ---p 00000000 00:00 0 
7fd33c000000-7fd33c021000 rw-p 00000000 00:00 0 
7fd33c021000-7fd340000000 ---p 00000000 00:00 0 
7fd342ffe000-7fd344000000 rw-p 00000000 00:00 0 
7fd344000000-7fd344021000 rw-p 00000000 00:00 0 
7fd344021000-7fd348000000 ---p 00000000 00:00 0 
7fd348000000-7fd348021000 rw-p 00000000 00:00 0 
7fd348021000-7fd34c000000 ---p 00000000 00:00 0 
7fd34c000000-7fd34c0a3000 rw-p 00000000 00:00 0 
7fd34c0a3000-7fd350000000 ---p 00000000 00:00 0 
7fd350000000-7fd350021000 rw-p 00000000 00:00 0 
7fd350021000-7fd354000000 ---p 00000000 00:00 0 
7fd354000000-7fd354021000 rw-p 00000000 00:00 0 
7fd354021000-7fd358000000 ---p 00000000 00:00 0 
7fd358000000-7fd358021000 rw-p 00000000 00:00 0 
7fd358021000-7fd35c000000 ---p 00000000 00:00 0 
7fd35c000000-7fd35c174000 rw-p 00000000 00:00 0 
7fd35c174000-7fd360000000 ---p 00000000 00:00 0 
7fd360000000-7fd360021000 rw-p 00000000 00:00 0 
7fd360021000-7fd364000000 ---p 00000000 00:00 0 
7fd364000000-7fd36407a000 rw-p 00000000 00:00 0 
7fd36407a000-7fd368000000 ---p 00000000 00:00 0 
7fd368000000-7fd368175000 rw-p 00000000 00:00 0 
7fd368175000-7fd36c000000 ---p 00000000 00:00 0 
7fd36c000000-7fd36c021000 rw-p 00000000 00:00 0 
7fd36c021000-7fd370000000 ---p 00000000 00:00 0 
7fd3707fd000-7fd372000000 rw-p 00000000 00:00 0 
7fd372000000-7fd37fe92000 r--p 00000000 00:22 57529816                   /usr/lib/locale/locale-archive
7fd37ff00000-7fd37ff03000 ---p 00000000 00:00 0 
7fd37ff03000-7fd380000000 rw-p 00000000 00:00 0 
7fd380000000-7fd380021000 rw-p 00000000 00:00 0 
7fd380021000-7fd384000000 ---p 00000000 00:00 0 
7fd3840e9000-7fd3840ec000 ---p 00000000 00:00 0 
7fd3840ec000-7fd3841e9000 rw-p 00000000 00:00 0 
7fd3841e9000-7fd38420d000 r--p 00000000 00:22 55206986                   /usr/share/locale/es/LC_MESSAGES/glib20.mo
7fd38420d000-7fd38422a000 r-xp 00000000 00:22 56693625                   /usr/lib64/gvfs/libgvfscommon.so
7fd38422a000-7fd384243000 r--p 0001d000 00:22 56693625                   /usr/lib64/gvfs/libgvfscommon.so
7fd384243000-7fd384249000 r--p 00036000 00:22 56693625                   /usr/lib64/gvfs/libgvfscommon.so
7fd384249000-7fd38424a000 rw-p 00000000 00:00 0 
7fd38424a000-7fd384269000 r-xp 00000000 00:22 56693624                   /usr/lib64/gio/modules/libgvfsdbus.so
7fd384269000-7fd38427b000 r--p 0001f000 00:22 56693624                   /usr/lib64/gio/modules/libgvfsdbus.so
7fd38427b000-7fd38427d000 r--p 00031000 00:22 56693624                   /usr/lib64/gio/modules/libgvfsdbus.so
7fd38427d000-7fd38427e000 rw-p 00033000 00:22 56693624                   /usr/lib64/gio/modules/libgvfsdbus.so
7fd38427e000-7fd3842a8000 r--s 00000000 00:22 56799280                   /home/fam/.cache/fontconfig/d63f98f14a274bd69a5425fc33aaac6b-le64.cache-12
7fd3842af000-7fd3842b4000 r--s 00000000 00:22 56799405                   /home/fam/.cache/fontconfig/cc8b894d3abbdf0310c48629c0737d80-le64.cache-12
7fd3842b4000-7fd3842c4000 r--s 00000000 00:22 56799400                   /home/fam/.cache/fontconfig/123d59b33ddb0e7c76bb24004bd5cfac-le64.cache-12
7fd3842c4000-7fd3842c9000 r--s 00000000 00:22 56799395                   /home/fam/.cache/fontconfig/131ab5cc1583381c4f7ce0194912c56d-le64.cache-12
7fd3842d0000-7fd3842dc000 r--s 00000000 00:22 56799275                   /home/fam/.cache/fontconfig/efcfae1a52990961975415036867654f-le64.cache-12
7fd3842dc000-7fd3842f1000 r--s 00000000 00:22 56799270                   /home/fam/.cache/fontconfig/c4be257954870c0bf6972134c1de66d5-le64.cache-12
7fd3842f6000-7fd3842fb000 r--s 00000000 00:22 56799360                   /home/fam/.cache/fontconfig/29c8f5b6bf15d25ebb2e963855ab41be-le64.cache-12
7fd3842fb000-7fd384304000 r--s 00000000 00:22 56799290                   /home/fam/.cache/fontconfig/2a3658b432e68423dcec456e1667e977-le64.cache-12
7fd384304000-7fd38430d000 r--s 00000000 00:22 56799250                   /home/fam/.cache/fontconfig/6ee3103884cce7b2fe6f32eba9089175-le64.cache-12
7fd38430d000-7fd384310000 r--p 00000000 00:22 56694058                   /usr/share/locale/es/LC_MESSAGES/at-spi2-core.mo
7fd384310000-7fd384311000 r--s 00000000 00:22 56799390                   /home/fam/.cache/fontconfig/b2307de753f1224d9542f27e8b3975ae-le64.cache-12
7fd384311000-7fd384312000 r--s 00000000 00:22 56799385                   /home/fam/.cache/fontconfig/226d8b81908fffe4270cbbf5698029d4-le64.cache-12
7fd384312000-7fd384314000 r--s 00000000 00:22 56799370                   /home/fam/.cache/fontconfig/9d9e7a658cb1f50f02561d1ed3ca8bca-le64.cache-12
7fd384314000-7fd384315000 r--s 00000000 00:22 56799380                   /home/fam/.cache/fontconfig/0122acdcf386a94f53a6370d356e58f1-le64.cache-12
7fd384315000-7fd384316000 r--s 00000000 00:22 56799375                   /home/fam/.cache/fontconfig/39377a11d38956c26ecfe23db50b3cd3-le64.cache-12
7fd384316000-7fd38431d000 r--s 00000000 00:22 56799235                   /home/fam/.cache/fontconfig/614d1caaa4d7914789410f6367de37ca-le64.cache-12
7fd38431d000-7fd38431e000 r--s 00000000 00:22 56799365                   /home/fam/.cache/fontconfig/6fcb01a03a016cc71057b587cdea6709-le64.cache-12
7fd38431e000-7fd384321000 r--s 00000000 00:22 56799310                   /home/fam/.cache/fontconfig/71fe2b50576cdbc5f931776365d4a6ea-le64.cache-12
7fd384321000-7fd384322000 r--s 00000000 00:22 56799355                   /home/fam/.cache/fontconfig/b4f045e65949203a75c31ff635d51c65-le64.cache-12
7fd384322000-7fd384323000 r--s 00000000 00:22 56799350                   /home/fam/.cache/fontconfig/e0f2bc8bc07ae0c1ba150523b3d9cc08-le64.cache-12
7fd384323000-7fd384324000 r--s 00000000 00:22 56799345                   /home/fam/.cache/fontconfig/1a1ba44c74c12a4f665bc9ecb54a2833-le64.cache-12
7fd384324000-7fd3843b4000 rw-s 00000000 00:01 1249257                    /memfd:wayland-cursor (deleted)
7fd3843b4000-7fd3843ff000 r--p 00000000 00:22 57587809                   /usr/share/glib-2.0/schemas/gschemas.compiled
7fd3843ff000-7fd384c00000 rw-p 00000000 00:00 0 
7fd384c00000-7fd384c66000 r-xp 00000000 00:22 57113890                   /usr/lib/jvm/bellsoft-java8-full.x86_64/jre/lib/amd64/libglassgtk3.so
7fd384c66000-7fd384e65000 ---p 00066000 00:22 57113890                   /usr/lib/jvm/bellsoft-java8-full.x86_64/jre/lib/amd64/libglassgtk3.so
7fd384e65000-7fd384e68000 r--p 00065000 00:22 57113890                   /usr/lib/jvm/bellsoft-java8-full.x86_64/jre/lib/amd64/libglassgtk3.so
7fd384e68000-7fd384e6a000 rw-p 00068000 00:22 57113890                   /usr/lib/jvm/bellsoft-java8-full.x86_64/jre/lib/amd64/libglassgtk3.so
7fd384e6a000-7fd384e6b000 r--s 00000000 00:22 56799340                   /home/fam/.cache/fontconfig/5fc8be8228cd16d5eb09a5afe41bcfd2-le64.cache-12
7fd384e6b000-7fd384e6d000 r--s 00000000 00:22 56799305                   /home/fam/.cache/fontconfig/e5da922122f90e18ce9aab86d5c2b324-le64.cache-12
7fd384e6d000-7fd384e6f000 r--s 00000000 00:22 56799300                   /home/fam/.cache/fontconfig/de3fc716275e870cc68457cf08da2de7-le64.cache-12
7fd384e6f000-7fd384e79000 r--s 00000000 00:22 56799210                   /home/fam/.cache/fontconfig/6cdba951d5a16891afaaf2fee13e80e7-le64.cache-12
7fd384e79000-7fd384e7c000 r--s 00000000 00:22 56799295                   /home/fam/.cache/fontconfig/9162ae45def2e036f06e4d1913f17ba7-le64.cache-12
7fd384e7c000-7fd384e82000 r--s 00000000 00:22 56799215                   /home/fam/.cache/fontconfig/221930ae9526a9cb8049af2916f03412-le64.cache-12
7fd384e82000-7fd384e89000 r--s 00000000 00:22 56799200                   /home/fam/.cache/fontconfig/d4fe5728f86380c2e3b1e4e9a34fabd8-le64.cache-12
7fd384e89000-7fd384e8a000 r--s 00000000 00:22 56799335                   /home/fam/.cache/fontconfig/105244de58915863162e6a0329d90ab7-le64.cache-12
7fd384e8a000-7fd384e90000 r--s 00000000 00:22 56799225                   /home/fam/.cache/fontconfig/7bbebb41f246c24642924bd8585d5345-le64.cache-12
7fd384e90000-7fd384e9e000 r--p 00000000 00:22 57668383                   /home/fam/.config/dconf/user
7fd384e9e000-7fd384ea6000 r-xp 00000000 00:22 52924420                   /usr/lib64/gio/modules/libdconfsettings.so
7fd384ea6000-7fd384eac000 r--p 00008000 00:22 52924420                   /usr/lib64/gio/modules/libdconfsettings.so
7fd384eac000-7fd384ead000 r--p 0000d000 00:22 52924420                   /usr/lib64/gio/modules/libdconfsettings.so
7fd384ead000-7fd384eae000 rw-p 0000e000 00:22 52924420                   /usr/lib64/gio/modules/libdconfsettings.so
7fd384eae000-7fd384ecf000 r--p 00000000 00:22 57529786                   /usr/share/locale/es/LC_MESSAGES/libc.mo
7fd384ecf000-7fd384f9f000 r-xp 00000000 00:22 56693443                   /usr/lib64/libsystemd.so.0.42.0
7fd384f9f000-7fd384ffd000 r--p 000d0000 00:22 56693443                   /usr/lib64/libsystemd.so.0.42.0
7fd384ffd000-7fd385007000 r--p 0012d000 00:22 56693443                   /usr/lib64/libsystemd.so.0.42.0
7fd385007000-7fd385008000 rw-p 00137000 00:22 56693443                   /usr/lib64/libsystemd.so.0.42.0
7fd385008000-7fd385009000 rw-p 00000000 00:00 0 
7fd385009000-7fd385051000 r-xp 00000000 00:22 52912003                   /usr/lib64/liblcms2.so.2.0.16
7fd385051000-7fd38506d000 r--p 00048000 00:22 52912003                   /usr/lib64/liblcms2.so.2.0.16
7fd38506d000-7fd385070000 r--p 00063000 00:22 52912003                   /usr/lib64/liblcms2.so.2.0.16
7fd385070000-7fd385073000 rw-p 00066000 00:22 52912003                   /usr/lib64/liblcms2.so.2.0.16
7fd385073000-7fd385074000 rw-p 00000000 00:00 0 
7fd385074000-7fd3851b8000 r-xp 00000000 00:22 55607278                   /usr/lib64/libsqlite3.so.3.51.2
7fd3851b8000-7fd3851f7000 r--p 00144000 00:22 55607278                   /usr/lib64/libsqlite3.so.3.51.2
7fd3851f7000-7fd3851fb000 r--p 00182000 00:22 55607278                   /usr/lib64/libsqlite3.so.3.51.2
7fd3851fb000-7fd3851ff000 rw-p 00186000 00:22 55607278                   /usr/lib64/libsqlite3.so.3.51.2
7fd3851ff000-7fd385200000 rw-p 00000000 00:00 0 
7fd385200000-7fd385550000 r-xp 00000000 00:22 54045238                   /usr/lib64/libglycin-2.so.0
7fd385550000-7fd38560b000 r--p 00350000 00:22 54045238                   /usr/lib64/libglycin-2.so.0
7fd38560b000-7fd385624000 r--p 0040a000 00:22 54045238                   /usr/lib64/libglycin-2.so.0
7fd385624000-7fd385627000 rw-p 00423000 00:22 54045238                   /usr/lib64/libglycin-2.so.0
7fd385627000-7fd38562a000 r--s 00000000 00:22 56799220                   /home/fam/.cache/fontconfig/427eb62078a821f08aa6ed364f2467bf-le64.cache-12
7fd38562a000-7fd38562d000 r--s 00000000 00:22 56799205                   /home/fam/.cache/fontconfig/feeafda3627faad7596d025cfacea73f-le64.cache-12
7fd38562d000-7fd385630000 r--s 00000000 00:22 56799195                   /home/fam/.cache/fontconfig/18f520a508f13854f77176faf7889ae9-le64.cache-12
7fd385630000-7fd385633000 r--s 00000000 00:22 56799190                   /home/fam/.cache/fontconfig/3196f05a030874ca00722cbf1e991434-le64.cache-12
7fd385633000-7fd38563a000 r--s 00000000 00:22 57579369                   /usr/lib64/gconv/gconv-modules.cache
7fd38563a000-7fd38563b000 r-xp 00000000 00:22 52914217                   /usr/lib64/libbrotlicommon.so.1.2.0
7fd38563b000-7fd38565b000 r--p 00001000 00:22 52914217                   /usr/lib64/libbrotlicommon.so.1.2.0
7fd38565b000-7fd38565c000 r--p 00020000 00:22 52914217                   /usr/lib64/libbrotlicommon.so.1.2.0
7fd38565c000-7fd38565d000 rw-p 00000000 00:00 0 
7fd38565d000-7fd38566c000 r-xp 00000000 00:22 54801599                   /usr/lib64/libseccomp.so.2.6.1
7fd38566c000-7fd385687000 r--p 0000f000 00:22 54801599                   /usr/lib64/libseccomp.so.2.6.1
7fd385687000-7fd385688000 r--p 00029000 00:22 54801599                   /usr/lib64/libseccomp.so.2.6.1
7fd385688000-7fd385689000 rw-p 0002a000 00:22 54801599                   /usr/lib64/libseccomp.so.2.6.1
7fd385689000-7fd3856ae000 r-xp 00000000 00:22 52911808                   /usr/lib64/liblzma.so.5.8.2
7fd3856ae000-7fd3856bd000 r--p 00025000 00:22 52911808                   /usr/lib64/liblzma.so.5.8.2
7fd3856bd000-7fd3856be000 r--p 00033000 00:22 52911808                   /usr/lib64/liblzma.so.5.8.2
7fd3856be000-7fd3856bf000 rw-p 00034000 00:22 52911808                   /usr/lib64/liblzma.so.5.8.2
7fd3856bf000-7fd3856c8000 r-xp 00000000 00:22 52914219                   /usr/lib64/libbrotlidec.so.1.2.0
7fd3856c8000-7fd3856cc000 r--p 00009000 00:22 52914219                   /usr/lib64/libbrotlidec.so.1.2.0
7fd3856cc000-7fd3856cd000 r--p 0000c000 00:22 52914219                   /usr/lib64/libbrotlidec.so.1.2.0
7fd3856cd000-7fd3856ce000 rw-p 00000000 00:00 0 
7fd3856ce000-7fd3856dd000 r-xp 00000000 00:22 52911983                   /usr/lib64/libbz2.so.1.0.8
7fd3856dd000-7fd3856e0000 r--p 0000f000 00:22 52911983                   /usr/lib64/libbz2.so.1.0.8
7fd3856e0000-7fd3856e1000 r--p 00011000 00:22 52911983                   /usr/lib64/libbz2.so.1.0.8
7fd3856e1000-7fd3856e2000 rw-p 00012000 00:22 52911983                   /usr/lib64/libbz2.so.1.0.8
7fd3856e2000-7fd38570a000 r-xp 00000000 00:22 54044690                   /usr/lib64/libblkid.so.1.1.0
7fd38570a000-7fd385718000 r--p 00028000 00:22 54044690                   /usr/lib64/libblkid.so.1.1.0
7fd385718000-7fd38571e000 r--p 00036000 00:22 54044690                   /usr/lib64/libblkid.so.1.1.0
7fd38571e000-7fd38571f000 rw-p 0003c000 00:22 54044690                   /usr/lib64/libblkid.so.1.1.0
7fd38571f000-7fd385738000 r-xp 00000000 00:22 52916021                   /usr/lib64/libjson-glib-1.0.so.0.1000.8
7fd385738000-7fd385749000 r--p 00019000 00:22 52916021                   /usr/lib64/libjson-glib-1.0.so.0.1000.8
7fd385749000-7fd38574a000 r--p 0002a000 00:22 52916021                   /usr/lib64/libjson-glib-1.0.so.0.1000.8
7fd38574a000-7fd38574b000 rw-p 00000000 00:00 0 
7fd38574b000-7fd38576f000 r-xp 00000000 00:22 56034481                   /usr/lib64/libgcc_s-16-20260819.so.1
7fd38576f000-7fd385776000 r--p 00024000 00:22 56034481                   /usr/lib64/libgcc_s-16-20260819.so.1
7fd385776000-7fd385777000 r--p 0002b000 00:22 56034481                   /usr/lib64/libgcc_s-16-20260819.so.1
7fd385777000-7fd385778000 rw-p 00000000 00:00 0 
7fd385778000-7fd3857ae000 r-xp 00000000 00:22 52911759                   /usr/lib64/libdbus-1.so.3.38.3
7fd3857ae000-7fd3857cd000 r--p 00036000 00:22 52911759                   /usr/lib64/libdbus-1.so.3.38.3
7fd3857cd000-7fd3857cf000 r--p 00054000 00:22 52911759                   /usr/lib64/libdbus-1.so.3.38.3
7fd3857cf000-7fd3857d0000 rw-p 00056000 00:22 52911759                   /usr/lib64/libdbus-1.so.3.38.3
7fd3857d0000-7fd3857ee000 r-xp 00000000 00:22 56694021                   /usr/lib64/libatspi.so.0.0.1
7fd3857ee000-7fd38580a000 r--p 0001e000 00:22 56694021                   /usr/lib64/libatspi.so.0.0.1
7fd38580a000-7fd38580e000 r--p 00039000 00:22 56694021                   /usr/lib64/libatspi.so.0.0.1
7fd38580e000-7fd38580f000 rw-p 0003d000 00:22 56694021                   /usr/lib64/libatspi.so.0.0.1
7fd38580f000-7fd38590b000 r-xp 00000000 00:22 52911816                   /usr/lib64/libxml2.so.2.12.10
7fd38590b000-7fd385971000 r--p 000fc000 00:22 52911816                   /usr/lib64/libxml2.so.2.12.10
7fd385971000-7fd38597c000 r--p 00161000 00:22 52911816                   /usr/lib64/libxml2.so.2.12.10
7fd38597c000-7fd38597d000 rw-p 0016c000 00:22 52911816                   /usr/lib64/libxml2.so.2.12.10
7fd38597d000-7fd38597e000 rw-p 00000000 00:00 0 
7fd38597e000-7fd385996000 r-xp 00000000 00:22 52925338                   /usr/lib64/libgraphite2.so.3.2.1
7fd385996000-7fd38599b000 r--p 00018000 00:22 52925338                   /usr/lib64/libgraphite2.so.3.2.1
7fd38599b000-7fd38599d000 r--p 0001c000 00:22 52925338                   /usr/lib64/libgraphite2.so.3.2.1
7fd38599d000-7fd38599e000 rw-p 00000000 00:00 0 
7fd38599e000-7fd385a31000 r-xp 00000000 00:22 52914078                   /usr/lib64/libpixman-1.so.0.46.2
7fd385a31000-7fd385a46000 r--p 00093000 00:22 52914078                   /usr/lib64/libpixman-1.so.0.46.2
7fd385a46000-7fd385a4e000 r--p 000a8000 00:22 52914078                   /usr/lib64/libpixman-1.so.0.46.2
7fd385a4e000-7fd385a4f000 rw-p 000b0000 00:22 52914078                   /usr/lib64/libpixman-1.so.0.46.2
7fd385a4f000-7fd385af1000 r-xp 00000000 00:22 52925361                   /usr/lib64/libfreetype.so.6.20.6
7fd385af1000-7fd385b22000 r--p 000a2000 00:22 52925361                   /usr/lib64/libfreetype.so.6.20.6
7fd385b22000-7fd385b2a000 r--p 000d2000 00:22 52925361                   /usr/lib64/libfreetype.so.6.20.6
7fd385b2a000-7fd385b2b000 rw-p 00000000 00:00 0 
7fd385b2b000-7fd385b99000 r-xp 00000000 00:22 52913977                   /usr/lib64/libepoxy.so.0.0.0
7fd385b99000-7fd385c29000 r--p 0006e000 00:22 52913977                   /usr/lib64/libepoxy.so.0.0.0
7fd385c29000-7fd385c31000 r--p 000fe000 00:22 52913977                   /usr/lib64/libepoxy.so.0.0.0
7fd385c31000-7fd385c38000 rw-p 00106000 00:22 52913977                   /usr/lib64/libepoxy.so.0.0.0
7fd385c38000-7fd385d31000 r-xp 00000000 00:22 52925353                   /usr/lib64/libharfbuzz.so.0.61410.0
7fd385d31000-7fd385d71000 r--p 000f9000 00:22 52925353                   /usr/lib64/libharfbuzz.so.0.61410.0
7fd385d71000-7fd385d73000 r--p 00138000 00:22 52925353                   /usr/lib64/libharfbuzz.so.0.61410.0
7fd385d73000-7fd385d74000 rw-p 0013a000 00:22 52925353                   /usr/lib64/libharfbuzz.so.0.61410.0
7fd385d74000-7fd385e71000 r-xp 00000000 00:22 52925714                   /usr/lib64/libcairo.so.2.11804.4
7fd385e71000-7fd385eb7000 r--p 000fd000 00:22 52925714                   /usr/lib64/libcairo.so.2.11804.4
7fd385eb7000-7fd385ebb000 r--p 00143000 00:22 52925714                   /usr/lib64/libcairo.so.2.11804.4
7fd385ebb000-7fd385ebd000 rw-p 00147000 00:22 52925714                   /usr/lib64/libcairo.so.2.11804.4
7fd385ebd000-7fd385ebe000 rw-p 00000000 00:00 0 
7fd385ebe000-7fd385fe5000 r-xp 00000000 00:22 55206941                   /usr/lib64/libgio-2.0.so.0.8800.3
7fd385fe5000-7fd386092000 r--p 00127000 00:22 55206941                   /usr/lib64/libgio-2.0.so.0.8800.3
7fd386092000-7fd38609b000 r--p 001d3000 00:22 55206941                   /usr/lib64/libgio-2.0.so.0.8800.3
7fd38609b000-7fd38609c000 rw-p 001dc000 00:22 55206941                   /usr/lib64/libgio-2.0.so.0.8800.3
7fd38609c000-7fd38609e000 rw-p 00000000 00:00 0 
7fd38609e000-7fd38614b000 r-xp 00000000 00:22 55206945                   /usr/lib64/libglib-2.0.so.0.8800.3
7fd38614b000-7fd3861fd000 r--p 000ad000 00:22 55206945                   /usr/lib64/libglib-2.0.so.0.8800.3
7fd3861fd000-7fd3861fe000 r--p 0015f000 00:22 55206945                   /usr/lib64/libglib-2.0.so.0.8800.3
7fd3861fe000-7fd3861ff000 rw-p 00160000 00:22 55206945                   /usr/lib64/libglib-2.0.so.0.8800.3
7fd3861ff000-7fd386200000 rw-p 00000000 00:00 0 
7fd386200000-7fd3865d8000 r-xp 00000000 00:22 55207762                   /usr/lib64/libgtk-3.so.0.2420.32
7fd3865d8000-7fd386927000 r--p 003d8000 00:22 55207762                   /usr/lib64/libgtk-3.so.0.2420.32
7fd386927000-7fd38693a000 r--p 00726000 00:22 55207762                   /usr/lib64/libgtk-3.so.0.2420.32
7fd38693a000-7fd38693c000 rw-p 00739000 00:22 55207762                   /usr/lib64/libgtk-3.so.0.2420.32
7fd38693c000-7fd386941000 rw-p 00000000 00:00 0 
7fd386941000-7fd386942000 r--s 00000000 00:22 56799330                   /home/fam/.cache/fontconfig/3181d3e48367f3dee824a69a5e9ec5f4-le64.cache-12
7fd386942000-7fd386945000 r--s 00000000 00:22 56799185                   /home/fam/.cache/fontconfig/a11fef9c6b59ddb48eba670bb9bf2c6a-le64.cache-12
7fd386945000-7fd386949000 r-xp 00000000 00:22 52914984                   /usr/lib64/libXtst.so.6.1.0
7fd386949000-7fd38694b000 r--p 00004000 00:22 52914984                   /usr/lib64/libXtst.so.6.1.0
7fd38694b000-7fd38694c000 r--p 00005000 00:22 52914984                   /usr/lib64/libXtst.so.6.1.0
7fd38694c000-7fd38694d000 rw-p 00006000 00:22 52914984                   /usr/lib64/libXtst.so.6.1.0
7fd38694d000-7fd386953000 r-xp 00000000 00:22 52914906                   /usr/lib64/libxcb-render.so.0.0.0
7fd386953000-7fd38695a000 r--p 00006000 00:22 52914906                   /usr/lib64/libxcb-render.so.0.0.0
7fd38695a000-7fd38695b000 r--p 0000d000 00:22 52914906                   /usr/lib64/libxcb-render.so.0.0.0
7fd38695b000-7fd38695c000 rw-p 0000e000 00:22 52914906                   /usr/lib64/libxcb-render.so.0.0.0
7fd38695c000-7fd386964000 r-xp 00000000 00:22 52914972                   /usr/lib64/libXrender.so.1.3.0
7fd386964000-7fd386967000 r--p 00008000 00:22 52914972                   /usr/lib64/libXrender.so.1.3.0
7fd386967000-7fd386968000 r--p 0000a000 00:22 52914972                   /usr/lib64/libXrender.so.1.3.0
7fd386968000-7fd386969000 rw-p 0000b000 00:22 52914972                   /usr/lib64/libXrender.so.1.3.0
7fd386969000-7fd386995000 r-xp 00000000 00:22 52911802                   /usr/lib64/libpng16.so.16.58.0
7fd386995000-7fd3869a4000 r--p 0002c000 00:22 52911802                   /usr/lib64/libpng16.so.16.58.0
7fd3869a4000-7fd3869a5000 r--p 0003a000 00:22 52911802                   /usr/lib64/libpng16.so.16.58.0
7fd3869a5000-7fd3869a6000 rw-p 00000000 00:00 0 
7fd3869a6000-7fd3869e4000 r-xp 00000000 00:22 54044695                   /usr/lib64/libmount.so.1.1.0
7fd3869e4000-7fd3869fd000 r--p 0003e000 00:22 54044695                   /usr/lib64/libmount.so.1.1.0
7fd3869fd000-7fd3869ff000 r--p 00057000 00:22 54044695                   /usr/lib64/libmount.so.1.1.0
7fd3869ff000-7fd386a00000 rw-p 00059000 00:22 54044695                   /usr/lib64/libmount.so.1.1.0
7fd386a00000-7fd386a01000 r-xp 00000000 00:22 57113888                   /usr/lib/jvm/bellsoft-java8-full.x86_64/jre/lib/amd64/libglass.so
7fd386a01000-7fd386c01000 ---p 00001000 00:22 57113888                   /usr/lib/jvm/bellsoft-java8-full.x86_64/jre/lib/amd64/libglass.so
7fd386c01000-7fd386c02000 r--p 00001000 00:22 57113888                   /usr/lib/jvm/bellsoft-java8-full.x86_64/jre/lib/amd64/libglass.so
7fd386c02000-7fd386c03000 rw-p 00002000 00:22 57113888                   /usr/lib/jvm/bellsoft-java8-full.x86_64/jre/lib/amd64/libglass.so
7fd386c03000-7fd386c04000 r--s 00000000 00:22 56799325                   /home/fam/.cache/fontconfig/d84ebaa74cfdbfe1ee61d6ccaa1ec99d-le64.cache-12
7fd386c04000-7fd386c05000 r--s 00000000 00:22 56799320                   /home/fam/.cache/fontconfig/2d6dd0b8817a1ff6b7f6ca6f073bfbb1-le64.cache-12
7fd386c05000-7fd386c0a000 r-xp 00000000 00:22 52977084                   /usr/lib64/libdatrie.so.1.4.1
7fd386c0a000-7fd386c0c000 r--p 00005000 00:22 52977084                   /usr/lib64/libdatrie.so.1.4.1
7fd386c0c000-7fd386c0d000 r--p 00007000 00:22 52977084                   /usr/lib64/libdatrie.so.1.4.1
7fd386c0d000-7fd386c0e000 rw-p 00000000 00:00 0 
7fd386c0e000-7fd386c13000 r-xp 00000000 00:22 52977088                   /usr/lib64/libthai.so.0.3.2
7fd386c13000-7fd386c18000 r--p 00005000 00:22 52977088                   /usr/lib64/libthai.so.0.3.2
7fd386c18000-7fd386c19000 r--p 00009000 00:22 52977088                   /usr/lib64/libthai.so.0.3.2
7fd386c19000-7fd386c1a000 rw-p 0000a000 00:22 52977088                   /usr/lib64/libthai.so.0.3.2
7fd386c1a000-7fd386c3c000 r-xp 00000000 00:22 56693716                   /usr/lib64/libselinux.so.1
7fd386c3c000-7fd386c4a000 r--p 00022000 00:22 56693716                   /usr/lib64/libselinux.so.1
7fd386c4a000-7fd386c4b000 r--p 00030000 00:22 56693716                   /usr/lib64/libselinux.so.1
7fd386c4b000-7fd386c4c000 rw-p 00031000 00:22 56693716                   /usr/lib64/libselinux.so.1
7fd386c4c000-7fd386c4e000 rw-p 00000000 00:00 0 
7fd386c4e000-7fd386ccf000 r-xp 00000000 00:22 52912119                   /usr/lib64/libpcre2-8.so.0.15.0
7fd386ccf000-7fd386cfd000 r--p 00081000 00:22 52912119                   /usr/lib64/libpcre2-8.so.0.15.0
7fd386cfd000-7fd386cfe000 r--p 000ae000 00:22 52912119                   /usr/lib64/libpcre2-8.so.0.15.0
7fd386cfe000-7fd386cff000 rw-p 000af000 00:22 52912119                   /usr/lib64/libpcre2-8.so.0.15.0
7fd386cff000-7fd386d90000 r-xp 00000000 00:22 55207760                   /usr/lib64/libgdk-3.so.0.2420.32
7fd386d90000-7fd386df4000 r--p 00091000 00:22 55207760                   /usr/lib64/libgdk-3.so.0.2420.32
7fd386df4000-7fd386dfe000 r--p 000f5000 00:22 55207760                   /usr/lib64/libgdk-3.so.0.2420.32
7fd386dfe000-7fd386e00000 rw-p 000ff000 00:22 55207760                   /usr/lib64/libgdk-3.so.0.2420.32
7fd386e00000-7fd386e0f000 r-xp 00000000 00:22 57113922                   /usr/lib/jvm/bellsoft-java8-full.x86_64/jre/lib/amd64/libprism_sw.so
7fd386e0f000-7fd38700e000 ---p 0000f000 00:22 57113922                   /usr/lib/jvm/bellsoft-java8-full.x86_64/jre/lib/amd64/libprism_sw.so
7fd38700e000-7fd38700f000 r--p 0000e000 00:22 57113922                   /usr/lib/jvm/bellsoft-java8-full.x86_64/jre/lib/amd64/libprism_sw.so
7fd38700f000-7fd387010000 rw-p 0000f000 00:22 57113922                   /usr/lib/jvm/bellsoft-java8-full.x86_64/jre/lib/amd64/libprism_sw.so
7fd387010000-7fd387011000 r--s 00000000 00:22 56799315                   /home/fam/.cache/fontconfig/94d8fcc0b92ee9fd9900ae8f2843d4cd-le64.cache-12
7fd387011000-7fd387012000 r--s 00000000 00:22 56799285                   /home/fam/.cache/fontconfig/22f06f3be2d16d058da85b73ae1dc5b1-le64.cache-12
7fd387012000-7fd38702f000 r-xp 00000000 00:22 52911739                   /usr/lib64/libz.so.1.3.1.zlib-ng
7fd38702f000-7fd38703a000 r--p 0001d000 00:22 52911739                   /usr/lib64/libz.so.1.3.1.zlib-ng
7fd38703a000-7fd38703b000 r--p 00027000 00:22 52911739                   /usr/lib64/libz.so.1.3.1.zlib-ng
7fd38703b000-7fd38703c000 rw-p 00028000 00:22 52911739                   /usr/lib64/libz.so.1.3.1.zlib-ng
7fd38703c000-7fd387047000 r-xp 00000000 00:22 52914192                   /usr/lib64/libffi.so.8.2.0
7fd387047000-7fd38704a000 r--p 0000b000 00:22 52914192                   /usr/lib64/libffi.so.8.2.0
7fd38704a000-7fd38704b000 r--p 0000e000 00:22 52914192                   /usr/lib64/libffi.so.8.2.0
7fd38704b000-7fd38704c000 rw-p 0000f000 00:22 52914192                   /usr/lib64/libffi.so.8.2.0
7fd38704c000-7fd38707c000 r-xp 00000000 00:22 52913998                   /usr/lib64/libxkbcommon.so.0.13.1
7fd38707c000-7fd3870a8000 r--p 00030000 00:22 52913998                   /usr/lib64/libxkbcommon.so.0.13.1
7fd3870a8000-7fd3870aa000 r--p 0005b000 00:22 52913998                   /usr/lib64/libxkbcommon.so.0.13.1
7fd3870aa000-7fd3870ab000 rw-p 0005d000 00:22 52913998                   /usr/lib64/libxkbcommon.so.0.13.1
7fd3870ab000-7fd387150000 r-xp 00000000 00:22 57537285                   /usr/lib64/libX11.so.6.4.0
7fd387150000-7fd3871f9000 r--p 000a5000 00:22 57537285                   /usr/lib64/libX11.so.6.4.0
7fd3871f9000-7fd3871fc000 r--p 0014d000 00:22 57537285                   /usr/lib64/libX11.so.6.4.0
7fd3871fc000-7fd387200000 rw-p 00150000 00:22 57537285                   /usr/lib64/libX11.so.6.4.0
7fd387200000-7fd387218000 r-xp 00000000 00:22 57113917                   /usr/lib/jvm/bellsoft-java8-full.x86_64/jre/lib/amd64/libnet.so
7fd387218000-7fd387417000 ---p 00018000 00:22 57113917                   /usr/lib/jvm/bellsoft-java8-full.x86_64/jre/lib/amd64/libnet.so
7fd387417000-7fd387418000 r--p 00017000 00:22 57113917                   /usr/lib/jvm/bellsoft-java8-full.x86_64/jre/lib/amd64/libnet.so
7fd387418000-7fd387419000 rw-p 00018000 00:22 57113917                   /usr/lib/jvm/bellsoft-java8-full.x86_64/jre/lib/amd64/libnet.so
7fd387419000-7fd38741b000 r--s 00000000 00:22 56799245                   /home/fam/.cache/fontconfig/383aa4c3ea81d46e4a1459cd427fba23-le64.cache-12
7fd38741b000-7fd38741c000 r-xp 00000000 00:22 55206951                   /usr/lib64/libgthread-2.0.so.0.8800.3
7fd38741c000-7fd38741d000 r--p 00001000 00:22 55206951                   /usr/lib64/libgthread-2.0.so.0.8800.3
7fd38741d000-7fd38741e000 r--p 00001000 00:22 55206951                   /usr/lib64/libgthread-2.0.so.0.8800.3
7fd38741e000-7fd38741f000 rw-p 00000000 00:00 0 
7fd38741f000-7fd387420000 r-xp 00000000 00:22 52914914                   /usr/lib64/libxcb-shm.so.0.0.0
7fd387420000-7fd387421000 r--p 00001000 00:22 52914914                   /usr/lib64/libxcb-shm.so.0.0.0
7fd387421000-7fd387422000 r--p 00002000 00:22 52914914                   /usr/lib64/libxcb-shm.so.0.0.0
7fd387422000-7fd387423000 rw-p 00003000 00:22 52914914                   /usr/lib64/libxcb-shm.so.0.0.0
7fd387423000-7fd3874a9000 r-xp 00000000 00:22 52928004                   /usr/lib64/libtinysparql-3.0.so.0.1101.0
7fd3874a9000-7fd3874f0000 r--p 00086000 00:22 52928004                   /usr/lib64/libtinysparql-3.0.so.0.1101.0
7fd3874f0000-7fd3874ff000 r--p 000cc000 00:22 52928004                   /usr/lib64/libtinysparql-3.0.so.0.1101.0
7fd3874ff000-7fd387500000 rw-p 000db000 00:22 52928004                   /usr/lib64/libtinysparql-3.0.so.0.1101.0
7fd387500000-7fd387503000 ---p 00000000 00:00 0 
7fd387503000-7fd387600000 rw-p 00000000 00:00 0 
7fd387600000-7fd387611000 r-xp 00000000 00:22 57113918                   /usr/lib/jvm/bellsoft-java8-full.x86_64/jre/lib/amd64/libnio.so
7fd387611000-7fd387811000 ---p 00011000 00:22 57113918                   /usr/lib/jvm/bellsoft-java8-full.x86_64/jre/lib/amd64/libnio.so
7fd387811000-7fd387812000 r--p 00011000 00:22 57113918                   /usr/lib/jvm/bellsoft-java8-full.x86_64/jre/lib/amd64/libnio.so
7fd387812000-7fd387813000 rw-p 00012000 00:22 57113918                   /usr/lib/jvm/bellsoft-java8-full.x86_64/jre/lib/amd64/libnio.so
7fd387813000-7fd387814000 r-xp 00000000 00:22 52914968                   /usr/lib64/libXinerama.so.1.0.0
7fd387814000-7fd387815000 r--p 00001000 00:22 52914968                   /usr/lib64/libXinerama.so.1.0.0
7fd387815000-7fd387816000 r--p 00001000 00:22 52914968                   /usr/lib64/libXinerama.so.1.0.0
7fd387816000-7fd387817000 rw-p 00002000 00:22 52914968                   /usr/lib64/libXinerama.so.1.0.0
7fd387817000-7fd38781f000 r-xp 00000000 00:22 52914978                   /usr/lib64/libXrandr.so.2.2.0
7fd38781f000-7fd387822000 r--p 00008000 00:22 52914978                   /usr/lib64/libXrandr.so.2.2.0
7fd387822000-7fd387823000 r--p 0000b000 00:22 52914978                   /usr/lib64/libXrandr.so.2.2.0
7fd387823000-7fd387824000 rw-p 0000c000 00:22 52914978                   /usr/lib64/libXrandr.so.2.2.0
7fd387824000-7fd38782b000 r-xp 00000000 00:22 52915418                   /usr/lib64/libXcursor.so.1.0.2
7fd38782b000-7fd38782f000 r--p 00007000 00:22 52915418                   /usr/lib64/libXcursor.so.1.0.2
7fd38782f000-7fd387830000 r--p 0000b000 00:22 52915418                   /usr/lib64/libXcursor.so.1.0.2
7fd387830000-7fd387831000 rw-p 00000000 00:00 0 
7fd387831000-7fd38783d000 r-xp 00000000 00:22 52914945                   /usr/lib64/libXext.so.6.4.0
7fd38783d000-7fd387843000 r--p 0000c000 00:22 52914945                   /usr/lib64/libXext.so.6.4.0
7fd387843000-7fd387844000 r--p 00011000 00:22 52914945                   /usr/lib64/libXext.so.6.4.0
7fd387844000-7fd387845000 rw-p 00012000 00:22 52914945                   /usr/lib64/libXext.so.6.4.0
7fd387845000-7fd387848000 r-xp 00000000 00:22 56694306                   /usr/lib64/libwayland-cursor.so.0.26.0
7fd387848000-7fd38784a000 r--p 00003000 00:22 56694306                   /usr/lib64/libwayland-cursor.so.0.26.0
7fd38784a000-7fd38784b000 r--p 00004000 00:22 56694306                   /usr/lib64/libwayland-cursor.so.0.26.0
7fd38784b000-7fd38784f000 rw-p 00005000 00:22 56694306                   /usr/lib64/libwayland-cursor.so.0.26.0
7fd38784f000-7fd387853000 r-xp 00000000 00:22 52914951                   /usr/lib64/libXfixes.so.3.1.0
7fd387853000-7fd387855000 r--p 00004000 00:22 52914951                   /usr/lib64/libXfixes.so.3.1.0
7fd387855000-7fd387856000 r--p 00006000 00:22 52914951                   /usr/lib64/libXfixes.so.3.1.0
7fd387856000-7fd387857000 rw-p 00007000 00:22 52914951                   /usr/lib64/libXfixes.so.3.1.0
7fd387857000-7fd38785f000 r-xp 00000000 00:22 56693586                   /usr/lib64/libwayland-client.so.0.26.0
7fd38785f000-7fd387864000 r--p 00008000 00:22 56693586                   /usr/lib64/libwayland-client.so.0.26.0
7fd387864000-7fd387866000 r--p 0000d000 00:22 56693586                   /usr/lib64/libwayland-client.so.0.26.0
7fd387866000-7fd387867000 rw-p 0000f000 00:22 56693586                   /usr/lib64/libwayland-client.so.0.26.0
7fd387867000-7fd387883000 r-xp 00000000 00:22 56694301                   /usr/lib64/libatk-bridge-2.0.so.0.0.0
7fd387883000-7fd3878a1000 r--p 0001c000 00:22 56694301                   /usr/lib64/libatk-bridge-2.0.so.0.0.0
7fd3878a1000-7fd3878a3000 r--p 00039000 00:22 56694301                   /usr/lib64/libatk-bridge-2.0.so.0.0.0
7fd3878a3000-7fd3878a5000 rw-p 0003b000 00:22 56694301                   /usr/lib64/libatk-bridge-2.0.so.0.0.0
7fd3878a5000-7fd3878b6000 r-xp 00000000 00:22 56694141                   /usr/lib64/libatk-1.0.so.0.26016.1
7fd3878b6000-7fd3878c8000 r--p 00011000 00:22 56694141                   /usr/lib64/libatk-1.0.so.0.26016.1
7fd3878c8000-7fd3878cb000 r--p 00022000 00:22 56694141                   /usr/lib64/libatk-1.0.so.0.26016.1
7fd3878cb000-7fd3878cc000 rw-p 00025000 00:22 56694141                   /usr/lib64/libatk-1.0.so.0.26016.1
7fd3878cc000-7fd3878e9000 r-xp 00000000 00:22 56035438                   /usr/lib64/libgdk_pixbuf-2.0.so.0.4400.4
7fd3878e9000-7fd3878f9000 r--p 0001d000 00:22 56035438                   /usr/lib64/libgdk_pixbuf-2.0.so.0.4400.4
7fd3878f9000-7fd3878fb000 r--p 0002c000 00:22 56035438                   /usr/lib64/libgdk_pixbuf-2.0.so.0.4400.4
7fd3878fb000-7fd3878fc000 rw-p 0002e000 00:22 56035438                   /usr/lib64/libgdk_pixbuf-2.0.so.0.4400.4
7fd3878fc000-7fd3879fd000 rw-p 00000000 00:00 0 
7fd3879fd000-7fd387a00000 ---p 00000000 00:00 0 
7fd387a00000-7fd387afe000 rw-p 00000000 00:00 0 
7fd387afe000-7fd387b01000 ---p 00000000 00:00 0 
7fd387b01000-7fd387bff000 rw-p 00000000 00:00 0 
7fd387bff000-7fd387c02000 ---p 00000000 00:00 0 
7fd387c02000-7fd387d00000 rw-p 00000000 00:00 0 
7fd387d00000-7fd387d03000 ---p 00000000 00:00 0 
7fd387d03000-7fd387e00000 rw-p 00000000 00:00 0 
7fd387e00000-7fd387e03000 ---p 00000000 00:00 0 
7fd387e03000-7fd387f00000 rw-p 00000000 00:00 0 
7fd387f00000-7fd387f03000 ---p 00000000 00:00 0 
7fd387f03000-7fd388000000 rw-p 00000000 00:00 0 
7fd388000000-7fd388021000 rw-p 00000000 00:00 0 
7fd388021000-7fd38c000000 ---p 00000000 00:00 0 
7fd38c000000-7fd38c021000 rw-p 00000000 00:00 0 
7fd38c021000-7fd390000000 ---p 00000000 00:00 0 
7fd390000000-7fd390021000 rw-p 00000000 00:00 0 
7fd390021000-7fd394000000 ---p 00000000 00:00 0 
7fd394000000-7fd394021000 rw-p 00000000 00:00 0 
7fd394021000-7fd398000000 ---p 00000000 00:00 0 
7fd398000000-7fd398021000 rw-p 00000000 00:00 0 
7fd398021000-7fd39c000000 ---p 00000000 00:00 0 
7fd39c000000-7fd39c001000 r-xp 00000000 00:22 52914988                   /usr/lib64/libXcomposite.so.1.0.0
7fd39c001000-7fd39c002000 r--p 00001000 00:22 52914988                   /usr/lib64/libXcomposite.so.1.0.0
7fd39c002000-7fd39c003000 r--p 00001000 00:22 52914988                   /usr/lib64/libXcomposite.so.1.0.0
7fd39c003000-7fd39c004000 rw-p 00000000 00:00 0 
7fd39c004000-7fd39c010000 r-xp 00000000 00:22 56069151                   /usr/lib64/libcloudproviders.so.0.4.1
7fd39c010000-7fd39c01b000 r--p 0000c000 00:22 56069151                   /usr/lib64/libcloudproviders.so.0.4.1
7fd39c01b000-7fd39c01c000 r--p 00017000 00:22 56069151                   /usr/lib64/libcloudproviders.so.0.4.1
7fd39c01c000-7fd39c01d000 rw-p 00018000 00:22 56069151                   /usr/lib64/libcloudproviders.so.0.4.1
7fd39c01d000-7fd39c020000 ---p 00000000 00:00 0 
7fd39c020000-7fd39c21e000 rw-p 00000000 00:00 0 
7fd39c21e000-7fd3a4021000 rw-p 00000000 00:00 0 
7fd3a4021000-7fd3a8000000 ---p 00000000 00:00 0 
7fd3a8000000-7fd3a8001000 r-xp 00000000 00:22 52914961                   /usr/lib64/libXdamage.so.1.1.0
7fd3a8001000-7fd3a8002000 r--p 00001000 00:22 52914961                   /usr/lib64/libXdamage.so.1.1.0
7fd3a8002000-7fd3a8003000 r--p 00001000 00:22 52914961                   /usr/lib64/libXdamage.so.1.1.0
7fd3a8003000-7fd3a8004000 rw-p 00000000 00:00 0 
7fd3a8004000-7fd3a8011000 r-xp 00000000 00:22 52914957                   /usr/lib64/libXi.so.6.1.0
7fd3a8011000-7fd3a8015000 r--p 0000d000 00:22 52914957                   /usr/lib64/libXi.so.6.1.0
7fd3a8015000-7fd3a8016000 r--p 00011000 00:22 52914957                   /usr/lib64/libXi.so.6.1.0
7fd3a8016000-7fd3a8017000 rw-p 00012000 00:22 52914957                   /usr/lib64/libXi.so.6.1.0
7fd3a8017000-7fd3a801d000 r-xp 00000000 00:22 52914181                   /usr/lib64/libfribidi.so.0.4.0
7fd3a801d000-7fd3a8035000 r--p 00006000 00:22 52914181                   /usr/lib64/libfribidi.so.0.4.0
7fd3a8035000-7fd3a8036000 r--p 0001d000 00:22 52914181                   /usr/lib64/libfribidi.so.0.4.0
7fd3a8036000-7fd3a8037000 rw-p 0001e000 00:22 52914181                   /usr/lib64/libfribidi.so.0.4.0
7fd3a8037000-7fd3a806a000 r-xp 00000000 00:22 52925389                   /usr/lib64/libfontconfig.so.1.16.0
7fd3a806a000-7fd3a8087000 r--p 00033000 00:22 52925389                   /usr/lib64/libfontconfig.so.1.16.0
7fd3a8087000-7fd3a8089000 r--p 00050000 00:22 52925389                   /usr/lib64/libfontconfig.so.1.16.0
7fd3a8089000-7fd3a808a000 rw-p 00052000 00:22 52925389                   /usr/lib64/libfontconfig.so.1.16.0
7fd3a808a000-7fd3a80cc000 r-xp 00000000 00:22 52977112                   /usr/lib64/libpango-1.0.so.0.5701.0
7fd3a80cc000-7fd3a80f4000 r--p 00042000 00:22 52977112                   /usr/lib64/libpango-1.0.so.0.5701.0
7fd3a80f4000-7fd3a80f8000 r--p 00069000 00:22 52977112                   /usr/lib64/libpango-1.0.so.0.5701.0
7fd3a80f8000-7fd3a80f9000 rw-p 0006d000 00:22 52977112                   /usr/lib64/libpango-1.0.so.0.5701.0
7fd3a80f9000-7fd3a8d40000 rw-p 00000000 00:00 0 
7fd3a8d40000-7fd3a9000000 ---p 00000000 00:00 0 
7fd3a9000000-7fd3a9270000 rwxp 00000000 00:00 0 
7fd3a9270000-7fd3b8000000 ---p 00000000 00:00 0 
7fd3b8000000-7fd3b8604000 rw-p 00000000 00:00 0 
7fd3b8604000-7fd3bc000000 ---p 00000000 00:00 0 
7fd3bc000000-7fd3bc002000 r--s 00000000 00:22 56799240                   /home/fam/.cache/fontconfig/cc4435afd06e20625c417ffcddec4f51-le64.cache-12
7fd3bc002000-7fd3bc003000 r-xp 00000000 00:22 56699288                   /usr/lib64/libwayland-egl.so.1.26.0
7fd3bc003000-7fd3bc004000 r--p 00001000 00:22 56699288                   /usr/lib64/libwayland-egl.so.1.26.0
7fd3bc004000-7fd3bc005000 r--p 00001000 00:22 56699288                   /usr/lib64/libwayland-egl.so.1.26.0
7fd3bc005000-7fd3bc006000 rw-p 00000000 00:00 0 
7fd3bc006000-7fd3bc015000 r-xp 00000000 00:22 52977116                   /usr/lib64/libpangoft2-1.0.so.0.5701.0
7fd3bc015000-7fd3bc020000 r--p 0000f000 00:22 52977116                   /usr/lib64/libpangoft2-1.0.so.0.5701.0
7fd3bc020000-7fd3bc021000 r--p 0001a000 00:22 52977116                   /usr/lib64/libpangoft2-1.0.so.0.5701.0
7fd3bc021000-7fd3bc022000 rw-p 00000000 00:00 0 
7fd3bc022000-7fd3bc02c000 r-xp 00000000 00:22 52977114                   /usr/lib64/libpangocairo-1.0.so.0.5701.0
7fd3bc02c000-7fd3bc033000 r--p 0000a000 00:22 52977114                   /usr/lib64/libpangocairo-1.0.so.0.5701.0
7fd3bc033000-7fd3bc034000 r--p 00010000 00:22 52977114                   /usr/lib64/libpangocairo-1.0.so.0.5701.0
7fd3bc034000-7fd3bc035000 rw-p 00011000 00:22 52977114                   /usr/lib64/libpangocairo-1.0.so.0.5701.0
7fd3bc035000-7fd3bc06e000 r-xp 00000000 00:22 55206949                   /usr/lib64/libgobject-2.0.so.0.8800.3
7fd3bc06e000-7fd3bc092000 r--p 00039000 00:22 55206949                   /usr/lib64/libgobject-2.0.so.0.8800.3
7fd3bc092000-7fd3bc095000 r--p 0005d000 00:22 55206949                   /usr/lib64/libgobject-2.0.so.0.8800.3
7fd3bc095000-7fd3bc096000 rw-p 00060000 00:22 55206949                   /usr/lib64/libgobject-2.0.so.0.8800.3
7fd3bc096000-7fd3bc0aa000 r-xp 00000000 00:22 52914936                   /usr/lib64/libxcb.so.1.1.0
7fd3bc0aa000-7fd3bc0be000 r--p 00014000 00:22 52914936                   /usr/lib64/libxcb.so.1.1.0
7fd3bc0be000-7fd3bc0bf000 r--p 00028000 00:22 52914936                   /usr/lib64/libxcb.so.1.1.0
7fd3bc0bf000-7fd3bc0c0000 rw-p 00029000 00:22 52914936                   /usr/lib64/libxcb.so.1.1.0
7fd3bc0c0000-7fd3bc6c6000 rw-p 00000000 00:00 0 
7fd3bc6c6000-7fd3bc898000 r--s 03cde000 00:22 57114002                   /usr/lib/jvm/bellsoft-java8-full.x86_64/jre/lib/rt.jar
7fd3bc898000-7fd3bd056000 rw-p 00000000 00:00 0 
7fd3bd056000-7fd3bd157000 rw-p 00000000 00:00 0 
7fd3bd157000-7fd3bd1aa000 rw-p 00000000 00:00 0 
7fd3bd1aa000-7fd3bd681000 ---p 00000000 00:00 0 
7fd3bd681000-7fd3bd6d4000 rw-p 00000000 00:00 0 
7fd3bd6d4000-7fd3bdbaa000 ---p 00000000 00:00 0 
7fd3bdbaa000-7fd3bdbd4000 rw-p 00000000 00:00 0 
7fd3bdbd4000-7fd3bde3f000 ---p 00000000 00:00 0 
7fd3bde3f000-7fd3bde4a000 rw-p 00000000 00:00 0 
7fd3bde4a000-7fd3be200000 ---p 00000000 00:00 0 
7fd3be200000-7fd3be21b000 r-xp 00000000 00:22 57113929                   /usr/lib/jvm/bellsoft-java8-full.x86_64/jre/lib/amd64/libzip.so
7fd3be21b000-7fd3be41b000 ---p 0001b000 00:22 57113929                   /usr/lib/jvm/bellsoft-java8-full.x86_64/jre/lib/amd64/libzip.so
7fd3be41b000-7fd3be41c000 r--p 0001b000 00:22 57113929                   /usr/lib/jvm/bellsoft-java8-full.x86_64/jre/lib/amd64/libzip.so
7fd3be41c000-7fd3be41d000 rw-p 0001c000 00:22 57113929                   /usr/lib/jvm/bellsoft-java8-full.x86_64/jre/lib/amd64/libzip.so
7fd3be41d000-7fd3be41f000 r-xp 00000000 00:22 52925725                   /usr/lib64/libcairo-gobject.so.2.11804.4
7fd3be41f000-7fd3be423000 r--p 00002000 00:22 52925725                   /usr/lib64/libcairo-gobject.so.2.11804.4
7fd3be423000-7fd3be425000 r--p 00005000 00:22 52925725                   /usr/lib64/libcairo-gobject.so.2.11804.4
7fd3be425000-7fd3be426000 rw-p 00000000 00:00 0 
7fd3be426000-7fd3be428000 r-xp 00000000 00:22 55206947                   /usr/lib64/libgmodule-2.0.so.0.8800.3
7fd3be428000-7fd3be42a000 r--p 00002000 00:22 55206947                   /usr/lib64/libgmodule-2.0.so.0.8800.3
7fd3be42a000-7fd3be42b000 r--p 00003000 00:22 55206947                   /usr/lib64/libgmodule-2.0.so.0.8800.3
7fd3be42b000-7fd3be42c000 rw-p 00004000 00:22 55206947                   /usr/lib64/libgmodule-2.0.so.0.8800.3
7fd3be42c000-7fd3be42e000 r-xp 00000000 00:22 52914853                   /usr/lib64/libXau.so.6.0.0
7fd3be42e000-7fd3be42f000 r--p 00002000 00:22 52914853                   /usr/lib64/libXau.so.6.0.0
7fd3be42f000-7fd3be430000 r--p 00003000 00:22 52914853                   /usr/lib64/libXau.so.6.0.0
7fd3be430000-7fd3be431000 rw-p 00000000 00:00 0 
7fd3be431000-7fd3be432000 r--s 00000000 00:22 57588802                   /home/fam/.cache/fontconfig/a1059391c956b3cbc42a78cac70f430a-le64.cache-12
7fd3be432000-7fd3be433000 r--s 00000000 00:22 57588800                   /home/fam/.cache/fontconfig/aa02322cc1375fea2382deabf4339973-le64.cache-12
7fd3be433000-7fd3be434000 r--s 00000000 00:22 56799255                   /home/fam/.cache/fontconfig/7ee6df7a8311986241317a58487e0145-le64.cache-12
7fd3be434000-7fd3be435000 r--s 00000000 00:22 56799230                   /home/fam/.cache/fontconfig/0f80fa86029ae75a63f21d682b864529-le64.cache-12
7fd3be436000-7fd3be437000 r--p 00000000 00:22 54805925                   /etc/dconf/db/distro
7fd3be437000-7fd3be453000 r--p 00000000 00:22 55207826                   /usr/share/locale/es/LC_MESSAGES/gtk30.mo
7fd3be453000-7fd3be484000 rw-p 00000000 00:00 0 
7fd3be484000-7fd3be496000 r--s 001fc000 00:22 57493017                   /home/fam/NetBeansProjects/kylgis_Pos_Kitchen_Scr/lib/ojdbc6.jar
7fd3be496000-7fd3be4a0000 r--s 000e8000 00:22 57493016                   /home/fam/NetBeansProjects/kylgis_Pos_Kitchen_Scr/lib/mysql-connector-java-5.1.26-bin.jar
7fd3be4a0000-7fd3be4ff000 r--s 004ab000 00:22 57493005                   /home/fam/NetBeansProjects/kylgis_Pos_Kitchen_Scr/lib/hibernate-core-4.3.10.Final.jar
7fd3be4ff000-7fd3be600000 rw-p 00000000 00:00 0 
7fd3be600000-7fd3be62a000 r-xp 00000000 00:22 57113898                   /usr/lib/jvm/bellsoft-java8-full.x86_64/jre/lib/amd64/libjava.so
7fd3be62a000-7fd3be829000 ---p 0002a000 00:22 57113898                   /usr/lib/jvm/bellsoft-java8-full.x86_64/jre/lib/amd64/libjava.so
7fd3be829000-7fd3be82a000 r--p 00029000 00:22 57113898                   /usr/lib/jvm/bellsoft-java8-full.x86_64/jre/lib/amd64/libjava.so
7fd3be82a000-7fd3be82c000 rw-p 0002a000 00:22 57113898                   /usr/lib/jvm/bellsoft-java8-full.x86_64/jre/lib/amd64/libjava.so
7fd3be82c000-7fd3be82d000 r--p 00000000 00:22 54805929                   /etc/dconf/db/site
7fd3be82d000-7fd3be82e000 r--p 00000000 00:22 54805928                   /etc/dconf/db/local
7fd3be82e000-7fd3be835000 r--s 00096000 00:22 57493018                   /home/fam/NetBeansProjects/kylgis_Pos_Kitchen_Scr/lib/postgresql-9.4-1201.jdbc4.jar
7fd3be835000-7fd3be851000 r--s 001c2000 00:22 57493014                   /home/fam/NetBeansProjects/kylgis_Pos_Kitchen_Scr/lib/liquibase.jar
7fd3be851000-7fd3be853000 r--s 0000c000 00:22 57493010                   /home/fam/NetBeansProjects/kylgis_Pos_Kitchen_Scr/lib/jboss-logging-3.1.3.GA.jar
7fd3be853000-7fd3be85d000 r--s 000a5000 00:22 57493009                   /home/fam/NetBeansProjects/kylgis_Pos_Kitchen_Scr/lib/javassist-3.18.1-GA.jar
7fd3be85d000-7fd3be85f000 r--s 00011000 00:22 57493008                   /home/fam/NetBeansProjects/kylgis_Pos_Kitchen_Scr/lib/jandex-1.1.0.Final.jar
7fd3be85f000-7fd3be86d000 r--s 0015a000 00:22 57493007                   /home/fam/NetBeansProjects/kylgis_Pos_Kitchen_Scr/lib/hsqldb.jar
7fd3be86d000-7fd3be8ff000 r--s 01406000 00:22 57113950                   /usr/lib/jvm/bellsoft-java8-full.x86_64/jre/lib/ext/jfxrt.jar
7fd3be8ff000-7fd3bea00000 rw-p 00000000 00:00 0 
7fd3bea00000-7fd3bea0d000 r-xp 00000000 00:22 57113928                   /usr/lib/jvm/bellsoft-java8-full.x86_64/jre/lib/amd64/libverify.so
7fd3bea0d000-7fd3bec0c000 ---p 0000d000 00:22 57113928                   /usr/lib/jvm/bellsoft-java8-full.x86_64/jre/lib/amd64/libverify.so
7fd3bec0c000-7fd3bec0e000 r--p 0000c000 00:22 57113928                   /usr/lib/jvm/bellsoft-java8-full.x86_64/jre/lib/amd64/libverify.so
7fd3bec0e000-7fd3bec0f000 rw-p 0000e000 00:22 57113928                   /usr/lib/jvm/bellsoft-java8-full.x86_64/jre/lib/amd64/libverify.so
7fd3bec0f000-7fd3bec10000 r--s 00000000 00:4f 9967                       /run/user/1000/dconf/user
7fd3bec10000-7fd3bec15000 r--s 00017000 00:22 57493006                   /home/fam/NetBeansProjects/kylgis_Pos_Kitchen_Scr/lib/hibernate-jpa-2.1-api-1.0.0.Final.jar
7fd3bec15000-7fd3bec18000 r--s 00010000 00:22 57493004                   /home/fam/NetBeansProjects/kylgis_Pos_Kitchen_Scr/lib/hibernate-commons-annotations-4.0.5.Final.jar
7fd3bec18000-7fd3bec26000 r--s 00080000 00:22 57493015                   /home/fam/NetBeansProjects/kylgis_Pos_Kitchen_Scr/lib/mchange-commons-java-0.2.3.4.jar
7fd3bec26000-7fd3becff000 rw-p 00000000 00:00 0 
7fd3becff000-7fd3bee00000 rw-p 00000000 00:00 0 
7fd3bee00000-7fd3bfb63000 r-xp 00000000 00:22 57113933                   /usr/lib/jvm/bellsoft-java8-full.x86_64/jre/lib/amd64/server/libjvm.so
7fd3bfb63000-7fd3bfd63000 ---p 00d63000 00:22 57113933                   /usr/lib/jvm/bellsoft-java8-full.x86_64/jre/lib/amd64/server/libjvm.so
7fd3bfd63000-7fd3bfdfa000 r--p 00d63000 00:22 57113933                   /usr/lib/jvm/bellsoft-java8-full.x86_64/jre/lib/amd64/server/libjvm.so
7fd3bfdfa000-7fd3bfe23000 rw-p 00dfa000 00:22 57113933                   /usr/lib/jvm/bellsoft-java8-full.x86_64/jre/lib/amd64/server/libjvm.so
7fd3bfe23000-7fd3bfe56000 rw-p 00000000 00:00 0 
7fd3bfe56000-7fd3bfe57000 r--s 00006000 00:22 57493012                   /home/fam/NetBeansProjects/kylgis_Pos_Kitchen_Scr/lib/jboss-transaction-api_1.2_spec-1.0.0.Final.jar
7fd3bfe57000-7fd3bfe5d000 r--s 0007e000 00:22 57493001                   /home/fam/NetBeansProjects/kylgis_Pos_Kitchen_Scr/lib/derbyclient.jar
7fd3bfe5d000-7fd3bff06000 rw-p 00000000 00:00 0 
7fd3bff06000-7fd3bff07000 rw-p 00000000 00:00 0 
7fd3bff07000-7fd3bff0a000 ---p 00000000 00:00 0 
7fd3bff0a000-7fd3c0007000 rw-p 00000000 00:00 0 
7fd3c0007000-7fd3c0179000 r-xp 00000000 00:22 57529714                   /usr/lib64/libc.so.6
7fd3c0179000-7fd3c01f2000 r--p 00172000 00:22 57529714                   /usr/lib64/libc.so.6
7fd3c01f2000-7fd3c01f6000 r--p 001eb000 00:22 57529714                   /usr/lib64/libc.so.6
7fd3c01f6000-7fd3c01f8000 rw-p 001ef000 00:22 57529714                   /usr/lib64/libc.so.6
7fd3c01f8000-7fd3c0200000 rw-p 00000000 00:00 0 
7fd3c0200000-7fd3c0218000 r-xp 00000000 00:22 57114020                   /usr/lib/jvm/bellsoft-java8-full.x86_64/lib/amd64/jli/libjli.so
7fd3c0218000-7fd3c0417000 ---p 00018000 00:22 57114020                   /usr/lib/jvm/bellsoft-java8-full.x86_64/lib/amd64/jli/libjli.so
7fd3c0417000-7fd3c0418000 r--p 00017000 00:22 57114020                   /usr/lib/jvm/bellsoft-java8-full.x86_64/lib/amd64/jli/libjli.so
7fd3c0418000-7fd3c0419000 rw-p 00018000 00:22 57114020                   /usr/lib/jvm/bellsoft-java8-full.x86_64/lib/amd64/jli/libjli.so
7fd3c0419000-7fd3c041a000 r--s 00002000 00:22 57493011                   /home/fam/NetBeansProjects/kylgis_Pos_Kitchen_Scr/lib/jboss-logging-annotations-1.2.0.Beta1.jar
7fd3c041a000-7fd3c041b000 r--s 00009000 00:22 57493003                   /home/fam/NetBeansProjects/kylgis_Pos_Kitchen_Scr/lib/hibernate-c3p0-4.3.10.Final.jar
7fd3c041b000-7fd3c04d3000 rw-p 00000000 00:00 0 
7fd3c04d3000-7fd3c04d4000 r-xp 00000000 00:22 57529724                   /usr/lib64/librt.so.1
7fd3c04d4000-7fd3c04d5000 r--p 00001000 00:22 57529724                   /usr/lib64/librt.so.1
7fd3c04d5000-7fd3c04d6000 r--p 00001000 00:22 57529724                   /usr/lib64/librt.so.1
7fd3c04d6000-7fd3c04d7000 rw-p 00000000 00:00 0 
7fd3c04d7000-7fd3c0566000 r-xp 00000000 00:22 57529716                   /usr/lib64/libm.so.6
7fd3c0566000-7fd3c05ec000 r--p 0008f000 00:22 57529716                   /usr/lib64/libm.so.6
7fd3c05ec000-7fd3c05ed000 r--p 00114000 00:22 57529716                   /usr/lib64/libm.so.6
7fd3c05ed000-7fd3c05ee000 rw-p 00115000 00:22 57529716                   /usr/lib64/libm.so.6
7fd3c05ee000-7fd3c05f0000 rw-p 00000000 00:00 0 
7fd3c05f0000-7fd3c05f1000 r-xp 00000000 00:22 57529715                   /usr/lib64/libdl.so.2
7fd3c05f1000-7fd3c05f2000 r--p 00001000 00:22 57529715                   /usr/lib64/libdl.so.2
7fd3c05f2000-7fd3c05f3000 r--p 00001000 00:22 57529715                   /usr/lib64/libdl.so.2
7fd3c05f3000-7fd3c05f4000 rw-p 00000000 00:00 0 
7fd3c05f4000-7fd3c05f5000 r-xp 00000000 00:22 57529722                   /usr/lib64/libpthread.so.0
7fd3c05f5000-7fd3c05f6000 r--p 00001000 00:22 57529722                   /usr/lib64/libpthread.so.0
7fd3c05f6000-7fd3c05f7000 r--p 00001000 00:22 57529722                   /usr/lib64/libpthread.so.0
7fd3c05f7000-7fd3c05f8000 rw-p 00000000 00:00 0 
7fd3c05f8000-7fd3c05fd000 r--s 00048000 00:22 57493002                   /home/fam/NetBeansProjects/kylgis_Pos_Kitchen_Scr/lib/dom4j-1.6.1.jar
7fd3c05fd000-7fd3c0604000 r--s 00061000 00:22 57493000                   /home/fam/NetBeansProjects/kylgis_Pos_Kitchen_Scr/lib/c3p0-0.9.2.1.jar
7fd3c0604000-7fd3c0609000 r--s 00068000 00:22 57492999                   /home/fam/NetBeansProjects/kylgis_Pos_Kitchen_Scr/lib/antlr-2.7.7.jar
7fd3c0609000-7fd3c0610000 r--s 000d3000 00:22 57113984                   /usr/lib/jvm/bellsoft-java8-full.x86_64/jre/lib/jfr.jar
7fd3c0610000-7fd3c0618000 rw-s 00000000 00:25 53840                      /tmp/hsperfdata_fam/293835
7fd3c0618000-7fd3c0619000 rw-p 00000000 00:00 0 
7fd3c0619000-7fd3c061a000 r--p 00000000 00:00 0 
7fd3c061a000-7fd3c061c000 rw-p 00000000 00:00 0 
7fd3c061c000-7fd3c0620000 r--p 00000000 00:00 0                          [vvar]
7fd3c0620000-7fd3c0622000 r--p 00000000 00:00 0                          [vvar_vclock]
7fd3c0622000-7fd3c0624000 r-xp 00000000 00:00 0                          [vdso]
7fd3c0624000-7fd3c064f000 r-xp 00000000 00:22 57529711                   /usr/lib64/ld-linux-x86-64.so.2
7fd3c064f000-7fd3c065b000 r--p 0002b000 00:22 57529711                   /usr/lib64/ld-linux-x86-64.so.2
7fd3c065b000-7fd3c065d000 r--p 00037000 00:22 57529711                   /usr/lib64/ld-linux-x86-64.so.2
7fd3c065d000-7fd3c065e000 rw-p 00039000 00:22 57529711                   /usr/lib64/ld-linux-x86-64.so.2
7fd3c065e000-7fd3c065f000 rw-p 00000000 00:00 0 
7ffffb41a000-7ffffb43c000 rw-p 00000000 00:00 0                          [stack]
ffffffffff600000-ffffffffff601000 --xp 00000000 00:00 0                  [vsyscall]

VM Arguments:
jvm_args: -Dfile.encoding=UTF-8 -Dprism.order=sw 
java_command: uk.chromis.kitchenscr.KitchenScr
java_class_path (initial): /usr/lib/jvm/bellsoft-java8-full.x86_64/jre/lib/ext/jfxrt.jar:/home/fam/NetBeansProjects/kylgis_Pos_Kitchen_Scr/lib/antlr-2.7.7.jar:/home/fam/NetBeansProjects/kylgis_Pos_Kitchen_Scr/lib/c3p0-0.9.2.1.jar:/home/fam/NetBeansProjects/kylgis_Pos_Kitchen_Scr/lib/derbyclient.jar:/home/fam/NetBeansProjects/kylgis_Pos_Kitchen_Scr/lib/dom4j-1.6.1.jar:/home/fam/NetBeansProjects/kylgis_Pos_Kitchen_Scr/lib/hibernate-c3p0-4.3.10.Final.jar:/home/fam/NetBeansProjects/kylgis_Pos_Kitchen_Scr/lib/hibernate-commons-annotations-4.0.5.Final.jar:/home/fam/NetBeansProjects/kylgis_Pos_Kitchen_Scr/lib/hibernate-core-4.3.10.Final.jar:/home/fam/NetBeansProjects/kylgis_Pos_Kitchen_Scr/lib/hibernate-jpa-2.1-api-1.0.0.Final.jar:/home/fam/NetBeansProjects/kylgis_Pos_Kitchen_Scr/lib/hsqldb.jar:/home/fam/NetBeansProjects/kylgis_Pos_Kitchen_Scr/lib/jandex-1.1.0.Final.jar:/home/fam/NetBeansProjects/kylgis_Pos_Kitchen_Scr/lib/javassist-3.18.1-GA.jar:/home/fam/NetBeansProjects/kylgis_Pos_Kitchen_Scr/lib/jboss-logging-3.1.3.GA.jar:/home/fam/NetBeansProjects/kylgis_Pos_Kitchen_Scr/lib/jboss-logging-annotations-1.2.0.Beta1.jar:/home/fam/NetBeansProjects/kylgis_Pos_Kitchen_Scr/lib/jboss-transaction-api_1.2_spec-1.0.0.Final.jar:/home/fam/NetBeansProjects/kylgis_Pos_Kitchen_Scr/lib/liquibase.jar:/home/fam/NetBeansProjects/kylgis_Pos_Kitchen_Scr/lib/mchange-commons-java-0.2.3.4.jar:/home/fam/NetBeansProjects/kylgis_Pos_Kitchen_Scr/lib/mysql-connector-java-5.1.26-bin.jar:/home/fam/NetBeansProjects/kylgis_Pos_Kitchen_Scr/lib/ojdbc6.jar:/home/fam/NetBeansProjects/kylgis_Pos_Kitchen_Scr/lib/postgresql-9.4-1201.jdbc4.jar:/home/fam/NetBeansProjects/kylgis_Pos_Kitchen_Scr/build/classes
Launcher Type: SUN_STANDARD

Environment Variables:
JAVA_HOME=/usr/lib/jvm/bellsoft-java8-full.x86_64
PATH=/usr/lib/jvm/bellsoft-java8-full.x86_64/bin:/home/fam/.local/bin:/home/fam/bin:/usr/local/sbin:/usr/local/bin:/usr/sbin:/usr/bin
USERNAME=fam
SHELL=/bin/bash
DISPLAY=:0

Signal Handlers:
SIGSEGV: [libjvm.so+0xb41ce0], sa_mask[0]=11111111011111111101111111111110, sa_flags=SA_RESTART|SA_SIGINFO
SIGBUS: [libjvm.so+0xb41ce0], sa_mask[0]=11111111011111111101111111111110, sa_flags=SA_RESTART|SA_SIGINFO
SIGFPE: [libjvm.so+0x969ed0], sa_mask[0]=11111111011111111101111111111110, sa_flags=SA_RESTART|SA_SIGINFO
SIGPIPE: SIG_IGN, sa_mask[0]=00000000000010000000000000000000, sa_flags=SA_RESTART
SIGXFSZ: [libjvm.so+0x969ed0], sa_mask[0]=11111111011111111101111111111110, sa_flags=SA_RESTART|SA_SIGINFO
SIGILL: [libjvm.so+0x969ed0], sa_mask[0]=11111111011111111101111111111110, sa_flags=SA_RESTART|SA_SIGINFO
SIGUSR1: SIG_DFL, sa_mask[0]=00000000000000000000000000000000, sa_flags=none
SIGUSR2: [libjvm.so+0x96a580], sa_mask[0]=00100000000000000000000000000000, sa_flags=SA_RESTART|SA_SIGINFO
SIGHUP: [libjvm.so+0x96a4c0], sa_mask[0]=11111111011111111101111111111110, sa_flags=SA_RESTART|SA_SIGINFO
SIGINT: [libjvm.so+0x96a4c0], sa_mask[0]=11111111011111111101111111111110, sa_flags=SA_RESTART|SA_SIGINFO
SIGTERM: [libjvm.so+0x96a4c0], sa_mask[0]=11111111011111111101111111111110, sa_flags=SA_RESTART|SA_SIGINFO
SIGQUIT: [libjvm.so+0x96a4c0], sa_mask[0]=11111111011111111101111111111110, sa_flags=SA_RESTART|SA_SIGINFO


---------------  S Y S T E M  ---------------

OS:Fedora release 44 (Forty Four)

uname:Linux 7.2.8-200.fc44.x86_64 #1 SMP PREEMPT_DYNAMIC Fri Sep 25 21:05:44 UTC 2026 x86_64
libc:glibc 2.43 NPTL 2.43 
rlimit: STACK 8192k, CORE infinity, NPROC 63167, NOFILE 1048576, AS infinity
load average:1.76 0.83 0.66

/proc/meminfo:
MemTotal:       16233576 kB
MemFree:          689716 kB
MemAvailable:    5236360 kB
Buffers:           14472 kB
Cached:          9420012 kB
SwapCached:         3140 kB
Active:          7164492 kB
Inactive:        6069276 kB
Active(anon):    6475780 kB
Inactive(anon):  2183676 kB
Active(file):     688712 kB
Inactive(file):  3885600 kB
Unevictable:     1007720 kB
Mlocked:            6200 kB
SwapTotal:       8388604 kB
SwapFree:        2842684 kB
Zswap:                 0 kB
Zswapped:              0 kB
Dirty:             17964 kB
Writeback:             0 kB
AnonPages:       4805680 kB
Mapped:           551116 kB
Shmem:           4854624 kB
KReclaimable:     307928 kB
Slab:             564676 kB
SReclaimable:     307928 kB
SUnreclaim:       256748 kB
KernelStack:       18672 kB
PageTables:        91424 kB
SecPageTables:         0 kB
NFS_Unstable:          0 kB
Bounce:                0 kB
WritebackTmp:          0 kB
CommitLimit:    16505392 kB
Committed_AS:   36335496 kB
VmallocTotal:   34359738367 kB
VmallocUsed:       75840 kB
VmallocChunk:          0 kB
Percpu:             4528 kB
HardwareCorrupted:     0 kB
AnonHugePages:         0 kB
ShmemHugePages:        0 kB
ShmemPmdMapped:        0 kB
FileHugePages:         0 kB
FilePmdMapped:         0 kB
CmaTotal:              0 kB
CmaFree:               0 kB
Unaccepted:            0 kB
Balloon:               0 kB
GPUActive:             0 kB
GPUReclaim:            0 kB
HugePages_Total:       0
HugePages_Free:        0
HugePages_Rsvd:        0
HugePages_Surp:        0
Hugepagesize:       2048 kB
Hugetlb:               0 kB
DirectMap4k:      182088 kB
DirectMap2M:    16465920 kB


CPU:total 4 (initial active 4) (2 cores per cpu, 2 threads per core) family 6 model 58 stepping 9, cmov, cx8, fxsr, mmx, sse, sse2, sse3, ssse3, sse4.1, sse4.2, popcnt, avx, clmul, erms, ht, tsc, tscinvbit, tscinv

/proc/cpuinfo:
processor	: 0
vendor_id	: GenuineIntel
cpu family	: 6
model		: 58
model name	: Intel(R) Core(TM) i3-3220 CPU @ 3.30GHz
stepping	: 9
microcode	: 0x21
cpu MHz		: 3292.451
cache size	: 3072 KB
physical id	: 0
siblings	: 4
core id		: 0
cpu cores	: 2
apicid		: 0
initial apicid	: 0
fpu		: yes
fpu_exception	: yes
cpuid level	: 13
wp		: yes
flags		: fpu vme de pse tsc msr pae mce cx8 apic sep mtrr pge mca cmov pat pse36 clflush dts acpi mmx fxsr sse sse2 ss ht tm pbe syscall nx rdtscp lm constant_tsc arch_perfmon pebs bts rep_good nopl xtopology nonstop_tsc cpuid aperfmperf pni pclmulqdq dtes64 monitor ds_cpl vmx est tm2 ssse3 cx16 xtpr pdcm pcid sse4_1 sse4_2 popcnt tsc_deadline_timer xsave avx f16c lahf_lm cpuid_fault epb pti ssbd ibrs ibpb stibp tpr_shadow flexpriority ept vpid fsgsbase smep erms xsaveopt dtherm arat pln pts vnmi md_clear flush_l1d
vmx flags	: vnmi preemption_timer invvpid ept_x_only flexpriority tsc_offset vtpr mtf vapic ept vpid unrestricted_guest
bugs		: cpu_meltdown spectre_v1 spectre_v2 spec_store_bypass l1tf mds swapgs itlb_multihit spectre_v2_user vmscape
bogomips	: 6584.86
clflush size	: 64
cache_alignment	: 64
address sizes	: 36 bits physical, 48 bits virtual
power management:

processor	: 1
vendor_id	: GenuineIntel
cpu family	: 6
model		: 58
model name	: Intel(R) Core(TM) i3-3220 CPU @ 3.30GHz
stepping	: 9
microcode	: 0x21
cpu MHz		: 3292.337
cache size	: 3072 KB
physical id	: 0
siblings	: 4
core id		: 1
cpu cores	: 2
apicid		: 2
initial apicid	: 2
fpu		: yes
fpu_exception	: yes
cpuid level	: 13
wp		: yes
flags		: fpu vme de pse tsc msr pae mce cx8 apic sep mtrr pge mca cmov pat pse36 clflush dts acpi mmx fxsr sse sse2 ss ht tm pbe syscall nx rdtscp lm constant_tsc arch_perfmon pebs bts rep_good nopl xtopology nonstop_tsc cpuid aperfmperf pni pclmulqdq dtes64 monitor ds_cpl vmx est tm2 ssse3 cx16 xtpr pdcm pcid sse4_1 sse4_2 popcnt tsc_deadline_timer xsave avx f16c lahf_lm cpuid_fault epb pti ssbd ibrs ibpb stibp tpr_shadow flexpriority ept vpid fsgsbase smep erms xsaveopt dtherm arat pln pts vnmi md_clear flush_l1d
vmx flags	: vnmi preemption_timer invvpid ept_x_only flexpriority tsc_offset vtpr mtf vapic ept vpid unrestricted_guest
bugs		: cpu_meltdown spectre_v1 spectre_v2 spec_store_bypass l1tf mds swapgs itlb_multihit spectre_v2_user vmscape
bogomips	: 6584.86
clflush size	: 64
cache_alignment	: 64
address sizes	: 36 bits physical, 48 bits virtual
power management:

processor	: 2
vendor_id	: GenuineIntel
cpu family	: 6
model		: 58
model name	: Intel(R) Core(TM) i3-3220 CPU @ 3.30GHz
stepping	: 9
microcode	: 0x21
cpu MHz		: 3292.452
cache size	: 3072 KB
physical id	: 0
siblings	: 4
core id		: 0
cpu cores	: 2
apicid		: 1
initial apicid	: 1
fpu		: yes
fpu_exception	: yes
cpuid level	: 13
wp		: yes
flags		: fpu vme de pse tsc msr pae mce cx8 apic sep mtrr pge mca cmov pat pse36 clflush dts acpi mmx fxsr sse sse2 ss ht tm pbe syscall nx rdtscp lm constant_tsc arch_perfmon pebs bts rep_good nopl xtopology nonstop_tsc cpuid aperfmperf pni pclmulqdq dtes64 monitor ds_cpl vmx est tm2 ssse3 cx16 xtpr pdcm pcid sse4_1 sse4_2 popcnt tsc_deadline_timer xsave avx f16c lahf_lm cpuid_fault epb pti ssbd ibrs ibpb stibp tpr_shadow flexpriority ept vpid fsgsbase smep erms xsaveopt dtherm arat pln pts vnmi md_clear flush_l1d
vmx flags	: vnmi preemption_timer invvpid ept_x_only flexpriority tsc_offset vtpr mtf vapic ept vpid unrestricted_guest
bugs		: cpu_meltdown spectre_v1 spectre_v2 spec_store_bypass l1tf mds swapgs itlb_multihit spectre_v2_user vmscape
bogomips	: 6584.86
clflush size	: 64
cache_alignment	: 64
address sizes	: 36 bits physical, 48 bits virtual
power management:

processor	: 3
vendor_id	: GenuineIntel
cpu family	: 6
model		: 58
model name	: Intel(R) Core(TM) i3-3220 CPU @ 3.30GHz
stepping	: 9
microcode	: 0x21
cpu MHz		: 3292.420
cache size	: 3072 KB
physical id	: 0
siblings	: 4
core id		: 1
cpu cores	: 2
apicid		: 3
initial apicid	: 3
fpu		: yes
fpu_exception	: yes
cpuid level	: 13
wp		: yes
flags		: fpu vme de pse tsc msr pae mce cx8 apic sep mtrr pge mca cmov pat pse36 clflush dts acpi mmx fxsr sse sse2 ss ht tm pbe syscall nx rdtscp lm constant_tsc arch_perfmon pebs bts rep_good nopl xtopology nonstop_tsc cpuid aperfmperf pni pclmulqdq dtes64 monitor ds_cpl vmx est tm2 ssse3 cx16 xtpr pdcm pcid sse4_1 sse4_2 popcnt tsc_deadline_timer xsave avx f16c lahf_lm cpuid_fault epb pti ssbd ibrs ibpb stibp tpr_shadow flexpriority ept vpid fsgsbase smep erms xsaveopt dtherm arat pln pts vnmi md_clear flush_l1d
vmx flags	: vnmi preemption_timer invvpid ept_x_only flexpriority tsc_offset vtpr mtf vapic ept vpid unrestricted_guest
bugs		: cpu_meltdown spectre_v1 spectre_v2 spec_store_bypass l1tf mds swapgs itlb_multihit spectre_v2_user vmscape
bogomips	: 6584.86
clflush size	: 64
cache_alignment	: 64
address sizes	: 36 bits physical, 48 bits virtual
power management:



Memory: 4k page, physical 16233576k(689716k free), swap 8388604k(2842684k free)

vm_info: OpenJDK 64-Bit Server VM (25.504-b01) for linux-amd64 JRE (1.8.0_504-b01), built on Aug 13 2026 15:22:00 by "re" with gcc 7.3.1 20180303 (Red Hat 7.3.1-5)

time: Sun Oct  4 08:24:14 2026
timezone: CST
elapsed time: 0.314214 seconds (0d 0h 0m 0s)

